2026-08-10 13:15:29 | INFO     | ss_crawler | [database] Database connected: localhost:5433/ss_market
2026-08-10 13:15:29 | INFO     | ss_crawler | [laptop_scraper] Scraping laptop category: /lv/electronics/computers/noutbooks/
2026-08-10 13:15:29 | INFO     | ss_crawler | [crawler] Fetching : https://www.ss.com/lv/electronics/computers/noutbooks/
2026-08-10 13:15:32 | INFO     | ss_crawler | [laptop_scraper] Found 54 laptop listings on page 1
2026-08-10 13:15:32 | INFO     | ss_crawler | [crawler] Fetching : https://www.ss.com/msg/lv/electronics/computers/noutbooks/mdjbi.html
2026-08-10 13:15:34 | ERROR    | ss_crawler | [database] Database transaction failed: (psycopg2.errors.UndefinedTable) relation "laptop_listings" does not exist
LINE 1: SELECT * FROM laptop_listings WHERE listing_id = 'mdjbi'
                      ^

[SQL: SELECT * FROM laptop_listings WHERE listing_id = %(id)s]
[parameters: {'id': 'mdjbi'}]
(Background on this error at: https://sqlalche.me/e/20/f405)
2026-08-10 13:15:34 | ERROR    | ss_crawler | [laptop_scraper] [ERROR] Error saving laptop mdjbi: (psycopg2.errors.UndefinedTable) relation "laptop_listings" does not exist
LINE 1: SELECT * FROM laptop_listings WHERE listing_id = 'mdjbi'
                      ^

[SQL: SELECT * FROM laptop_listings WHERE listing_id = %(id)s]
[parameters: {'id': 'mdjbi'}]
(Background on this error at: https://sqlalche.me/e/20/f405)
2026-08-10 13:15:34 | INFO     | ss_crawler | [crawler] Fetching : https://www.ss.com/msg/lv/electronics/computers/noutbooks/mdjbi.html
2026-08-10 13:15:37 | ERROR    | ss_crawler | [database] Database transaction failed: (psycopg2.errors.UndefinedTable) relation "laptop_listings" does not exist
LINE 1: SELECT * FROM laptop_listings WHERE listing_id = 'mdjbi'
                      ^

[SQL: SELECT * FROM laptop_listings WHERE listing_id = %(id)s]
[parameters: {'id': 'mdjbi'}]
(Background on this error at: https://sqlalche.me/e/20/f405)
2026-08-10 13:15:37 | ERROR    | ss_crawler | [laptop_scraper] [ERROR] Error saving laptop mdjbi: (psycopg2.errors.UndefinedTable) relation "laptop_listings" does not exist
LINE 1: SELECT * FROM laptop_listings WHERE listing_id = 'mdjbi'
                      ^

[SQL: SELECT * FROM laptop_listings WHERE listing_id = %(id)s]
[parameters: {'id': 'mdjbi'}]
(Background on this error at: https://sqlalche.me/e/20/f405)
2026-08-10 13:15:37 | INFO     | ss_crawler | [crawler] Fetching : https://www.ss.com/msg/lv/electronics/computers/noutbooks/ffkke.html
2026-08-10 13:15:39 | ERROR    | ss_crawler | [database] Database transaction failed: (psycopg2.errors.UndefinedTable) relation "laptop_listings" does not exist
LINE 1: SELECT * FROM laptop_listings WHERE listing_id = 'ffkke'
                      ^

[SQL: SELECT * FROM laptop_listings WHERE listing_id = %(id)s]
[parameters: {'id': 'ffkke'}]
(Background on this error at: https://sqlalche.me/e/20/f405)
2026-08-10 13:15:39 | ERROR    | ss_crawler | [laptop_scraper] [ERROR] Error saving laptop ffkke: (psycopg2.errors.UndefinedTable) relation "laptop_listings" does not exist
LINE 1: SELECT * FROM laptop_listings WHERE listing_id = 'ffkke'
                      ^

[SQL: SELECT * FROM laptop_listings WHERE listing_id = %(id)s]
[parameters: {'id': 'ffkke'}]
(Background on this error at: https://sqlalche.me/e/20/f405)
2026-08-10 13:15:39 | INFO     | ss_crawler | [crawler] Fetching : https://www.ss.com/msg/lv/electronics/computers/noutbooks/ffkke.html
2026-08-10 13:15:42 | ERROR    | ss_crawler | [database] Database transaction failed: (psycopg2.errors.UndefinedTable) relation "laptop_listings" does not exist
LINE 1: SELECT * FROM laptop_listings WHERE listing_id = 'ffkke'
                      ^

[SQL: SELECT * FROM laptop_listings WHERE listing_id = %(id)s]
[parameters: {'id': 'ffkke'}]
(Background on this error at: https://sqlalche.me/e/20/f405)
2026-08-10 13:15:42 | ERROR    | ss_crawler | [laptop_scraper] [ERROR] Error saving laptop ffkke: (psycopg2.errors.UndefinedTable) relation "laptop_listings" does not exist
LINE 1: SELECT * FROM laptop_listings WHERE listing_id = 'ffkke'
                      ^

[SQL: SELECT * FROM laptop_listings WHERE listing_id = %(id)s]
[parameters: {'id': 'ffkke'}]
(Background on this error at: https://sqlalche.me/e/20/f405)
2026-08-10 13:15:42 | INFO     | ss_crawler | [crawler] Fetching : https://www.ss.com/msg/lv/electronics/computers/noutbooks/pcene.html
2026-08-10 13:15:45 | ERROR    | ss_crawler | [database] Database transaction failed: (psycopg2.errors.UndefinedTable) relation "laptop_listings" does not exist
LINE 1: SELECT * FROM laptop_listings WHERE listing_id = 'pcene'
                      ^

[SQL: SELECT * FROM laptop_listings WHERE listing_id = %(id)s]
[parameters: {'id': 'pcene'}]
(Background on this error at: https://sqlalche.me/e/20/f405)
2026-08-10 13:15:45 | ERROR    | ss_crawler | [laptop_scraper] [ERROR] Error saving laptop pcene: (psycopg2.errors.UndefinedTable) relation "laptop_listings" does not exist
LINE 1: SELECT * FROM laptop_listings WHERE listing_id = 'pcene'
                      ^

[SQL: SELECT * FROM laptop_listings WHERE listing_id = %(id)s]
[parameters: {'id': 'pcene'}]
(Background on this error at: https://sqlalche.me/e/20/f405)
2026-08-10 13:15:45 | INFO     | ss_crawler | [crawler] Fetching : https://www.ss.com/msg/lv/electronics/computers/noutbooks/pcene.html
2026-08-10 13:15:48 | ERROR    | ss_crawler | [database] Database transaction failed: (psycopg2.errors.UndefinedTable) relation "laptop_listings" does not exist
LINE 1: SELECT * FROM laptop_listings WHERE listing_id = 'pcene'
                      ^

[SQL: SELECT * FROM laptop_listings WHERE listing_id = %(id)s]
[parameters: {'id': 'pcene'}]
(Background on this error at: https://sqlalche.me/e/20/f405)
2026-08-10 13:15:48 | ERROR    | ss_crawler | [laptop_scraper] [ERROR] Error saving laptop pcene: (psycopg2.errors.UndefinedTable) relation "laptop_listings" does not exist
LINE 1: SELECT * FROM laptop_listings WHERE listing_id = 'pcene'
                      ^

[SQL: SELECT * FROM laptop_listings WHERE listing_id = %(id)s]
[parameters: {'id': 'pcene'}]
(Background on this error at: https://sqlalche.me/e/20/f405)
2026-08-10 13:15:48 | INFO     | ss_crawler | [crawler] Fetching : https://www.ss.com/msg/lv/electronics/computers/noutbooks/kmdgk.html
2026-08-10 13:15:51 | ERROR    | ss_crawler | [database] Database transaction failed: (psycopg2.errors.UndefinedTable) relation "laptop_listings" does not exist
LINE 1: SELECT * FROM laptop_listings WHERE listing_id = 'kmdgk'
                      ^

[SQL: SELECT * FROM laptop_listings WHERE listing_id = %(id)s]
[parameters: {'id': 'kmdgk'}]
(Background on this error at: https://sqlalche.me/e/20/f405)
2026-08-10 13:15:51 | ERROR    | ss_crawler | [laptop_scraper] [ERROR] Error saving laptop kmdgk: (psycopg2.errors.UndefinedTable) relation "laptop_listings" does not exist
LINE 1: SELECT * FROM laptop_listings WHERE listing_id = 'kmdgk'
                      ^

[SQL: SELECT * FROM laptop_listings WHERE listing_id = %(id)s]
[parameters: {'id': 'kmdgk'}]
(Background on this error at: https://sqlalche.me/e/20/f405)
2026-08-10 13:15:51 | INFO     | ss_crawler | [crawler] Fetching : https://www.ss.com/msg/lv/electronics/computers/noutbooks/kmdgk.html
2026-08-10 13:15:54 | ERROR    | ss_crawler | [database] Database transaction failed: (psycopg2.errors.UndefinedTable) relation "laptop_listings" does not exist
LINE 1: SELECT * FROM laptop_listings WHERE listing_id = 'kmdgk'
                      ^

[SQL: SELECT * FROM laptop_listings WHERE listing_id = %(id)s]
[parameters: {'id': 'kmdgk'}]
(Background on this error at: https://sqlalche.me/e/20/f405)
2026-08-10 13:15:54 | ERROR    | ss_crawler | [laptop_scraper] [ERROR] Error saving laptop kmdgk: (psycopg2.errors.UndefinedTable) relation "laptop_listings" does not exist
LINE 1: SELECT * FROM laptop_listings WHERE listing_id = 'kmdgk'
                      ^

[SQL: SELECT * FROM laptop_listings WHERE listing_id = %(id)s]
[parameters: {'id': 'kmdgk'}]
(Background on this error at: https://sqlalche.me/e/20/f405)
2026-08-10 13:15:54 | INFO     | ss_crawler | [crawler] Fetching : https://www.ss.com/msg/lv/electronics/computers/noutbooks/cbbogn.html
2026-08-10 13:15:57 | ERROR    | ss_crawler | [database] Database transaction failed: (psycopg2.errors.UndefinedTable) relation "laptop_listings" does not exist
LINE 1: SELECT * FROM laptop_listings WHERE listing_id = 'cbbogn'
                      ^

[SQL: SELECT * FROM laptop_listings WHERE listing_id = %(id)s]
[parameters: {'id': 'cbbogn'}]
(Background on this error at: https://sqlalche.me/e/20/f405)
2026-08-10 13:15:57 | ERROR    | ss_crawler | [laptop_scraper] [ERROR] Error saving laptop cbbogn: (psycopg2.errors.UndefinedTable) relation "laptop_listings" does not exist
LINE 1: SELECT * FROM laptop_listings WHERE listing_id = 'cbbogn'
                      ^

[SQL: SELECT * FROM laptop_listings WHERE listing_id = %(id)s]
[parameters: {'id': 'cbbogn'}]
(Background on this error at: https://sqlalche.me/e/20/f405)
2026-08-10 13:15:57 | INFO     | ss_crawler | [crawler] Fetching : https://www.ss.com/msg/lv/electronics/computers/noutbooks/cbbogn.html
2026-08-10 13:15:59 | ERROR    | ss_crawler | [database] Database transaction failed: (psycopg2.errors.UndefinedTable) relation "laptop_listings" does not exist
LINE 1: SELECT * FROM laptop_listings WHERE listing_id = 'cbbogn'
                      ^

[SQL: SELECT * FROM laptop_listings WHERE listing_id = %(id)s]
[parameters: {'id': 'cbbogn'}]
(Background on this error at: https://sqlalche.me/e/20/f405)
2026-08-10 13:15:59 | ERROR    | ss_crawler | [laptop_scraper] [ERROR] Error saving laptop cbbogn: (psycopg2.errors.UndefinedTable) relation "laptop_listings" does not exist
LINE 1: SELECT * FROM laptop_listings WHERE listing_id = 'cbbogn'
                      ^

[SQL: SELECT * FROM laptop_listings WHERE listing_id = %(id)s]
[parameters: {'id': 'cbbogn'}]
(Background on this error at: https://sqlalche.me/e/20/f405)
2026-08-10 13:15:59 | INFO     | ss_crawler | [crawler] Fetching : https://www.ss.com/msg/lv/electronics/computers/noutbooks/geefg.html
2026-08-10 13:16:01 | ERROR    | ss_crawler | [database] Database transaction failed: (psycopg2.errors.UndefinedTable) relation "laptop_listings" does not exist
LINE 1: SELECT * FROM laptop_listings WHERE listing_id = 'geefg'
                      ^

[SQL: SELECT * FROM laptop_listings WHERE listing_id = %(id)s]
[parameters: {'id': 'geefg'}]
(Background on this error at: https://sqlalche.me/e/20/f405)
2026-08-10 13:16:01 | ERROR    | ss_crawler | [laptop_scraper] [ERROR] Error saving laptop geefg: (psycopg2.errors.UndefinedTable) relation "laptop_listings" does not exist
LINE 1: SELECT * FROM laptop_listings WHERE listing_id = 'geefg'
                      ^

[SQL: SELECT * FROM laptop_listings WHERE listing_id = %(id)s]
[parameters: {'id': 'geefg'}]
(Background on this error at: https://sqlalche.me/e/20/f405)
2026-08-10 13:16:01 | INFO     | ss_crawler | [crawler] Fetching : https://www.ss.com/msg/lv/electronics/computers/noutbooks/geefg.html
2026-08-10 13:16:03 | ERROR    | ss_crawler | [database] Database transaction failed: (psycopg2.errors.UndefinedTable) relation "laptop_listings" does not exist
LINE 1: SELECT * FROM laptop_listings WHERE listing_id = 'geefg'
                      ^

[SQL: SELECT * FROM laptop_listings WHERE listing_id = %(id)s]
[parameters: {'id': 'geefg'}]
(Background on this error at: https://sqlalche.me/e/20/f405)
2026-08-10 13:16:03 | ERROR    | ss_crawler | [laptop_scraper] [ERROR] Error saving laptop geefg: (psycopg2.errors.UndefinedTable) relation "laptop_listings" does not exist
LINE 1: SELECT * FROM laptop_listings WHERE listing_id = 'geefg'
                      ^

[SQL: SELECT * FROM laptop_listings WHERE listing_id = %(id)s]
[parameters: {'id': 'geefg'}]
(Background on this error at: https://sqlalche.me/e/20/f405)
2026-08-10 13:16:03 | INFO     | ss_crawler | [crawler] Fetching : https://www.ss.com/msg/lv/electronics/computers/noutbooks/kdxei.html
2026-08-10 13:16:06 | ERROR    | ss_crawler | [database] Database transaction failed: (psycopg2.errors.UndefinedTable) relation "laptop_listings" does not exist
LINE 1: SELECT * FROM laptop_listings WHERE listing_id = 'kdxei'
                      ^

[SQL: SELECT * FROM laptop_listings WHERE listing_id = %(id)s]
[parameters: {'id': 'kdxei'}]
(Background on this error at: https://sqlalche.me/e/20/f405)
2026-08-10 13:16:06 | ERROR    | ss_crawler | [laptop_scraper] [ERROR] Error saving laptop kdxei: (psycopg2.errors.UndefinedTable) relation "laptop_listings" does not exist
LINE 1: SELECT * FROM laptop_listings WHERE listing_id = 'kdxei'
                      ^

[SQL: SELECT * FROM laptop_listings WHERE listing_id = %(id)s]
[parameters: {'id': 'kdxei'}]
(Background on this error at: https://sqlalche.me/e/20/f405)
2026-08-10 13:16:06 | INFO     | ss_crawler | [crawler] Fetching : https://www.ss.com/msg/lv/electronics/computers/noutbooks/kdxei.html
2026-08-10 13:16:08 | ERROR    | ss_crawler | [database] Database transaction failed: (psycopg2.errors.UndefinedTable) relation "laptop_listings" does not exist
LINE 1: SELECT * FROM laptop_listings WHERE listing_id = 'kdxei'
                      ^

[SQL: SELECT * FROM laptop_listings WHERE listing_id = %(id)s]
[parameters: {'id': 'kdxei'}]
(Background on this error at: https://sqlalche.me/e/20/f405)
2026-08-10 13:16:08 | ERROR    | ss_crawler | [laptop_scraper] [ERROR] Error saving laptop kdxei: (psycopg2.errors.UndefinedTable) relation "laptop_listings" does not exist
LINE 1: SELECT * FROM laptop_listings WHERE listing_id = 'kdxei'
                      ^

[SQL: SELECT * FROM laptop_listings WHERE listing_id = %(id)s]
[parameters: {'id': 'kdxei'}]
(Background on this error at: https://sqlalche.me/e/20/f405)
2026-08-10 13:16:08 | INFO     | ss_crawler | [crawler] Fetching : https://www.ss.com/msg/lv/electronics/computers/noutbooks/emgln.html
2026-08-10 13:16:11 | ERROR    | ss_crawler | [database] Database transaction failed: (psycopg2.errors.UndefinedTable) relation "laptop_listings" does not exist
LINE 1: SELECT * FROM laptop_listings WHERE listing_id = 'emgln'
                      ^

[SQL: SELECT * FROM laptop_listings WHERE listing_id = %(id)s]
[parameters: {'id': 'emgln'}]
(Background on this error at: https://sqlalche.me/e/20/f405)
2026-08-10 13:16:11 | ERROR    | ss_crawler | [laptop_scraper] [ERROR] Error saving laptop emgln: (psycopg2.errors.UndefinedTable) relation "laptop_listings" does not exist
LINE 1: SELECT * FROM laptop_listings WHERE listing_id = 'emgln'
                      ^

[SQL: SELECT * FROM laptop_listings WHERE listing_id = %(id)s]
[parameters: {'id': 'emgln'}]
(Background on this error at: https://sqlalche.me/e/20/f405)
2026-08-10 13:16:11 | INFO     | ss_crawler | [crawler] Fetching : https://www.ss.com/msg/lv/electronics/computers/noutbooks/emgln.html
2026-08-10 13:16:14 | ERROR    | ss_crawler | [database] Database transaction failed: (psycopg2.errors.UndefinedTable) relation "laptop_listings" does not exist
LINE 1: SELECT * FROM laptop_listings WHERE listing_id = 'emgln'
                      ^

[SQL: SELECT * FROM laptop_listings WHERE listing_id = %(id)s]
[parameters: {'id': 'emgln'}]
(Background on this error at: https://sqlalche.me/e/20/f405)
2026-08-10 13:16:14 | ERROR    | ss_crawler | [laptop_scraper] [ERROR] Error saving laptop emgln: (psycopg2.errors.UndefinedTable) relation "laptop_listings" does not exist
LINE 1: SELECT * FROM laptop_listings WHERE listing_id = 'emgln'
                      ^

[SQL: SELECT * FROM laptop_listings WHERE listing_id = %(id)s]
[parameters: {'id': 'emgln'}]
(Background on this error at: https://sqlalche.me/e/20/f405)
2026-08-10 13:16:14 | INFO     | ss_crawler | [crawler] Fetching : https://www.ss.com/msg/lv/electronics/computers/noutbooks/kidkp.html
2026-08-10 13:16:17 | ERROR    | ss_crawler | [database] Database transaction failed: (psycopg2.errors.UndefinedTable) relation "laptop_listings" does not exist
LINE 1: SELECT * FROM laptop_listings WHERE listing_id = 'kidkp'
                      ^

[SQL: SELECT * FROM laptop_listings WHERE listing_id = %(id)s]
[parameters: {'id': 'kidkp'}]
(Background on this error at: https://sqlalche.me/e/20/f405)
2026-08-10 13:16:17 | ERROR    | ss_crawler | [laptop_scraper] [ERROR] Error saving laptop kidkp: (psycopg2.errors.UndefinedTable) relation "laptop_listings" does not exist
LINE 1: SELECT * FROM laptop_listings WHERE listing_id = 'kidkp'
                      ^

[SQL: SELECT * FROM laptop_listings WHERE listing_id = %(id)s]
[parameters: {'id': 'kidkp'}]
(Background on this error at: https://sqlalche.me/e/20/f405)
2026-08-10 13:16:17 | INFO     | ss_crawler | [crawler] Fetching : https://www.ss.com/msg/lv/electronics/computers/noutbooks/kidkp.html
2026-08-10 13:16:17 | INFO     | ss_crawler | [database] Database connected: localhost:5433/ss_market
2026-08-10 13:16:19 | ERROR    | ss_crawler | [database] Database transaction failed: (psycopg2.errors.UndefinedTable) relation "laptop_listings" does not exist
LINE 1: SELECT * FROM laptop_listings WHERE listing_id = 'kidkp'
                      ^

[SQL: SELECT * FROM laptop_listings WHERE listing_id = %(id)s]
[parameters: {'id': 'kidkp'}]
(Background on this error at: https://sqlalche.me/e/20/f405)
2026-08-10 13:16:19 | ERROR    | ss_crawler | [laptop_scraper] [ERROR] Error saving laptop kidkp: (psycopg2.errors.UndefinedTable) relation "laptop_listings" does not exist
LINE 1: SELECT * FROM laptop_listings WHERE listing_id = 'kidkp'
                      ^

[SQL: SELECT * FROM laptop_listings WHERE listing_id = %(id)s]
[parameters: {'id': 'kidkp'}]
(Background on this error at: https://sqlalche.me/e/20/f405)
2026-08-10 13:16:19 | INFO     | ss_crawler | [crawler] Fetching : https://www.ss.com/msg/lv/electronics/computers/noutbooks/elkbl.html
2026-08-10 13:16:22 | ERROR    | ss_crawler | [database] Database transaction failed: (psycopg2.errors.UndefinedTable) relation "laptop_listings" does not exist
LINE 1: SELECT * FROM laptop_listings WHERE listing_id = 'elkbl'
                      ^

[SQL: SELECT * FROM laptop_listings WHERE listing_id = %(id)s]
[parameters: {'id': 'elkbl'}]
(Background on this error at: https://sqlalche.me/e/20/f405)
2026-08-10 13:16:22 | ERROR    | ss_crawler | [laptop_scraper] [ERROR] Error saving laptop elkbl: (psycopg2.errors.UndefinedTable) relation "laptop_listings" does not exist
LINE 1: SELECT * FROM laptop_listings WHERE listing_id = 'elkbl'
                      ^

[SQL: SELECT * FROM laptop_listings WHERE listing_id = %(id)s]
[parameters: {'id': 'elkbl'}]
(Background on this error at: https://sqlalche.me/e/20/f405)
2026-08-10 13:16:22 | INFO     | ss_crawler | [crawler] Fetching : https://www.ss.com/msg/lv/electronics/computers/noutbooks/elkbl.html
2026-08-10 13:16:24 | INFO     | ss_crawler | [database] Database connected: localhost:5433/ss_market
2026-08-10 13:16:24 | INFO     | ss_crawler | [laptop_scraper] [NEW] LAPTOP elkbl: Dell Vostro 15 €150.0
2026-08-10 13:16:24 | INFO     | ss_crawler | [image_downloader] Downloaded image for elkbl (stored as elkbl_3d373b05.jpg, 127439 bytes)
2026-08-10 13:16:24 | INFO     | ss_crawler | [laptop_scraper] Image saved locally: laptops\elkbl_3d373b05.jpg
2026-08-10 13:16:24 | INFO     | ss_crawler | [crawler] Fetching : https://www.ss.com/msg/lv/electronics/computers/noutbooks/jbhep.html
2026-08-10 13:16:27 | INFO     | ss_crawler | [laptop_scraper] [NEW] LAPTOP jbhep: Lenovo/IBM Ideapad €150.0
2026-08-10 13:16:28 | INFO     | ss_crawler | [image_downloader] Downloaded image for jbhep (stored as jbhep_c102bcb8.jpg, 92456 bytes)
2026-08-10 13:16:28 | INFO     | ss_crawler | [laptop_scraper] Image saved locally: laptops\jbhep_c102bcb8.jpg
2026-08-10 13:16:28 | INFO     | ss_crawler | [crawler] Fetching : https://www.ss.com/msg/lv/electronics/computers/noutbooks/jbhep.html
2026-08-10 13:16:28 | INFO     | ss_crawler | [database] Database connected: localhost:5433/ss_market
2026-08-10 13:16:28 | INFO     | ss_crawler | [laptop_scraper] Scraping laptop category: /lv/electronics/computers/noutbooks/
2026-08-10 13:16:28 | INFO     | ss_crawler | [crawler] Fetching : https://www.ss.com/lv/electronics/computers/noutbooks/
2026-08-10 13:16:29 | INFO     | ss_crawler | [laptop_scraper] [UNCHANGED] LAPTOP jbhep
2026-08-10 13:16:29 | INFO     | ss_crawler | [laptop_scraper] Listing limit reached: 3
2026-08-10 13:16:30 | INFO     | ss_crawler | [laptop_scraper] Found 54 laptop listings on page 1
2026-08-10 13:16:30 | INFO     | ss_crawler | [crawler] Fetching : https://www.ss.com/msg/lv/electronics/computers/noutbooks/ipllp.html
2026-08-10 13:16:32 | INFO     | ss_crawler | [laptop_scraper] [NEW] LAPTOP ipllp: Msi Modern 15 F13 €259.0
2026-08-10 13:16:32 | INFO     | ss_crawler | [image_downloader] Downloaded image for ipllp (stored as ipllp_fb270251.jpg, 56843 bytes)
2026-08-10 13:16:32 | INFO     | ss_crawler | [laptop_scraper] Image saved locally: laptops\ipllp_fb270251.jpg
2026-08-10 13:16:32 | INFO     | ss_crawler | [crawler] Fetching : https://www.ss.com/msg/lv/electronics/computers/noutbooks/ipllp.html
2026-08-10 13:16:34 | INFO     | ss_crawler | [laptop_scraper] [UNCHANGED] LAPTOP ipllp
2026-08-10 13:16:34 | INFO     | ss_crawler | [crawler] Fetching : https://www.ss.com/msg/lv/electronics/computers/noutbooks/mdjbi.html
2026-08-10 13:16:36 | INFO     | ss_crawler | [laptop_scraper] [NEW] LAPTOP mdjbi: Apple Macbook Pro €1100.0
2026-08-10 13:16:36 | INFO     | ss_crawler | [image_downloader] Downloaded image for mdjbi (stored as mdjbi_6195807a.jpg, 89410 bytes)
2026-08-10 13:16:36 | INFO     | ss_crawler | [laptop_scraper] Image saved locally: laptops\mdjbi_6195807a.jpg
2026-08-10 13:16:36 | INFO     | ss_crawler | [laptop_scraper] Listing limit reached: 3
2026-08-10 13:17:13 | INFO     | ss_crawler | [database] Database connected: localhost:5433/ss_market
2026-08-10 13:17:20 | INFO     | ss_crawler | [database] Database connected: localhost:5433/ss_market
2026-08-10 13:17:20 | INFO     | ss_crawler | [laptop_scraper] Scraping laptop category: /lv/electronics/computers/noutbooks/
2026-08-10 13:17:20 | INFO     | ss_crawler | [crawler] Fetching : https://www.ss.com/lv/electronics/computers/noutbooks/
2026-08-10 13:17:23 | INFO     | ss_crawler | [laptop_scraper] Found 54 laptop listings on page 1
2026-08-10 13:17:23 | INFO     | ss_crawler | [crawler] Fetching : https://www.ss.com/msg/lv/electronics/computers/noutbooks/ipllp.html
2026-08-10 13:17:27 | INFO     | ss_crawler | [laptop_scraper] [UNCHANGED] LAPTOP ipllp
2026-08-10 13:17:27 | INFO     | ss_crawler | [crawler] Fetching : https://www.ss.com/msg/lv/electronics/computers/noutbooks/ipllp.html
2026-08-10 13:17:30 | INFO     | ss_crawler | [laptop_scraper] [UNCHANGED] LAPTOP ipllp
2026-08-10 13:17:30 | INFO     | ss_crawler | [crawler] Fetching : https://www.ss.com/msg/lv/electronics/computers/noutbooks/mdjbi.html
2026-08-10 13:17:32 | INFO     | ss_crawler | [laptop_scraper] [UNCHANGED] LAPTOP mdjbi
2026-08-10 13:17:32 | INFO     | ss_crawler | [crawler] Fetching : https://www.ss.com/msg/lv/electronics/computers/noutbooks/mdjbi.html
2026-08-10 13:17:35 | INFO     | ss_crawler | [laptop_scraper] [UNCHANGED] LAPTOP mdjbi
2026-08-10 13:17:35 | INFO     | ss_crawler | [crawler] Fetching : https://www.ss.com/msg/lv/electronics/computers/noutbooks/ffkke.html
2026-08-10 13:17:37 | INFO     | ss_crawler | [laptop_scraper] [NEW] LAPTOP ffkke: Apple Macbook Air €119.0
2026-08-10 13:17:37 | INFO     | ss_crawler | [image_downloader] Downloaded image for ffkke (stored as ffkke_f8b9c1f1.jpg, 35102 bytes)
2026-08-10 13:17:37 | INFO     | ss_crawler | [laptop_scraper] Image saved locally: laptops\ffkke_f8b9c1f1.jpg
2026-08-10 13:17:37 | INFO     | ss_crawler | [crawler] Fetching : https://www.ss.com/msg/lv/electronics/computers/noutbooks/ffkke.html
2026-08-10 13:17:40 | INFO     | ss_crawler | [laptop_scraper] [UNCHANGED] LAPTOP ffkke
2026-08-10 13:17:40 | INFO     | ss_crawler | [crawler] Fetching : https://www.ss.com/msg/lv/electronics/computers/noutbooks/pcene.html
2026-08-10 13:17:42 | INFO     | ss_crawler | [laptop_scraper] [NEW] LAPTOP pcene: Lenovo/IBM W540 €200.0
2026-08-10 13:17:42 | INFO     | ss_crawler | [image_downloader] Downloaded image for pcene (stored as pcene_13316692.jpg, 68174 bytes)
2026-08-10 13:17:42 | INFO     | ss_crawler | [laptop_scraper] Image saved locally: laptops\pcene_13316692.jpg
2026-08-10 13:17:42 | INFO     | ss_crawler | [crawler] Fetching : https://www.ss.com/msg/lv/electronics/computers/noutbooks/pcene.html
2026-08-10 13:17:44 | INFO     | ss_crawler | [laptop_scraper] [UNCHANGED] LAPTOP pcene
2026-08-10 13:17:44 | INFO     | ss_crawler | [crawler] Fetching : https://www.ss.com/msg/lv/electronics/computers/noutbooks/kmdgk.html
2026-08-10 13:17:47 | INFO     | ss_crawler | [laptop_scraper] [NEW] LAPTOP kmdgk: Msi Gf63 €249.0
2026-08-10 13:17:48 | INFO     | ss_crawler | [image_downloader] Downloaded image for kmdgk (stored as kmdgk_1e078760.jpg, 35951 bytes)
2026-08-10 13:17:48 | INFO     | ss_crawler | [laptop_scraper] Image saved locally: laptops\kmdgk_1e078760.jpg
2026-08-10 13:17:48 | INFO     | ss_crawler | [crawler] Fetching : https://www.ss.com/msg/lv/electronics/computers/noutbooks/kmdgk.html
2026-08-10 13:17:49 | INFO     | ss_crawler | [laptop_scraper] [UNCHANGED] LAPTOP kmdgk
2026-08-10 13:17:49 | INFO     | ss_crawler | [crawler] Fetching : https://www.ss.com/msg/lv/electronics/computers/noutbooks/cbbogn.html
2026-08-10 13:17:51 | INFO     | ss_crawler | [laptop_scraper] [NEW] LAPTOP cbbogn: HP 22H2 €90.0
2026-08-10 13:17:51 | INFO     | ss_crawler | [image_downloader] Downloaded image for cbbogn (stored as cbbogn_99a78151.jpg, 99679 bytes)
2026-08-10 13:17:51 | INFO     | ss_crawler | [laptop_scraper] Image saved locally: laptops\cbbogn_99a78151.jpg
2026-08-10 13:17:51 | INFO     | ss_crawler | [crawler] Fetching : https://www.ss.com/msg/lv/electronics/computers/noutbooks/cbbogn.html
2026-08-10 13:17:53 | INFO     | ss_crawler | [laptop_scraper] [UNCHANGED] LAPTOP cbbogn
2026-08-10 13:17:53 | INFO     | ss_crawler | [crawler] Fetching : https://www.ss.com/msg/lv/electronics/computers/noutbooks/geefg.html
2026-08-10 13:17:56 | INFO     | ss_crawler | [laptop_scraper] [NEW] LAPTOP geefg: Lenovo/IBM Ideapad slim5 €359.0
2026-08-10 13:17:56 | INFO     | ss_crawler | [image_downloader] Downloaded image for geefg (stored as geefg_9f804493.jpg, 76794 bytes)
2026-08-10 13:17:56 | INFO     | ss_crawler | [laptop_scraper] Image saved locally: laptops\geefg_9f804493.jpg
2026-08-10 13:17:56 | INFO     | ss_crawler | [crawler] Fetching : https://www.ss.com/msg/lv/electronics/computers/noutbooks/geefg.html
2026-08-10 13:17:59 | INFO     | ss_crawler | [laptop_scraper] [UNCHANGED] LAPTOP geefg
2026-08-10 13:17:59 | INFO     | ss_crawler | [crawler] Fetching : https://www.ss.com/msg/lv/electronics/computers/noutbooks/kdxei.html
2026-08-10 13:18:01 | INFO     | ss_crawler | [laptop_scraper] [NEW] LAPTOP kdxei: Asus E406Ma €125.0
2026-08-10 13:18:02 | INFO     | ss_crawler | [image_downloader] Downloaded image for kdxei (stored as kdxei_0a9081f0.jpg, 91579 bytes)
2026-08-10 13:18:02 | INFO     | ss_crawler | [laptop_scraper] Image saved locally: laptops\kdxei_0a9081f0.jpg
2026-08-10 13:18:02 | INFO     | ss_crawler | [crawler] Fetching : https://www.ss.com/msg/lv/electronics/computers/noutbooks/kdxei.html
2026-08-10 13:18:04 | INFO     | ss_crawler | [laptop_scraper] [UNCHANGED] LAPTOP kdxei
2026-08-10 13:18:04 | INFO     | ss_crawler | [crawler] Fetching : https://www.ss.com/msg/lv/electronics/computers/noutbooks/emgln.html
2026-08-10 13:18:08 | INFO     | ss_crawler | [laptop_scraper] [NEW] LAPTOP emgln: Dell Xps 15 z €85.0
2026-08-10 13:18:08 | INFO     | ss_crawler | [image_downloader] Downloaded image for emgln (stored as emgln_78d2698b.jpg, 83681 bytes)
2026-08-10 13:18:08 | INFO     | ss_crawler | [laptop_scraper] Image saved locally: laptops\emgln_78d2698b.jpg
2026-08-10 13:18:08 | INFO     | ss_crawler | [crawler] Fetching : https://www.ss.com/msg/lv/electronics/computers/noutbooks/emgln.html
2026-08-10 13:18:11 | INFO     | ss_crawler | [laptop_scraper] [UNCHANGED] LAPTOP emgln
2026-08-10 13:18:11 | INFO     | ss_crawler | [crawler] Fetching : https://www.ss.com/msg/lv/electronics/computers/noutbooks/kidkp.html
2026-08-10 13:18:13 | INFO     | ss_crawler | [laptop_scraper] [NEW] LAPTOP kidkp: Cits Surface go2 €379.0
2026-08-10 13:18:13 | INFO     | ss_crawler | [image_downloader] Downloaded image for kidkp (stored as kidkp_95f6cdfa.jpg, 46938 bytes)
2026-08-10 13:18:13 | INFO     | ss_crawler | [laptop_scraper] Image saved locally: laptops\kidkp_95f6cdfa.jpg
2026-08-10 13:18:13 | INFO     | ss_crawler | [crawler] Fetching : https://www.ss.com/msg/lv/electronics/computers/noutbooks/kidkp.html
2026-08-10 13:18:15 | INFO     | ss_crawler | [laptop_scraper] [UNCHANGED] LAPTOP kidkp
2026-08-10 13:18:15 | INFO     | ss_crawler | [crawler] Fetching : https://www.ss.com/msg/lv/electronics/computers/noutbooks/elkbl.html
2026-08-10 13:18:18 | INFO     | ss_crawler | [laptop_scraper] [UNCHANGED] LAPTOP elkbl
2026-08-10 13:18:18 | INFO     | ss_crawler | [crawler] Fetching : https://www.ss.com/msg/lv/electronics/computers/noutbooks/elkbl.html
2026-08-10 13:18:20 | INFO     | ss_crawler | [laptop_scraper] [UNCHANGED] LAPTOP elkbl
2026-08-10 13:18:20 | INFO     | ss_crawler | [crawler] Fetching : https://www.ss.com/msg/lv/electronics/computers/noutbooks/jbhep.html
2026-08-10 13:18:23 | INFO     | ss_crawler | [laptop_scraper] [UNCHANGED] LAPTOP jbhep
2026-08-10 13:18:23 | INFO     | ss_crawler | [crawler] Fetching : https://www.ss.com/msg/lv/electronics/computers/noutbooks/jbhep.html
2026-08-10 13:18:27 | INFO     | ss_crawler | [laptop_scraper] [UNCHANGED] LAPTOP jbhep
2026-08-10 13:18:27 | INFO     | ss_crawler | [crawler] Fetching : https://www.ss.com/msg/lv/electronics/computers/noutbooks/kmfcp.html
2026-08-10 13:18:29 | INFO     | ss_crawler | [laptop_scraper] [NEW] LAPTOP kmfcp: Asus X5dc €26.0
2026-08-10 13:18:30 | INFO     | ss_crawler | [image_downloader] Downloaded image for kmfcp (stored as kmfcp_a2b9b9ae.jpg, 100457 bytes)
2026-08-10 13:18:30 | INFO     | ss_crawler | [laptop_scraper] Image saved locally: laptops\kmfcp_a2b9b9ae.jpg
2026-08-10 13:18:30 | INFO     | ss_crawler | [crawler] Fetching : https://www.ss.com/msg/lv/electronics/computers/noutbooks/kmfcp.html
2026-08-10 13:18:33 | INFO     | ss_crawler | [laptop_scraper] [UNCHANGED] LAPTOP kmfcp
2026-08-10 13:18:33 | INFO     | ss_crawler | [crawler] Fetching : https://www.ss.com/msg/lv/electronics/computers/noutbooks/jcmbb.html
2026-08-10 13:18:36 | INFO     | ss_crawler | [laptop_scraper] [NEW] LAPTOP jcmbb: HP Pro 450 G10 €480.0
2026-08-10 13:18:36 | INFO     | ss_crawler | [image_downloader] Downloaded image for jcmbb (stored as jcmbb_7f76783c.jpg, 73685 bytes)
2026-08-10 13:18:36 | INFO     | ss_crawler | [laptop_scraper] Image saved locally: laptops\jcmbb_7f76783c.jpg
2026-08-10 13:18:36 | INFO     | ss_crawler | [crawler] Fetching : https://www.ss.com/msg/lv/electronics/computers/noutbooks/jcmbb.html
2026-08-10 13:18:38 | INFO     | ss_crawler | [laptop_scraper] [UNCHANGED] LAPTOP jcmbb
2026-08-10 13:18:38 | INFO     | ss_crawler | [crawler] Fetching : https://www.ss.com/msg/lv/electronics/computers/noutbooks/kbfmj.html
2026-08-10 13:18:40 | INFO     | ss_crawler | [laptop_scraper] [NEW] LAPTOP kbfmj: Acer Nitro V15 €690.0
2026-08-10 13:18:40 | INFO     | ss_crawler | [image_downloader] Downloaded image for kbfmj (stored as kbfmj_393d4a8a.jpg, 55962 bytes)
2026-08-10 13:18:40 | INFO     | ss_crawler | [laptop_scraper] Image saved locally: laptops\kbfmj_393d4a8a.jpg
2026-08-10 13:18:40 | INFO     | ss_crawler | [crawler] Fetching : https://www.ss.com/msg/lv/electronics/computers/noutbooks/kbfmj.html
2026-08-10 13:18:43 | INFO     | ss_crawler | [laptop_scraper] [UNCHANGED] LAPTOP kbfmj
2026-08-10 13:18:43 | INFO     | ss_crawler | [crawler] Fetching : https://www.ss.com/msg/lv/electronics/computers/noutbooks/fnlnb.html
2026-08-10 13:18:45 | INFO     | ss_crawler | [laptop_scraper] [NEW] LAPTOP fnlnb: Asus Fx516pe €370.0
2026-08-10 13:18:45 | INFO     | ss_crawler | [image_downloader] Downloaded image for fnlnb (stored as fnlnb_8ee4593f.jpg, 101803 bytes)
2026-08-10 13:18:45 | INFO     | ss_crawler | [laptop_scraper] Image saved locally: laptops\fnlnb_8ee4593f.jpg
2026-08-10 13:18:45 | INFO     | ss_crawler | [crawler] Fetching : https://www.ss.com/msg/lv/electronics/computers/noutbooks/fnlnb.html
2026-08-10 13:18:47 | INFO     | ss_crawler | [laptop_scraper] [UNCHANGED] LAPTOP fnlnb
2026-08-10 13:18:47 | INFO     | ss_crawler | [crawler] Fetching : https://www.ss.com/msg/lv/electronics/computers/noutbooks/kboig.html
2026-08-10 13:18:49 | INFO     | ss_crawler | [laptop_scraper] [NEW] LAPTOP kboig: HP Envy x360 13 €190.0
2026-08-10 13:18:49 | INFO     | ss_crawler | [image_downloader] Downloaded image for kboig (stored as kboig_31b7da66.jpg, 65122 bytes)
2026-08-10 13:18:49 | INFO     | ss_crawler | [laptop_scraper] Image saved locally: laptops\kboig_31b7da66.jpg
2026-08-10 13:18:49 | INFO     | ss_crawler | [crawler] Fetching : https://www.ss.com/msg/lv/electronics/computers/noutbooks/kboig.html
2026-08-10 13:18:49 | INFO     | ss_crawler | [database] Database connected: localhost:5433/ss_market
2026-08-10 13:18:49 | INFO     | ss_crawler | [laptop_scraper] Scraping laptop category: /lv/electronics/computers/noutbooks/
2026-08-10 13:18:49 | INFO     | ss_crawler | [crawler] Fetching : https://www.ss.com/lv/electronics/computers/noutbooks/
2026-08-10 13:18:53 | INFO     | ss_crawler | [laptop_scraper] Found 27 laptop listings on page 1
2026-08-10 13:18:53 | INFO     | ss_crawler | [crawler] Fetching : https://www.ss.com/msg/lv/electronics/computers/noutbooks/ipllp.html
2026-08-10 13:18:53 | INFO     | ss_crawler | [laptop_scraper] [UNCHANGED] LAPTOP kboig
2026-08-10 13:18:53 | INFO     | ss_crawler | [crawler] Fetching : https://www.ss.com/msg/lv/electronics/computers/noutbooks/kbmlg.html
2026-08-10 13:18:56 | INFO     | ss_crawler | [laptop_scraper] [NEW] LAPTOP kbmlg: Asus Zenbook ux3402 €569.0
2026-08-10 13:18:56 | INFO     | ss_crawler | [laptop_scraper] [UNCHANGED] LAPTOP ipllp
2026-08-10 13:18:56 | INFO     | ss_crawler | [crawler] Fetching : https://www.ss.com/msg/lv/electronics/computers/noutbooks/mdjbi.html
2026-08-10 13:18:57 | INFO     | ss_crawler | [image_downloader] Downloaded image for kbmlg (stored as kbmlg_fd4d236d.jpg, 38649 bytes)
2026-08-10 13:18:57 | INFO     | ss_crawler | [laptop_scraper] Image saved locally: laptops\kbmlg_fd4d236d.jpg
2026-08-10 13:18:57 | INFO     | ss_crawler | [crawler] Fetching : https://www.ss.com/msg/lv/electronics/computers/noutbooks/kbmlg.html
2026-08-10 13:18:59 | INFO     | ss_crawler | [laptop_scraper] [UNCHANGED] LAPTOP mdjbi
2026-08-10 13:18:59 | INFO     | ss_crawler | [crawler] Fetching : https://www.ss.com/msg/lv/electronics/computers/noutbooks/ffkke.html
2026-08-10 13:19:00 | INFO     | ss_crawler | [laptop_scraper] [UNCHANGED] LAPTOP kbmlg
2026-08-10 13:19:00 | INFO     | ss_crawler | [crawler] Fetching : https://www.ss.com/msg/lv/electronics/computers/noutbooks/klfbb.html
2026-08-10 13:19:02 | INFO     | ss_crawler | [laptop_scraper] [UNCHANGED] LAPTOP ffkke
2026-08-10 13:19:02 | INFO     | ss_crawler | [crawler] Fetching : https://www.ss.com/msg/lv/electronics/computers/noutbooks/pcene.html
2026-08-10 13:19:02 | INFO     | ss_crawler | [laptop_scraper] [NEW] LAPTOP klfbb: HP X360 435 G10 €350.0
2026-08-10 13:19:03 | INFO     | ss_crawler | [image_downloader] Downloaded image for klfbb (stored as klfbb_d6111656.jpg, 108610 bytes)
2026-08-10 13:19:03 | INFO     | ss_crawler | [laptop_scraper] Image saved locally: laptops\klfbb_d6111656.jpg
2026-08-10 13:19:03 | INFO     | ss_crawler | [crawler] Fetching : https://www.ss.com/msg/lv/electronics/computers/noutbooks/klfbb.html
2026-08-10 13:19:05 | INFO     | ss_crawler | [laptop_scraper] [UNCHANGED] LAPTOP pcene
2026-08-10 13:19:05 | INFO     | ss_crawler | [crawler] Fetching : https://www.ss.com/msg/lv/electronics/computers/noutbooks/kmdgk.html
2026-08-10 13:19:06 | INFO     | ss_crawler | [laptop_scraper] [UNCHANGED] LAPTOP klfbb
2026-08-10 13:19:06 | INFO     | ss_crawler | [crawler] Fetching : https://www.ss.com/msg/lv/electronics/computers/noutbooks/kbdle.html
2026-08-10 13:19:08 | INFO     | ss_crawler | [laptop_scraper] [UNCHANGED] LAPTOP kmdgk
2026-08-10 13:19:08 | INFO     | ss_crawler | [crawler] Fetching : https://www.ss.com/msg/lv/electronics/computers/noutbooks/cbbogn.html
2026-08-10 13:19:08 | INFO     | ss_crawler | [laptop_scraper] [NEW] LAPTOP kbdle: Lenovo/IBM L16 Gen 2 €939.0
2026-08-10 13:19:08 | INFO     | ss_crawler | [image_downloader] Downloaded image for kbdle (stored as kbdle_c3c337dd.jpg, 67756 bytes)
2026-08-10 13:19:08 | INFO     | ss_crawler | [laptop_scraper] Image saved locally: laptops\kbdle_c3c337dd.jpg
2026-08-10 13:19:08 | INFO     | ss_crawler | [crawler] Fetching : https://www.ss.com/msg/lv/electronics/computers/noutbooks/kbdle.html
2026-08-10 13:19:10 | INFO     | ss_crawler | [laptop_scraper] [UNCHANGED] LAPTOP cbbogn
2026-08-10 13:19:10 | INFO     | ss_crawler | [crawler] Fetching : https://www.ss.com/msg/lv/electronics/computers/noutbooks/geefg.html
2026-08-10 13:19:11 | INFO     | ss_crawler | [laptop_scraper] [UNCHANGED] LAPTOP kbdle
2026-08-10 13:19:11 | INFO     | ss_crawler | [crawler] Fetching : https://www.ss.com/msg/lv/electronics/computers/noutbooks/djofd.html
2026-08-10 13:19:13 | INFO     | ss_crawler | [laptop_scraper] [UNCHANGED] LAPTOP geefg
2026-08-10 13:19:13 | INFO     | ss_crawler | [crawler] Fetching : https://www.ss.com/msg/lv/electronics/computers/noutbooks/kdxei.html
2026-08-10 13:19:14 | INFO     | ss_crawler | [laptop_scraper] [NEW] LAPTOP djofd: Lenovo/IBM 81F4 €150.0
2026-08-10 13:19:15 | INFO     | ss_crawler | [image_downloader] Downloaded image for djofd (stored as djofd_9efcc9fe.jpg, 59872 bytes)
2026-08-10 13:19:15 | INFO     | ss_crawler | [laptop_scraper] Image saved locally: laptops\djofd_9efcc9fe.jpg
2026-08-10 13:19:15 | INFO     | ss_crawler | [crawler] Fetching : https://www.ss.com/msg/lv/electronics/computers/noutbooks/djofd.html
2026-08-10 13:19:15 | INFO     | ss_crawler | [laptop_scraper] [UNCHANGED] LAPTOP kdxei
2026-08-10 13:19:15 | INFO     | ss_crawler | [crawler] Fetching : https://www.ss.com/msg/lv/electronics/computers/noutbooks/emgln.html
2026-08-10 13:19:18 | INFO     | ss_crawler | [laptop_scraper] [UNCHANGED] LAPTOP emgln
2026-08-10 13:19:18 | INFO     | ss_crawler | [crawler] Fetching : https://www.ss.com/msg/lv/electronics/computers/noutbooks/kidkp.html
2026-08-10 13:19:18 | INFO     | ss_crawler | [laptop_scraper] [UNCHANGED] LAPTOP djofd
2026-08-10 13:19:18 | INFO     | ss_crawler | [crawler] Fetching : https://www.ss.com/msg/lv/electronics/computers/noutbooks/dphgk.html
2026-08-10 13:19:20 | INFO     | ss_crawler | [laptop_scraper] [UNCHANGED] LAPTOP kidkp
2026-08-10 13:19:20 | INFO     | ss_crawler | [crawler] Fetching : https://www.ss.com/msg/lv/electronics/computers/noutbooks/elkbl.html
2026-08-10 13:19:21 | INFO     | ss_crawler | [laptop_scraper] [NEW] LAPTOP dphgk: Acer Aspire A514-54 €169.0
2026-08-10 13:19:21 | INFO     | ss_crawler | [image_downloader] Downloaded image for dphgk (stored as dphgk_8b2e12f4.jpg, 59164 bytes)
2026-08-10 13:19:21 | INFO     | ss_crawler | [laptop_scraper] Image saved locally: laptops\dphgk_8b2e12f4.jpg
2026-08-10 13:19:21 | INFO     | ss_crawler | [crawler] Fetching : https://www.ss.com/msg/lv/electronics/computers/noutbooks/dphgk.html
2026-08-10 13:19:22 | INFO     | ss_crawler | [laptop_scraper] [UNCHANGED] LAPTOP elkbl
2026-08-10 13:19:22 | INFO     | ss_crawler | [crawler] Fetching : https://www.ss.com/msg/lv/electronics/computers/noutbooks/jbhep.html
2026-08-10 13:19:23 | INFO     | ss_crawler | [laptop_scraper] [UNCHANGED] LAPTOP dphgk
2026-08-10 13:19:23 | INFO     | ss_crawler | [crawler] Fetching : https://www.ss.com/msg/lv/electronics/computers/noutbooks/jcpfm.html
2026-08-10 13:19:24 | INFO     | ss_crawler | [laptop_scraper] [UNCHANGED] LAPTOP jbhep
2026-08-10 13:19:24 | INFO     | ss_crawler | [crawler] Fetching : https://www.ss.com/msg/lv/electronics/computers/noutbooks/kmfcp.html
2026-08-10 13:19:26 | INFO     | ss_crawler | [laptop_scraper] [NEW] LAPTOP jcpfm: Lenovo/IBM Legion 5 15arh €460.0
2026-08-10 13:19:26 | INFO     | ss_crawler | [image_downloader] Downloaded image for jcpfm (stored as jcpfm_5e23c8fd.jpg, 89189 bytes)
2026-08-10 13:19:26 | INFO     | ss_crawler | [laptop_scraper] Image saved locally: laptops\jcpfm_5e23c8fd.jpg
2026-08-10 13:19:26 | INFO     | ss_crawler | [crawler] Fetching : https://www.ss.com/msg/lv/electronics/computers/noutbooks/jcpfm.html
2026-08-10 13:19:27 | INFO     | ss_crawler | [laptop_scraper] [UNCHANGED] LAPTOP kmfcp
2026-08-10 13:19:27 | INFO     | ss_crawler | [crawler] Fetching : https://www.ss.com/msg/lv/electronics/computers/noutbooks/jcmbb.html
2026-08-10 13:19:28 | INFO     | ss_crawler | [laptop_scraper] [UNCHANGED] LAPTOP jcpfm
2026-08-10 13:19:28 | INFO     | ss_crawler | [crawler] Fetching : https://www.ss.com/msg/lv/electronics/computers/noutbooks/jojmj.html
2026-08-10 13:19:30 | INFO     | ss_crawler | [laptop_scraper] [UNCHANGED] LAPTOP jcmbb
2026-08-10 13:19:30 | INFO     | ss_crawler | [crawler] Fetching : https://www.ss.com/msg/lv/electronics/computers/noutbooks/kbfmj.html
2026-08-10 13:19:31 | INFO     | ss_crawler | [laptop_scraper] [NEW] LAPTOP jojmj: Samsung N145 Plus €50.0
2026-08-10 13:19:31 | INFO     | ss_crawler | [image_downloader] Downloaded image for jojmj (stored as jojmj_6e8ad6bc.jpg, 116124 bytes)
2026-08-10 13:19:31 | INFO     | ss_crawler | [laptop_scraper] Image saved locally: laptops\jojmj_6e8ad6bc.jpg
2026-08-10 13:19:31 | INFO     | ss_crawler | [crawler] Fetching : https://www.ss.com/msg/lv/electronics/computers/noutbooks/jojmj.html
2026-08-10 13:19:32 | INFO     | ss_crawler | [laptop_scraper] [UNCHANGED] LAPTOP kbfmj
2026-08-10 13:19:32 | INFO     | ss_crawler | [crawler] Fetching : https://www.ss.com/msg/lv/electronics/computers/noutbooks/fnlnb.html
2026-08-10 13:19:34 | INFO     | ss_crawler | [laptop_scraper] [UNCHANGED] LAPTOP jojmj
2026-08-10 13:19:34 | INFO     | ss_crawler | [crawler] Fetching : https://www.ss.com/msg/lv/electronics/computers/noutbooks/pcejd.html
2026-08-10 13:19:34 | INFO     | ss_crawler | [laptop_scraper] [UNCHANGED] LAPTOP fnlnb
2026-08-10 13:19:34 | INFO     | ss_crawler | [crawler] Fetching : https://www.ss.com/msg/lv/electronics/computers/noutbooks/kboig.html
2026-08-10 13:19:36 | INFO     | ss_crawler | [laptop_scraper] [NEW] LAPTOP pcejd: HP Probook 450 g6 €180.0
2026-08-10 13:19:36 | INFO     | ss_crawler | [image_downloader] Downloaded image for pcejd (stored as pcejd_a681f2fd.jpg, 108138 bytes)
2026-08-10 13:19:36 | INFO     | ss_crawler | [laptop_scraper] Image saved locally: laptops\pcejd_a681f2fd.jpg
2026-08-10 13:19:36 | INFO     | ss_crawler | [crawler] Fetching : https://www.ss.com/msg/lv/electronics/computers/noutbooks/pcejd.html
2026-08-10 13:19:36 | INFO     | ss_crawler | [laptop_scraper] [UNCHANGED] LAPTOP kboig
2026-08-10 13:19:36 | INFO     | ss_crawler | [crawler] Fetching : https://www.ss.com/msg/lv/electronics/computers/noutbooks/kbmlg.html
2026-08-10 13:19:38 | INFO     | ss_crawler | [laptop_scraper] [UNCHANGED] LAPTOP pcejd
2026-08-10 13:19:38 | INFO     | ss_crawler | [crawler] Fetching : https://www.ss.com/msg/lv/electronics/computers/noutbooks/kklkk.html
2026-08-10 13:19:40 | INFO     | ss_crawler | [laptop_scraper] [UNCHANGED] LAPTOP kbmlg
2026-08-10 13:19:40 | INFO     | ss_crawler | [crawler] Fetching : https://www.ss.com/msg/lv/electronics/computers/noutbooks/klfbb.html
2026-08-10 13:19:41 | INFO     | ss_crawler | [laptop_scraper] [UNCHANGED] LAPTOP klfbb
2026-08-10 13:19:41 | INFO     | ss_crawler | [crawler] Fetching : https://www.ss.com/msg/lv/electronics/computers/noutbooks/kbdle.html
2026-08-10 13:19:41 | INFO     | ss_crawler | [laptop_scraper] [NEW] LAPTOP kklkk: Apple A2179 €330.0
2026-08-10 13:19:42 | INFO     | ss_crawler | [image_downloader] Downloaded image for kklkk (stored as kklkk_168b3c4f.jpg, 128133 bytes)
2026-08-10 13:19:42 | INFO     | ss_crawler | [laptop_scraper] Image saved locally: laptops\kklkk_168b3c4f.jpg
2026-08-10 13:19:42 | INFO     | ss_crawler | [crawler] Fetching : https://www.ss.com/msg/lv/electronics/computers/noutbooks/kklkk.html
2026-08-10 13:19:44 | INFO     | ss_crawler | [laptop_scraper] [UNCHANGED] LAPTOP kklkk
2026-08-10 13:19:44 | INFO     | ss_crawler | [crawler] Fetching : https://www.ss.com/msg/lv/electronics/computers/noutbooks/ledmm.html
2026-08-10 13:19:44 | INFO     | ss_crawler | [laptop_scraper] [UNCHANGED] LAPTOP kbdle
2026-08-10 13:19:44 | INFO     | ss_crawler | [crawler] Fetching : https://www.ss.com/msg/lv/electronics/computers/noutbooks/djofd.html
2026-08-10 13:19:46 | INFO     | ss_crawler | [laptop_scraper] [NEW] LAPTOP ledmm: Msi Gf 65 Thin Ue €550.0
2026-08-10 13:19:46 | INFO     | ss_crawler | [image_downloader] Downloaded image for ledmm (stored as ledmm_2c7c9418.jpg, 110956 bytes)
2026-08-10 13:19:46 | INFO     | ss_crawler | [laptop_scraper] Image saved locally: laptops\ledmm_2c7c9418.jpg
2026-08-10 13:19:46 | INFO     | ss_crawler | [crawler] Fetching : https://www.ss.com/msg/lv/electronics/computers/noutbooks/ledmm.html
2026-08-10 13:19:48 | INFO     | ss_crawler | [laptop_scraper] [UNCHANGED] LAPTOP djofd
2026-08-10 13:19:48 | INFO     | ss_crawler | [crawler] Fetching : https://www.ss.com/msg/lv/electronics/computers/noutbooks/dphgk.html
2026-08-10 13:19:49 | INFO     | ss_crawler | [laptop_scraper] [UNCHANGED] LAPTOP ledmm
2026-08-10 13:19:51 | INFO     | ss_crawler | [laptop_scraper] [UNCHANGED] LAPTOP dphgk
2026-08-10 13:19:51 | INFO     | ss_crawler | [crawler] Fetching : https://www.ss.com/msg/lv/electronics/computers/noutbooks/jcpfm.html
2026-08-10 13:19:53 | INFO     | ss_crawler | [laptop_scraper] [UNCHANGED] LAPTOP jcpfm
2026-08-10 13:19:53 | INFO     | ss_crawler | [crawler] Fetching : https://www.ss.com/msg/lv/electronics/computers/noutbooks/jojmj.html
2026-08-10 13:19:55 | INFO     | ss_crawler | [laptop_scraper] [UNCHANGED] LAPTOP jojmj
2026-08-10 13:19:55 | INFO     | ss_crawler | [crawler] Fetching : https://www.ss.com/msg/lv/electronics/computers/noutbooks/pcejd.html
2026-08-10 13:19:57 | INFO     | ss_crawler | [laptop_scraper] [UNCHANGED] LAPTOP pcejd
2026-08-10 13:19:57 | INFO     | ss_crawler | [crawler] Fetching : https://www.ss.com/msg/lv/electronics/computers/noutbooks/kklkk.html
2026-08-10 13:20:00 | INFO     | ss_crawler | [laptop_scraper] [UNCHANGED] LAPTOP kklkk
2026-08-10 13:20:00 | INFO     | ss_crawler | [crawler] Fetching : https://www.ss.com/msg/lv/electronics/computers/noutbooks/ledmm.html
2026-08-10 13:20:02 | INFO     | ss_crawler | [laptop_scraper] [UNCHANGED] LAPTOP ledmm
2026-08-10 13:20:08 | INFO     | ss_crawler | [database] Database connected: localhost:5433/ss_market
2026-08-10 13:20:08 | INFO     | ss_crawler | [laptop_scraper] Scraping laptop category: /lv/electronics/computers/noutbooks/
2026-08-10 13:20:08 | INFO     | ss_crawler | [crawler] Fetching : https://www.ss.com/lv/electronics/computers/noutbooks/
2026-08-10 13:20:11 | INFO     | ss_crawler | [laptop_scraper] Found 27 laptop listings on page 1
2026-08-10 13:20:11 | INFO     | ss_crawler | [crawler] Fetching : https://www.ss.com/msg/lv/electronics/computers/noutbooks/ipllp.html
2026-08-10 13:20:14 | INFO     | ss_crawler | [laptop_scraper] [UNCHANGED] LAPTOP ipllp
2026-08-10 13:20:14 | INFO     | ss_crawler | [crawler] Fetching : https://www.ss.com/msg/lv/electronics/computers/noutbooks/mdjbi.html
2026-08-10 13:20:16 | INFO     | ss_crawler | [laptop_scraper] [UNCHANGED] LAPTOP mdjbi
2026-08-10 13:20:16 | INFO     | ss_crawler | [crawler] Fetching : https://www.ss.com/msg/lv/electronics/computers/noutbooks/ffkke.html
2026-08-10 13:20:19 | INFO     | ss_crawler | [laptop_scraper] [UNCHANGED] LAPTOP ffkke
2026-08-10 13:20:19 | INFO     | ss_crawler | [crawler] Fetching : https://www.ss.com/msg/lv/electronics/computers/noutbooks/pcene.html
2026-08-10 13:20:22 | INFO     | ss_crawler | [laptop_scraper] [UNCHANGED] LAPTOP pcene
2026-08-10 13:20:22 | INFO     | ss_crawler | [crawler] Fetching : https://www.ss.com/msg/lv/electronics/computers/noutbooks/kmdgk.html
2026-08-10 13:20:24 | INFO     | ss_crawler | [laptop_scraper] [UNCHANGED] LAPTOP kmdgk
2026-08-10 13:20:24 | INFO     | ss_crawler | [crawler] Fetching : https://www.ss.com/msg/lv/electronics/computers/noutbooks/cbbogn.html
2026-08-10 13:20:26 | INFO     | ss_crawler | [laptop_scraper] [UNCHANGED] LAPTOP cbbogn
2026-08-10 13:20:26 | INFO     | ss_crawler | [crawler] Fetching : https://www.ss.com/msg/lv/electronics/computers/noutbooks/geefg.html
2026-08-10 13:20:28 | INFO     | ss_crawler | [laptop_scraper] [UNCHANGED] LAPTOP geefg
2026-08-10 13:20:28 | INFO     | ss_crawler | [crawler] Fetching : https://www.ss.com/msg/lv/electronics/computers/noutbooks/kdxei.html
2026-08-10 13:20:30 | INFO     | ss_crawler | [laptop_scraper] [UNCHANGED] LAPTOP kdxei
2026-08-10 13:20:30 | INFO     | ss_crawler | [crawler] Fetching : https://www.ss.com/msg/lv/electronics/computers/noutbooks/emgln.html
2026-08-10 13:20:32 | INFO     | ss_crawler | [laptop_scraper] [UNCHANGED] LAPTOP emgln
2026-08-10 13:20:32 | INFO     | ss_crawler | [crawler] Fetching : https://www.ss.com/msg/lv/electronics/computers/noutbooks/kidkp.html
2026-08-10 13:20:34 | INFO     | ss_crawler | [laptop_scraper] [UNCHANGED] LAPTOP kidkp
2026-08-10 13:20:34 | INFO     | ss_crawler | [crawler] Fetching : https://www.ss.com/msg/lv/electronics/computers/noutbooks/elkbl.html
2026-08-10 13:20:37 | INFO     | ss_crawler | [laptop_scraper] [UNCHANGED] LAPTOP elkbl
2026-08-10 13:20:37 | INFO     | ss_crawler | [crawler] Fetching : https://www.ss.com/msg/lv/electronics/computers/noutbooks/jbhep.html
2026-08-10 13:20:40 | INFO     | ss_crawler | [laptop_scraper] [UNCHANGED] LAPTOP jbhep
2026-08-10 13:20:40 | INFO     | ss_crawler | [crawler] Fetching : https://www.ss.com/msg/lv/electronics/computers/noutbooks/kmfcp.html
2026-08-10 13:20:43 | INFO     | ss_crawler | [laptop_scraper] [UNCHANGED] LAPTOP kmfcp
2026-08-10 13:20:43 | INFO     | ss_crawler | [crawler] Fetching : https://www.ss.com/msg/lv/electronics/computers/noutbooks/jcmbb.html
2026-08-10 13:20:46 | INFO     | ss_crawler | [laptop_scraper] [UNCHANGED] LAPTOP jcmbb
2026-08-10 13:20:46 | INFO     | ss_crawler | [crawler] Fetching : https://www.ss.com/msg/lv/electronics/computers/noutbooks/kbfmj.html
2026-08-10 13:20:49 | INFO     | ss_crawler | [laptop_scraper] [UNCHANGED] LAPTOP kbfmj
2026-08-10 13:20:49 | INFO     | ss_crawler | [crawler] Fetching : https://www.ss.com/msg/lv/electronics/computers/noutbooks/fnlnb.html
2026-08-10 13:20:51 | INFO     | ss_crawler | [laptop_scraper] [UNCHANGED] LAPTOP fnlnb
2026-08-10 13:20:51 | INFO     | ss_crawler | [crawler] Fetching : https://www.ss.com/msg/lv/electronics/computers/noutbooks/kboig.html
2026-08-10 13:20:53 | INFO     | ss_crawler | [laptop_scraper] [UNCHANGED] LAPTOP kboig
2026-08-10 13:20:53 | INFO     | ss_crawler | [crawler] Fetching : https://www.ss.com/msg/lv/electronics/computers/noutbooks/kbmlg.html
2026-08-10 13:20:56 | INFO     | ss_crawler | [laptop_scraper] [UNCHANGED] LAPTOP kbmlg
2026-08-10 13:20:56 | INFO     | ss_crawler | [crawler] Fetching : https://www.ss.com/msg/lv/electronics/computers/noutbooks/klfbb.html
2026-08-10 13:20:58 | INFO     | ss_crawler | [laptop_scraper] [UNCHANGED] LAPTOP klfbb
2026-08-10 13:20:58 | INFO     | ss_crawler | [crawler] Fetching : https://www.ss.com/msg/lv/electronics/computers/noutbooks/kbdle.html
2026-08-10 13:21:01 | INFO     | ss_crawler | [laptop_scraper] [UNCHANGED] LAPTOP kbdle
2026-08-10 13:21:01 | INFO     | ss_crawler | [crawler] Fetching : https://www.ss.com/msg/lv/electronics/computers/noutbooks/djofd.html
2026-08-10 13:21:04 | INFO     | ss_crawler | [laptop_scraper] [UNCHANGED] LAPTOP djofd
2026-08-10 13:21:04 | INFO     | ss_crawler | [crawler] Fetching : https://www.ss.com/msg/lv/electronics/computers/noutbooks/dphgk.html
2026-08-10 13:21:06 | INFO     | ss_crawler | [laptop_scraper] [UNCHANGED] LAPTOP dphgk
2026-08-10 13:21:06 | INFO     | ss_crawler | [crawler] Fetching : https://www.ss.com/msg/lv/electronics/computers/noutbooks/jcpfm.html
2026-08-10 13:21:08 | INFO     | ss_crawler | [laptop_scraper] [UNCHANGED] LAPTOP jcpfm
2026-08-10 13:21:08 | INFO     | ss_crawler | [crawler] Fetching : https://www.ss.com/msg/lv/electronics/computers/noutbooks/jojmj.html
2026-08-10 13:21:11 | INFO     | ss_crawler | [laptop_scraper] [UNCHANGED] LAPTOP jojmj
2026-08-10 13:21:11 | INFO     | ss_crawler | [crawler] Fetching : https://www.ss.com/msg/lv/electronics/computers/noutbooks/pcejd.html
2026-08-10 13:21:14 | INFO     | ss_crawler | [laptop_scraper] [UNCHANGED] LAPTOP pcejd
2026-08-10 13:21:14 | INFO     | ss_crawler | [crawler] Fetching : https://www.ss.com/msg/lv/electronics/computers/noutbooks/kklkk.html
2026-08-10 13:21:18 | INFO     | ss_crawler | [laptop_scraper] [UNCHANGED] LAPTOP kklkk
2026-08-10 13:21:18 | INFO     | ss_crawler | [crawler] Fetching : https://www.ss.com/msg/lv/electronics/computers/noutbooks/ledmm.html
2026-08-10 13:21:20 | INFO     | ss_crawler | [laptop_scraper] [UNCHANGED] LAPTOP ledmm
2026-08-10 21:52:11 | INFO     | ss_crawler | [database] Database connected: localhost:5433/ss_market
2026-08-10 21:52:11 | INFO     | ss_crawler | [laptop_scraper] Scraping laptop category: /lv/electronics/computers/noutbooks/
2026-08-10 21:52:11 | INFO     | ss_crawler | [crawler] Fetching : https://www.ss.com/lv/electronics/computers/noutbooks/
2026-08-10 21:52:14 | INFO     | ss_crawler | [laptop_scraper] Found 30 laptop listings on page 1
2026-08-10 21:52:14 | INFO     | ss_crawler | [crawler] Fetching : https://www.ss.com/msg/lv/electronics/computers/noutbooks/flmbj.html
2026-08-10 21:52:17 | INFO     | ss_crawler | [laptop_scraper] [NEW] LAPTOP flmbj: Lenovo/IBM B50-50 €50.0
2026-08-10 21:52:18 | INFO     | ss_crawler | [image_downloader] Downloaded image for flmbj (stored as flmbj_f6d0a4b2.jpg, 122832 bytes)
2026-08-10 21:52:18 | INFO     | ss_crawler | [laptop_scraper] Image saved locally: laptops\flmbj_f6d0a4b2.jpg
2026-08-10 21:52:18 | INFO     | ss_crawler | [crawler] Fetching : https://www.ss.com/msg/lv/electronics/computers/noutbooks/dolng.html
