2026-05-30 20:00:41 | INFO     | ss_crawler | [computer_scraper] Initializing computer scraper...
2026-05-30 20:00:42 | INFO     | ss_crawler | [database] Database connected: localhost:5433/ss_market
2026-05-30 20:00:42 | INFO     | ss_crawler | [computer_scraper] Database: postgresql+psycopg2://crawler:crawler_pass@localhost:5433/ss_market
2026-05-30 20:00:43 | INFO     | ss_crawler | [cpu_matcher] CPUMatcher initialized with 5320 CPUs
2026-05-30 20:00:43 | INFO     | ss_crawler | [matcher] GPUMatcher initialized with 631 GPUs
2026-05-30 20:00:43 | INFO     | ss_crawler | [ram_matcher] RAMMatcher initialized with 5284 RAM references
2026-05-30 20:00:43 | INFO     | ss_crawler | [ssd_matcher] SSDMatcher initialized with 2451 SSDs
2026-05-30 20:00:43 | INFO     | ss_crawler | [psu_matcher] PSUMatcher initialized with 2895 PSU references
2026-05-30 20:00:43 | INFO     | ss_crawler | [case_matcher] CaseMatcher initialized with 5742 case references
2026-05-30 20:00:45 | INFO     | ss_crawler | [motherboard_matcher] MotherboardMatcher initialized with 5732 motherboards
2026-05-30 20:00:45 | INFO     | ss_crawler | [computer_monitor_matcher] ComputerMonitorMatcher initialized with 20272 monitors
2026-05-30 20:00:45 | INFO     | ss_crawler | [computer_matcher] ComputerMatcher initialized: 5320 CPUs, 631 GPUs, 5284 RAMs, 2451 SSDs, 2895 PSUs, 5742 Cases, 5732 Motherboards, 20272 Monitors
2026-05-30 20:00:45 | INFO     | ss_crawler | [computer_scraper] Loaded references: 5320 CPUs, 631 GPUs, 5284 RAMs, 2451 SSDs, 2895 PSUs, 5742 Cases, 5732 Motherboards, 20272 Monitors
2026-05-30 20:00:45 | INFO     | ss_crawler | [computer_scraper] Initializing computer scraper...
2026-05-30 20:00:45 | INFO     | ss_crawler | [database] Database connected: localhost:5433/ss_market
2026-05-30 20:00:45 | INFO     | ss_crawler | [computer_scraper] Database: postgresql+psycopg2://crawler:crawler_pass@localhost:5433/ss_market
2026-05-30 20:00:46 | INFO     | ss_crawler | [cpu_matcher] CPUMatcher initialized with 5320 CPUs
2026-05-30 20:00:46 | INFO     | ss_crawler | [matcher] GPUMatcher initialized with 631 GPUs
2026-05-30 20:00:47 | INFO     | ss_crawler | [ram_matcher] RAMMatcher initialized with 5284 RAM references
2026-05-30 20:00:47 | INFO     | ss_crawler | [ssd_matcher] SSDMatcher initialized with 2451 SSDs
2026-05-30 20:00:47 | INFO     | ss_crawler | [psu_matcher] PSUMatcher initialized with 2895 PSU references
2026-05-30 20:00:47 | INFO     | ss_crawler | [case_matcher] CaseMatcher initialized with 5742 case references
2026-05-30 20:00:49 | INFO     | ss_crawler | [motherboard_matcher] MotherboardMatcher initialized with 5732 motherboards
2026-05-30 20:00:49 | INFO     | ss_crawler | [computer_monitor_matcher] ComputerMonitorMatcher initialized with 20272 monitors
2026-05-30 20:00:49 | INFO     | ss_crawler | [computer_matcher] ComputerMatcher initialized: 5320 CPUs, 631 GPUs, 5284 RAMs, 2451 SSDs, 2895 PSUs, 5742 Cases, 5732 Motherboards, 20272 Monitors
2026-05-30 20:00:49 | INFO     | ss_crawler | [computer_scraper] Loaded references: 5320 CPUs, 631 GPUs, 5284 RAMs, 2451 SSDs, 2895 PSUs, 5742 Cases, 5732 Motherboards, 20272 Monitors
2026-05-30 20:00:49 | INFO     | ss_crawler | [crawler] Fetching single computer listing: https://www.ss.com/msg/lv/electronics/computers/pc/gexxm.html
2026-05-30 20:00:52 | INFO     | ss_crawler | [ssd_matcher] SSDMatcher initialized with 16 SSDs
2026-05-30 20:00:52 | INFO     | ss_crawler | [computer_matcher] [SSD DEBUG] Set result.ssd: {'id': 769, 'brand': 'Intel', 'model': '545s', 'interface': 'SATA/AHCI', 'form_factor': '2.5" & M.2 (256GB)', 'capacity_gb': 256, 'controller': 'SMI SM2259', 'configuration': 'Single-core, 4-ch, 8-CE/ch', 'has_dram': True, 'hmb': None, 'nand_brand': 'Intel', 'nand_type': 'TLC', 'layers': '64', 'read_speed_mb': 550, 'write_speed_mb': 500, 'category': 'High-End SATA', 'notes': None, 'search_keywords': ['545', 'intel 545s', 'intel', '545s', 'intel 545'], 'normalized_name': 'intel 545s', 'name': 'Intel 545s'}
2026-05-30 20:00:52 | INFO     | ss_crawler | [image_downloader] Downloaded image for gexxm: gexxm_1bfa06ae.jpg
2026-05-30 20:00:52 | INFO     | ss_crawler | [computer_scraper] Image saved locally: computers\gexxm_1bfa06ae.jpg
2026-05-30 20:00:52 | INFO     | ss_crawler | [computer_scraper] Single scrape result: new - New: Datori un orgtehnika/Datori/ Pārdod...
2026-05-30 20:00:53 | INFO     | ss_crawler | [ssd_matcher] SSDMatcher initialized with 16 SSDs
2026-05-30 20:00:53 | INFO     | ss_crawler | [computer_matcher] [SSD DEBUG] Set result.ssd: {'id': 769, 'brand': 'Intel', 'model': '545s', 'interface': 'SATA/AHCI', 'form_factor': '2.5" & M.2 (256GB)', 'capacity_gb': 256, 'controller': 'SMI SM2259', 'configuration': 'Single-core, 4-ch, 8-CE/ch', 'has_dram': True, 'hmb': None, 'nand_brand': 'Intel', 'nand_type': 'TLC', 'layers': '64', 'read_speed_mb': 550, 'write_speed_mb': 500, 'category': 'High-End SATA', 'notes': None, 'search_keywords': ['545', 'intel 545s', 'intel', '545s', 'intel 545'], 'normalized_name': 'intel 545s', 'name': 'Intel 545s'}
2026-05-30 20:01:27 | INFO     | ss_crawler | [computer_scraper] Initializing computer scraper...
2026-05-30 20:01:27 | INFO     | ss_crawler | [database] Database connected: localhost:5433/ss_market
2026-05-30 20:01:27 | INFO     | ss_crawler | [computer_scraper] Database: postgresql+psycopg2://crawler:crawler_pass@localhost:5433/ss_market
2026-05-30 20:01:28 | INFO     | ss_crawler | [cpu_matcher] CPUMatcher initialized with 5320 CPUs
2026-05-30 20:01:28 | INFO     | ss_crawler | [matcher] GPUMatcher initialized with 631 GPUs
2026-05-30 20:01:28 | INFO     | ss_crawler | [ram_matcher] RAMMatcher initialized with 5284 RAM references
2026-05-30 20:01:29 | INFO     | ss_crawler | [ssd_matcher] SSDMatcher initialized with 2451 SSDs
2026-05-30 20:01:29 | INFO     | ss_crawler | [psu_matcher] PSUMatcher initialized with 2895 PSU references
2026-05-30 20:01:29 | INFO     | ss_crawler | [case_matcher] CaseMatcher initialized with 5742 case references
2026-05-30 20:01:31 | INFO     | ss_crawler | [motherboard_matcher] MotherboardMatcher initialized with 5732 motherboards
2026-05-30 20:01:31 | INFO     | ss_crawler | [computer_monitor_matcher] ComputerMonitorMatcher initialized with 20272 monitors
2026-05-30 20:01:31 | INFO     | ss_crawler | [computer_matcher] ComputerMatcher initialized: 5320 CPUs, 631 GPUs, 5284 RAMs, 2451 SSDs, 2895 PSUs, 5742 Cases, 5732 Motherboards, 20272 Monitors
2026-05-30 20:01:31 | INFO     | ss_crawler | [computer_scraper] Loaded references: 5320 CPUs, 631 GPUs, 5284 RAMs, 2451 SSDs, 2895 PSUs, 5742 Cases, 5732 Motherboards, 20272 Monitors
2026-05-30 20:01:31 | INFO     | ss_crawler | [computer_scraper] Initializing computer scraper...
2026-05-30 20:01:31 | INFO     | ss_crawler | [database] Database connected: localhost:5433/ss_market
2026-05-30 20:01:31 | INFO     | ss_crawler | [computer_scraper] Database: postgresql+psycopg2://crawler:crawler_pass@localhost:5433/ss_market
2026-05-30 20:01:32 | INFO     | ss_crawler | [cpu_matcher] CPUMatcher initialized with 5320 CPUs
2026-05-30 20:01:32 | INFO     | ss_crawler | [matcher] GPUMatcher initialized with 631 GPUs
2026-05-30 20:01:32 | INFO     | ss_crawler | [ram_matcher] RAMMatcher initialized with 5284 RAM references
2026-05-30 20:01:32 | INFO     | ss_crawler | [ssd_matcher] SSDMatcher initialized with 2451 SSDs
2026-05-30 20:01:33 | INFO     | ss_crawler | [psu_matcher] PSUMatcher initialized with 2895 PSU references
2026-05-30 20:01:33 | INFO     | ss_crawler | [case_matcher] CaseMatcher initialized with 5742 case references
2026-05-30 20:01:34 | INFO     | ss_crawler | [motherboard_matcher] MotherboardMatcher initialized with 5732 motherboards
2026-05-30 20:01:35 | INFO     | ss_crawler | [computer_monitor_matcher] ComputerMonitorMatcher initialized with 20272 monitors
2026-05-30 20:01:35 | INFO     | ss_crawler | [computer_matcher] ComputerMatcher initialized: 5320 CPUs, 631 GPUs, 5284 RAMs, 2451 SSDs, 2895 PSUs, 5742 Cases, 5732 Motherboards, 20272 Monitors
2026-05-30 20:01:35 | INFO     | ss_crawler | [computer_scraper] Loaded references: 5320 CPUs, 631 GPUs, 5284 RAMs, 2451 SSDs, 2895 PSUs, 5742 Cases, 5732 Motherboards, 20272 Monitors
2026-05-30 20:01:35 | INFO     | ss_crawler | [crawler] Fetching single computer listing: https://www.ss.com/msg/lv/electronics/computers/pc/gexxm.html
2026-05-30 20:01:38 | INFO     | ss_crawler | [ssd_matcher] SSDMatcher initialized with 16 SSDs
2026-05-30 20:01:38 | INFO     | ss_crawler | [computer_matcher] [SSD DEBUG] Set result.ssd: {'id': 769, 'brand': 'Intel', 'model': '545s', 'interface': 'SATA/AHCI', 'form_factor': '2.5" & M.2 (256GB)', 'capacity_gb': 256, 'controller': 'SMI SM2259', 'configuration': 'Single-core, 4-ch, 8-CE/ch', 'has_dram': True, 'hmb': None, 'nand_brand': 'Intel', 'nand_type': 'TLC', 'layers': '64', 'read_speed_mb': 550, 'write_speed_mb': 500, 'category': 'High-End SATA', 'notes': None, 'search_keywords': ['545', 'intel 545s', 'intel', '545s', 'intel 545'], 'normalized_name': 'intel 545s', 'name': 'Intel 545s'}
2026-05-30 20:01:39 | INFO     | ss_crawler | [computer_scraper] Single scrape result: unchanged - Unchanged: Datori un orgtehnika/Datori/ Pārdod...
2026-05-30 20:01:39 | INFO     | ss_crawler | [ssd_matcher] SSDMatcher initialized with 16 SSDs
2026-05-30 20:01:39 | INFO     | ss_crawler | [computer_matcher] [SSD DEBUG] Set result.ssd: {'id': 769, 'brand': 'Intel', 'model': '545s', 'interface': 'SATA/AHCI', 'form_factor': '2.5" & M.2 (256GB)', 'capacity_gb': 256, 'controller': 'SMI SM2259', 'configuration': 'Single-core, 4-ch, 8-CE/ch', 'has_dram': True, 'hmb': None, 'nand_brand': 'Intel', 'nand_type': 'TLC', 'layers': '64', 'read_speed_mb': 550, 'write_speed_mb': 500, 'category': 'High-End SATA', 'notes': None, 'search_keywords': ['545', 'intel 545s', 'intel', '545s', 'intel 545'], 'normalized_name': 'intel 545s', 'name': 'Intel 545s'}
2026-05-30 20:37:15 | INFO     | ss_crawler | [migration] 🚀 Starting migration...
2026-05-30 20:37:15 | INFO     | ss_crawler | [database] Database connected: localhost:5433/ss_market
2026-05-30 20:37:15 | INFO     | ss_crawler | [migration] 
📋 Migrating table: listings
2026-05-30 20:37:16 | INFO     | ss_crawler | [migration]   ➕ Adding version_number column...
2026-05-30 20:37:16 | INFO     | ss_crawler | [migration]   ✅ Added version_number column
2026-05-30 20:37:16 | INFO     | ss_crawler | [migration]   ✅ Set version_number to NOT NULL
2026-05-30 20:44:28 | INFO     | ss_crawler | [migration] 🚀 Starting migration...
2026-05-30 20:44:28 | INFO     | ss_crawler | [database] Database connected: localhost:5433/ss_market
2026-05-30 20:44:28 | INFO     | ss_crawler | [migration] 
📋 Migrating table: listings
2026-05-30 20:44:28 | INFO     | ss_crawler | [migration]   ➕ Adding version_number column...
2026-05-30 20:44:28 | INFO     | ss_crawler | [migration]   ✅ Added version_number column
2026-05-30 20:44:28 | INFO     | ss_crawler | [migration]   📝 Setting version_number=1 for existing rows...
2026-05-30 20:44:28 | INFO     | ss_crawler | [migration]   ✓ No rows needed updating
2026-05-30 20:44:28 | INFO     | ss_crawler | [migration]   🔒 Setting version_number to NOT NULL...
2026-05-30 20:44:28 | INFO     | ss_crawler | [migration]   ✅ Set version_number to NOT NULL
2026-05-30 20:57:36 | ERROR    | ss_crawler | [migration] 
❌ Migration failed: (psycopg2.OperationalError) could not receive data from server: Software caused connection abort (0x00002745/10053)

(Background on this error at: https://sqlalche.me/e/20/e3q8)
2026-05-30 21:11:11 | INFO     | ss_crawler | [database] Database connected: localhost:5433/ss_market
2026-05-30 21:20:44 | INFO     | ss_crawler | [computer_scraper] Initializing computer scraper...
2026-05-30 21:20:44 | INFO     | ss_crawler | [database] Database connected: localhost:5433/ss_market
2026-05-30 21:20:44 | INFO     | ss_crawler | [computer_scraper] Database: postgresql+psycopg2://crawler:crawler_pass@localhost:5433/ss_market
2026-05-30 21:20:47 | INFO     | ss_crawler | [cpu_matcher] CPUMatcher initialized with 5320 CPUs
2026-05-30 21:20:47 | INFO     | ss_crawler | [matcher] GPUMatcher initialized with 631 GPUs
2026-05-30 21:20:47 | INFO     | ss_crawler | [ram_matcher] RAMMatcher initialized with 5284 RAM references
2026-05-30 21:20:48 | INFO     | ss_crawler | [ssd_matcher] SSDMatcher initialized with 2451 SSDs
2026-05-30 21:20:48 | INFO     | ss_crawler | [psu_matcher] PSUMatcher initialized with 2895 PSU references
2026-05-30 21:20:48 | INFO     | ss_crawler | [case_matcher] CaseMatcher initialized with 5742 case references
2026-05-30 21:20:52 | INFO     | ss_crawler | [motherboard_matcher] MotherboardMatcher initialized with 5732 motherboards
2026-05-30 21:20:52 | INFO     | ss_crawler | [computer_monitor_matcher] ComputerMonitorMatcher initialized with 20272 monitors
2026-05-30 21:20:52 | INFO     | ss_crawler | [computer_matcher] ComputerMatcher initialized: 5320 CPUs, 631 GPUs, 5284 RAMs, 2451 SSDs, 2895 PSUs, 5742 Cases, 5732 Motherboards, 20272 Monitors
2026-05-30 21:20:52 | INFO     | ss_crawler | [computer_scraper] Loaded references: 5320 CPUs, 631 GPUs, 5284 RAMs, 2451 SSDs, 2895 PSUs, 5742 Cases, 5732 Motherboards, 20272 Monitors
2026-05-30 21:20:52 | INFO     | ss_crawler | [computer_scraper] Initializing computer scraper...
2026-05-30 21:20:52 | INFO     | ss_crawler | [database] Database connected: localhost:5433/ss_market
2026-05-30 21:20:52 | INFO     | ss_crawler | [computer_scraper] Database: postgresql+psycopg2://crawler:crawler_pass@localhost:5433/ss_market
2026-05-30 21:20:55 | INFO     | ss_crawler | [cpu_matcher] CPUMatcher initialized with 5320 CPUs
2026-05-30 21:20:55 | INFO     | ss_crawler | [matcher] GPUMatcher initialized with 631 GPUs
2026-05-30 21:20:55 | INFO     | ss_crawler | [ram_matcher] RAMMatcher initialized with 5284 RAM references
2026-05-30 21:20:56 | INFO     | ss_crawler | [ssd_matcher] SSDMatcher initialized with 2451 SSDs
2026-05-30 21:20:56 | INFO     | ss_crawler | [psu_matcher] PSUMatcher initialized with 2895 PSU references
2026-05-30 21:20:56 | INFO     | ss_crawler | [case_matcher] CaseMatcher initialized with 5742 case references
2026-05-30 21:21:00 | INFO     | ss_crawler | [motherboard_matcher] MotherboardMatcher initialized with 5732 motherboards
2026-05-30 21:21:00 | INFO     | ss_crawler | [computer_monitor_matcher] ComputerMonitorMatcher initialized with 20272 monitors
2026-05-30 21:21:00 | INFO     | ss_crawler | [computer_matcher] ComputerMatcher initialized: 5320 CPUs, 631 GPUs, 5284 RAMs, 2451 SSDs, 2895 PSUs, 5742 Cases, 5732 Motherboards, 20272 Monitors
2026-05-30 21:21:00 | INFO     | ss_crawler | [computer_scraper] Loaded references: 5320 CPUs, 631 GPUs, 5284 RAMs, 2451 SSDs, 2895 PSUs, 5742 Cases, 5732 Motherboards, 20272 Monitors
2026-05-30 21:21:00 | INFO     | ss_crawler | [crawler] Fetching single computer listing: https://www.ss.com/msg/lv/electronics/computers/pc/gexxm.html
2026-05-30 21:21:04 | INFO     | ss_crawler | [ssd_matcher] SSDMatcher initialized with 16 SSDs
2026-05-30 21:21:04 | INFO     | ss_crawler | [computer_matcher] [SSD DEBUG] Set result.ssd: {'id': 769, 'brand': 'Intel', 'model': '545s', 'interface': 'SATA/AHCI', 'form_factor': '2.5" & M.2 (256GB)', 'capacity_gb': 256, 'controller': 'SMI SM2259', 'configuration': 'Single-core, 4-ch, 8-CE/ch', 'has_dram': True, 'hmb': None, 'nand_brand': 'Intel', 'nand_type': 'TLC', 'layers': '64', 'read_speed_mb': 550, 'write_speed_mb': 500, 'category': 'High-End SATA', 'notes': None, 'search_keywords': ['545', 'intel 545s', 'intel', '545s', 'intel 545'], 'normalized_name': 'intel 545s', 'name': 'Intel 545s'}
2026-05-30 21:21:05 | INFO     | ss_crawler | [listing_versioning] Detected ID reuse for gexxm: 'Datori un orgtehnika/Datori/ Pārdod' (v1) → new listing (v2)
2026-05-30 21:21:05 | INFO     | ss_crawler | [computer_scraper] Single scrape result: new_version - New version (2): Datori un orgtehnika/Datori/ Pārdod...
2026-05-30 21:21:05 | INFO     | ss_crawler | [ssd_matcher] SSDMatcher initialized with 16 SSDs
2026-05-30 21:21:05 | INFO     | ss_crawler | [computer_matcher] [SSD DEBUG] Set result.ssd: {'id': 769, 'brand': 'Intel', 'model': '545s', 'interface': 'SATA/AHCI', 'form_factor': '2.5" & M.2 (256GB)', 'capacity_gb': 256, 'controller': 'SMI SM2259', 'configuration': 'Single-core, 4-ch, 8-CE/ch', 'has_dram': True, 'hmb': None, 'nand_brand': 'Intel', 'nand_type': 'TLC', 'layers': '64', 'read_speed_mb': 550, 'write_speed_mb': 500, 'category': 'High-End SATA', 'notes': None, 'search_keywords': ['545', 'intel 545s', 'intel', '545s', 'intel 545'], 'normalized_name': 'intel 545s', 'name': 'Intel 545s'}
2026-05-30 21:24:48 | INFO     | ss_crawler | [crawler] Fetching : https://www.ss.com/msg/lv/electronics/computers/pc/gexxm.html
2026-05-30 21:28:20 | INFO     | ss_crawler | [database] Database connected: localhost:5433/ss_market
2026-05-30 21:28:20 | INFO     | ss_crawler | [crawler] Fetching : https://www.ss.com/msg/lv/electronics/computers/pc/gexxm.html
2026-05-30 21:28:24 | INFO     | ss_crawler | [psu_matcher] PSUMatcher initialized with 2895 PSU references
2026-05-30 21:34:54 | INFO     | ss_crawler | [computer_scraper] Initializing computer scraper...
2026-05-30 21:34:54 | INFO     | ss_crawler | [database] Database connected: localhost:5433/ss_market
2026-05-30 21:34:54 | INFO     | ss_crawler | [computer_scraper] Database: postgresql+psycopg2://crawler:crawler_pass@localhost:5433/ss_market
2026-05-30 21:34:56 | INFO     | ss_crawler | [cpu_matcher] CPUMatcher initialized with 5320 CPUs
2026-05-30 21:34:56 | INFO     | ss_crawler | [matcher] GPUMatcher initialized with 631 GPUs
2026-05-30 21:34:57 | INFO     | ss_crawler | [ram_matcher] RAMMatcher initialized with 5284 RAM references
2026-05-30 21:34:57 | INFO     | ss_crawler | [ssd_matcher] SSDMatcher initialized with 2451 SSDs
2026-05-30 21:34:57 | INFO     | ss_crawler | [psu_matcher] PSUMatcher initialized with 2895 PSU references
2026-05-30 21:34:58 | INFO     | ss_crawler | [case_matcher] CaseMatcher initialized with 5742 case references
2026-05-30 21:35:00 | INFO     | ss_crawler | [motherboard_matcher] MotherboardMatcher initialized with 5732 motherboards
2026-05-30 21:35:00 | INFO     | ss_crawler | [computer_monitor_matcher] ComputerMonitorMatcher initialized with 20272 monitors
2026-05-30 21:35:00 | INFO     | ss_crawler | [computer_matcher] ComputerMatcher initialized: 5320 CPUs, 631 GPUs, 5284 RAMs, 2451 SSDs, 2895 PSUs, 5742 Cases, 5732 Motherboards, 20272 Monitors
2026-05-30 21:35:00 | INFO     | ss_crawler | [computer_scraper] Loaded references: 5320 CPUs, 631 GPUs, 5284 RAMs, 2451 SSDs, 2895 PSUs, 5742 Cases, 5732 Motherboards, 20272 Monitors
2026-05-30 21:35:00 | INFO     | ss_crawler | [computer_scraper] Initializing computer scraper...
2026-05-30 21:35:00 | INFO     | ss_crawler | [database] Database connected: localhost:5433/ss_market
2026-05-30 21:35:00 | INFO     | ss_crawler | [computer_scraper] Database: postgresql+psycopg2://crawler:crawler_pass@localhost:5433/ss_market
2026-05-30 21:35:02 | INFO     | ss_crawler | [cpu_matcher] CPUMatcher initialized with 5320 CPUs
2026-05-30 21:35:02 | INFO     | ss_crawler | [matcher] GPUMatcher initialized with 631 GPUs
2026-05-30 21:35:02 | INFO     | ss_crawler | [ram_matcher] RAMMatcher initialized with 5284 RAM references
2026-05-30 21:35:03 | INFO     | ss_crawler | [ssd_matcher] SSDMatcher initialized with 2451 SSDs
2026-05-30 21:35:03 | INFO     | ss_crawler | [psu_matcher] PSUMatcher initialized with 2895 PSU references
2026-05-30 21:35:03 | INFO     | ss_crawler | [case_matcher] CaseMatcher initialized with 5742 case references
2026-05-30 21:35:05 | INFO     | ss_crawler | [motherboard_matcher] MotherboardMatcher initialized with 5732 motherboards
2026-05-30 21:35:06 | INFO     | ss_crawler | [computer_monitor_matcher] ComputerMonitorMatcher initialized with 20272 monitors
2026-05-30 21:35:06 | INFO     | ss_crawler | [computer_matcher] ComputerMatcher initialized: 5320 CPUs, 631 GPUs, 5284 RAMs, 2451 SSDs, 2895 PSUs, 5742 Cases, 5732 Motherboards, 20272 Monitors
2026-05-30 21:35:06 | INFO     | ss_crawler | [computer_scraper] Loaded references: 5320 CPUs, 631 GPUs, 5284 RAMs, 2451 SSDs, 2895 PSUs, 5742 Cases, 5732 Motherboards, 20272 Monitors
2026-05-30 21:35:06 | INFO     | ss_crawler | [crawler] Fetching single computer listing: https://www.ss.com/msg/lv/electronics/computers/pc/gexxm.html
2026-05-30 21:35:09 | INFO     | ss_crawler | [ssd_matcher] SSDMatcher initialized with 16 SSDs
2026-05-30 21:35:09 | INFO     | ss_crawler | [computer_matcher] [SSD DEBUG] Set result.ssd: {'id': 769, 'brand': 'Intel', 'model': '545s', 'interface': 'SATA/AHCI', 'form_factor': '2.5" & M.2 (256GB)', 'capacity_gb': 256, 'controller': 'SMI SM2259', 'configuration': 'Single-core, 4-ch, 8-CE/ch', 'has_dram': True, 'hmb': None, 'nand_brand': 'Intel', 'nand_type': 'TLC', 'layers': '64', 'read_speed_mb': 550, 'write_speed_mb': 500, 'category': 'High-End SATA', 'notes': None, 'search_keywords': ['545', 'intel 545s', 'intel', '545s', 'intel 545'], 'normalized_name': 'intel 545s', 'name': 'Intel 545s'}
2026-05-30 21:35:10 | INFO     | ss_crawler | [listing_versioning] Detected ID reuse for gexxm: 'Datori un orgtehnika/Datori/ Pārdod' (v1) → new listing (v2)
2026-05-30 21:35:10 | INFO     | ss_crawler | [computer_scraper] Single scrape result: unchanged - Unchanged: Datori un orgtehnika/Datori/ Pārdod...
2026-05-30 21:35:10 | INFO     | ss_crawler | [ssd_matcher] SSDMatcher initialized with 16 SSDs
2026-05-30 21:35:10 | INFO     | ss_crawler | [computer_matcher] [SSD DEBUG] Set result.ssd: {'id': 769, 'brand': 'Intel', 'model': '545s', 'interface': 'SATA/AHCI', 'form_factor': '2.5" & M.2 (256GB)', 'capacity_gb': 256, 'controller': 'SMI SM2259', 'configuration': 'Single-core, 4-ch, 8-CE/ch', 'has_dram': True, 'hmb': None, 'nand_brand': 'Intel', 'nand_type': 'TLC', 'layers': '64', 'read_speed_mb': 550, 'write_speed_mb': 500, 'category': 'High-End SATA', 'notes': None, 'search_keywords': ['545', 'intel 545s', 'intel', '545s', 'intel 545'], 'normalized_name': 'intel 545s', 'name': 'Intel 545s'}
2026-05-30 21:35:23 | INFO     | ss_crawler | [database] Database connected: localhost:5433/ss_market
2026-05-30 21:35:24 | INFO     | ss_crawler | [psu_matcher] PSUMatcher initialized with 2895 PSU references
2026-05-30 21:42:34 | INFO     | ss_crawler | [computer_scraper] Initializing computer scraper...
2026-05-30 21:42:35 | INFO     | ss_crawler | [database] Database connected: localhost:5433/ss_market
2026-05-30 21:42:35 | INFO     | ss_crawler | [computer_scraper] Database: postgresql+psycopg2://crawler:crawler_pass@localhost:5433/ss_market
2026-05-30 21:42:37 | INFO     | ss_crawler | [cpu_matcher] CPUMatcher initialized with 5320 CPUs
2026-05-30 21:42:37 | INFO     | ss_crawler | [matcher] GPUMatcher initialized with 631 GPUs
2026-05-30 21:42:38 | INFO     | ss_crawler | [ram_matcher] RAMMatcher initialized with 5284 RAM references
2026-05-30 21:42:38 | INFO     | ss_crawler | [ssd_matcher] SSDMatcher initialized with 2451 SSDs
2026-05-30 21:42:38 | INFO     | ss_crawler | [psu_matcher] PSUMatcher initialized with 2895 PSU references
2026-05-30 21:42:39 | INFO     | ss_crawler | [case_matcher] CaseMatcher initialized with 5742 case references
2026-05-30 21:42:42 | INFO     | ss_crawler | [motherboard_matcher] MotherboardMatcher initialized with 5732 motherboards
2026-05-30 21:42:43 | INFO     | ss_crawler | [computer_monitor_matcher] ComputerMonitorMatcher initialized with 20272 monitors
2026-05-30 21:42:43 | INFO     | ss_crawler | [computer_matcher] ComputerMatcher initialized: 5320 CPUs, 631 GPUs, 5284 RAMs, 2451 SSDs, 2895 PSUs, 5742 Cases, 5732 Motherboards, 20272 Monitors
2026-05-30 21:42:43 | INFO     | ss_crawler | [computer_scraper] Loaded references: 5320 CPUs, 631 GPUs, 5284 RAMs, 2451 SSDs, 2895 PSUs, 5742 Cases, 5732 Motherboards, 20272 Monitors
2026-05-30 21:42:43 | INFO     | ss_crawler | [computer_scraper] Initializing computer scraper...
2026-05-30 21:42:43 | INFO     | ss_crawler | [database] Database connected: localhost:5433/ss_market
2026-05-30 21:42:43 | INFO     | ss_crawler | [computer_scraper] Database: postgresql+psycopg2://crawler:crawler_pass@localhost:5433/ss_market
2026-05-30 21:42:45 | INFO     | ss_crawler | [cpu_matcher] CPUMatcher initialized with 5320 CPUs
2026-05-30 21:42:45 | INFO     | ss_crawler | [matcher] GPUMatcher initialized with 631 GPUs
2026-05-30 21:42:46 | INFO     | ss_crawler | [ram_matcher] RAMMatcher initialized with 5284 RAM references
2026-05-30 21:42:46 | INFO     | ss_crawler | [ssd_matcher] SSDMatcher initialized with 2451 SSDs
2026-05-30 21:42:46 | INFO     | ss_crawler | [psu_matcher] PSUMatcher initialized with 2895 PSU references
2026-05-30 21:42:47 | INFO     | ss_crawler | [case_matcher] CaseMatcher initialized with 5742 case references
2026-05-30 21:42:50 | INFO     | ss_crawler | [motherboard_matcher] MotherboardMatcher initialized with 5732 motherboards
2026-05-30 21:42:51 | INFO     | ss_crawler | [computer_monitor_matcher] ComputerMonitorMatcher initialized with 20272 monitors
2026-05-30 21:42:51 | INFO     | ss_crawler | [computer_matcher] ComputerMatcher initialized: 5320 CPUs, 631 GPUs, 5284 RAMs, 2451 SSDs, 2895 PSUs, 5742 Cases, 5732 Motherboards, 20272 Monitors
2026-05-30 21:42:51 | INFO     | ss_crawler | [computer_scraper] Loaded references: 5320 CPUs, 631 GPUs, 5284 RAMs, 2451 SSDs, 2895 PSUs, 5742 Cases, 5732 Motherboards, 20272 Monitors
2026-05-30 21:42:51 | INFO     | ss_crawler | [crawler] Fetching single computer listing: https://www.ss.com/msg/lv/electronics/computers/pc/gexxm.html
2026-05-30 21:42:54 | INFO     | ss_crawler | [ssd_matcher] SSDMatcher initialized with 16 SSDs
2026-05-30 21:42:54 | INFO     | ss_crawler | [computer_matcher] [SSD DEBUG] Set result.ssd: {'id': 769, 'brand': 'Intel', 'model': '545s', 'interface': 'SATA/AHCI', 'form_factor': '2.5" & M.2 (256GB)', 'capacity_gb': 256, 'controller': 'SMI SM2259', 'configuration': 'Single-core, 4-ch, 8-CE/ch', 'has_dram': True, 'hmb': None, 'nand_brand': 'Intel', 'nand_type': 'TLC', 'layers': '64', 'read_speed_mb': 550, 'write_speed_mb': 500, 'category': 'High-End SATA', 'notes': None, 'search_keywords': ['545', 'intel 545s', 'intel', '545s', 'intel 545'], 'normalized_name': 'intel 545s', 'name': 'Intel 545s'}
2026-05-30 21:42:54 | INFO     | ss_crawler | [listing_versioning] Detected ID reuse for gexxm: 'Datori un orgtehnika/Datori/ Pārdod' (v1) → new listing (v2)
2026-05-30 21:42:54 | INFO     | ss_crawler | [computer_scraper] Single scrape result: unchanged - Unchanged: Datori un orgtehnika/Datori/ Pārdod...
2026-05-30 21:42:55 | INFO     | ss_crawler | [ssd_matcher] SSDMatcher initialized with 16 SSDs
2026-05-30 21:42:55 | INFO     | ss_crawler | [computer_matcher] [SSD DEBUG] Set result.ssd: {'id': 769, 'brand': 'Intel', 'model': '545s', 'interface': 'SATA/AHCI', 'form_factor': '2.5" & M.2 (256GB)', 'capacity_gb': 256, 'controller': 'SMI SM2259', 'configuration': 'Single-core, 4-ch, 8-CE/ch', 'has_dram': True, 'hmb': None, 'nand_brand': 'Intel', 'nand_type': 'TLC', 'layers': '64', 'read_speed_mb': 550, 'write_speed_mb': 500, 'category': 'High-End SATA', 'notes': None, 'search_keywords': ['545', 'intel 545s', 'intel', '545s', 'intel 545'], 'normalized_name': 'intel 545s', 'name': 'Intel 545s'}
2026-05-30 21:43:27 | INFO     | ss_crawler | [computer_scraper] Initializing computer scraper...
2026-05-30 21:43:27 | INFO     | ss_crawler | [database] Database connected: localhost:5433/ss_market
2026-05-30 21:43:27 | INFO     | ss_crawler | [computer_scraper] Database: postgresql+psycopg2://crawler:crawler_pass@localhost:5433/ss_market
2026-05-30 21:43:29 | INFO     | ss_crawler | [cpu_matcher] CPUMatcher initialized with 5320 CPUs
2026-05-30 21:43:29 | INFO     | ss_crawler | [matcher] GPUMatcher initialized with 631 GPUs
2026-05-30 21:43:30 | INFO     | ss_crawler | [ram_matcher] RAMMatcher initialized with 5284 RAM references
2026-05-30 21:43:30 | INFO     | ss_crawler | [ssd_matcher] SSDMatcher initialized with 2451 SSDs
2026-05-30 21:43:31 | INFO     | ss_crawler | [psu_matcher] PSUMatcher initialized with 2895 PSU references
2026-05-30 21:43:31 | INFO     | ss_crawler | [case_matcher] CaseMatcher initialized with 5742 case references
2026-05-30 21:43:35 | INFO     | ss_crawler | [motherboard_matcher] MotherboardMatcher initialized with 5732 motherboards
2026-05-30 21:43:36 | INFO     | ss_crawler | [computer_monitor_matcher] ComputerMonitorMatcher initialized with 20272 monitors
2026-05-30 21:43:36 | INFO     | ss_crawler | [computer_matcher] ComputerMatcher initialized: 5320 CPUs, 631 GPUs, 5284 RAMs, 2451 SSDs, 2895 PSUs, 5742 Cases, 5732 Motherboards, 20272 Monitors
2026-05-30 21:43:36 | INFO     | ss_crawler | [computer_scraper] Loaded references: 5320 CPUs, 631 GPUs, 5284 RAMs, 2451 SSDs, 2895 PSUs, 5742 Cases, 5732 Motherboards, 20272 Monitors
2026-05-30 21:43:36 | INFO     | ss_crawler | [computer_scraper] Initializing computer scraper...
2026-05-30 21:43:36 | INFO     | ss_crawler | [database] Database connected: localhost:5433/ss_market
2026-05-30 21:43:36 | INFO     | ss_crawler | [computer_scraper] Database: postgresql+psycopg2://crawler:crawler_pass@localhost:5433/ss_market
2026-05-30 21:43:38 | INFO     | ss_crawler | [cpu_matcher] CPUMatcher initialized with 5320 CPUs
2026-05-30 21:43:38 | INFO     | ss_crawler | [matcher] GPUMatcher initialized with 631 GPUs
2026-05-30 21:43:39 | INFO     | ss_crawler | [ram_matcher] RAMMatcher initialized with 5284 RAM references
2026-05-30 21:43:40 | INFO     | ss_crawler | [ssd_matcher] SSDMatcher initialized with 2451 SSDs
2026-05-30 21:43:40 | INFO     | ss_crawler | [psu_matcher] PSUMatcher initialized with 2895 PSU references
2026-05-30 21:43:40 | INFO     | ss_crawler | [case_matcher] CaseMatcher initialized with 5742 case references
2026-05-30 21:43:43 | INFO     | ss_crawler | [motherboard_matcher] MotherboardMatcher initialized with 5732 motherboards
2026-05-30 21:43:44 | INFO     | ss_crawler | [computer_monitor_matcher] ComputerMonitorMatcher initialized with 20272 monitors
2026-05-30 21:43:44 | INFO     | ss_crawler | [computer_matcher] ComputerMatcher initialized: 5320 CPUs, 631 GPUs, 5284 RAMs, 2451 SSDs, 2895 PSUs, 5742 Cases, 5732 Motherboards, 20272 Monitors
2026-05-30 21:43:44 | INFO     | ss_crawler | [computer_scraper] Loaded references: 5320 CPUs, 631 GPUs, 5284 RAMs, 2451 SSDs, 2895 PSUs, 5742 Cases, 5732 Motherboards, 20272 Monitors
2026-05-30 21:43:44 | INFO     | ss_crawler | [crawler] Fetching single computer listing: https://www.ss.com/msg/lv/electronics/computers/pc/bghgpe.html
2026-05-30 21:43:48 | INFO     | ss_crawler | [ssd_matcher] SSDMatcher initialized with 16 SSDs
2026-05-30 21:43:48 | INFO     | ss_crawler | [computer_matcher] [SSD DEBUG] Set result.ssd: {'id': 769, 'brand': 'Intel', 'model': '545s', 'interface': 'SATA/AHCI', 'form_factor': '2.5" & M.2 (256GB)', 'capacity_gb': 256, 'controller': 'SMI SM2259', 'configuration': 'Single-core, 4-ch, 8-CE/ch', 'has_dram': True, 'hmb': None, 'nand_brand': 'Intel', 'nand_type': 'TLC', 'layers': '64', 'read_speed_mb': 550, 'write_speed_mb': 500, 'category': 'High-End SATA', 'notes': None, 'search_keywords': ['545', 'intel 545s', 'intel', '545s', 'intel 545'], 'normalized_name': 'intel 545s', 'name': 'Intel 545s'}
2026-05-30 21:43:49 | INFO     | ss_crawler | [image_downloader] Downloaded image for bghgpe (stored as bghgpe_a1801dda.jpg)
2026-05-30 21:43:49 | INFO     | ss_crawler | [computer_scraper] Image saved locally: computers\bghgpe_a1801dda.jpg
2026-05-30 21:43:49 | INFO     | ss_crawler | [computer_scraper] Single scrape result: new - New: Datori un orgtehnika/Datori/ Pārdod...
2026-05-30 21:43:50 | INFO     | ss_crawler | [ssd_matcher] SSDMatcher initialized with 16 SSDs
2026-05-30 21:43:50 | INFO     | ss_crawler | [computer_matcher] [SSD DEBUG] Set result.ssd: {'id': 769, 'brand': 'Intel', 'model': '545s', 'interface': 'SATA/AHCI', 'form_factor': '2.5" & M.2 (256GB)', 'capacity_gb': 256, 'controller': 'SMI SM2259', 'configuration': 'Single-core, 4-ch, 8-CE/ch', 'has_dram': True, 'hmb': None, 'nand_brand': 'Intel', 'nand_type': 'TLC', 'layers': '64', 'read_speed_mb': 550, 'write_speed_mb': 500, 'category': 'High-End SATA', 'notes': None, 'search_keywords': ['545', 'intel 545s', 'intel', '545s', 'intel 545'], 'normalized_name': 'intel 545s', 'name': 'Intel 545s'}
2026-05-30 21:53:44 | INFO     | ss_crawler | [computer_scraper] Initializing computer scraper...
2026-05-30 21:53:44 | INFO     | ss_crawler | [database] Database connected: localhost:5433/ss_market
2026-05-30 21:53:44 | INFO     | ss_crawler | [computer_scraper] Database: postgresql+psycopg2://crawler:crawler_pass@localhost:5433/ss_market
2026-05-30 21:53:46 | INFO     | ss_crawler | [cpu_matcher] CPUMatcher initialized with 5320 CPUs
2026-05-30 21:53:46 | INFO     | ss_crawler | [matcher] GPUMatcher initialized with 631 GPUs
2026-05-30 21:53:47 | INFO     | ss_crawler | [ram_matcher] RAMMatcher initialized with 5284 RAM references
2026-05-30 21:53:47 | INFO     | ss_crawler | [ssd_matcher] SSDMatcher initialized with 2451 SSDs
2026-05-30 21:53:47 | INFO     | ss_crawler | [psu_matcher] PSUMatcher initialized with 2895 PSU references
2026-05-30 21:53:48 | INFO     | ss_crawler | [case_matcher] CaseMatcher initialized with 5742 case references
2026-05-30 21:53:50 | INFO     | ss_crawler | [motherboard_matcher] MotherboardMatcher initialized with 5732 motherboards
2026-05-30 21:53:51 | INFO     | ss_crawler | [computer_monitor_matcher] ComputerMonitorMatcher initialized with 20272 monitors
2026-05-30 21:53:51 | INFO     | ss_crawler | [computer_matcher] ComputerMatcher initialized: 5320 CPUs, 631 GPUs, 5284 RAMs, 2451 SSDs, 2895 PSUs, 5742 Cases, 5732 Motherboards, 20272 Monitors
2026-05-30 21:53:51 | INFO     | ss_crawler | [computer_scraper] Loaded references: 5320 CPUs, 631 GPUs, 5284 RAMs, 2451 SSDs, 2895 PSUs, 5742 Cases, 5732 Motherboards, 20272 Monitors
2026-05-30 21:53:51 | INFO     | ss_crawler | [computer_scraper] Initializing computer scraper...
2026-05-30 21:53:51 | INFO     | ss_crawler | [database] Database connected: localhost:5433/ss_market
2026-05-30 21:53:51 | INFO     | ss_crawler | [computer_scraper] Database: postgresql+psycopg2://crawler:crawler_pass@localhost:5433/ss_market
2026-05-30 21:53:52 | INFO     | ss_crawler | [cpu_matcher] CPUMatcher initialized with 5320 CPUs
2026-05-30 21:53:52 | INFO     | ss_crawler | [matcher] GPUMatcher initialized with 631 GPUs
2026-05-30 21:53:53 | INFO     | ss_crawler | [ram_matcher] RAMMatcher initialized with 5284 RAM references
2026-05-30 21:53:53 | INFO     | ss_crawler | [ssd_matcher] SSDMatcher initialized with 2451 SSDs
2026-05-30 21:53:53 | INFO     | ss_crawler | [psu_matcher] PSUMatcher initialized with 2895 PSU references
2026-05-30 21:53:54 | INFO     | ss_crawler | [case_matcher] CaseMatcher initialized with 5742 case references
2026-05-30 21:53:56 | INFO     | ss_crawler | [motherboard_matcher] MotherboardMatcher initialized with 5732 motherboards
2026-05-30 21:53:57 | INFO     | ss_crawler | [computer_monitor_matcher] ComputerMonitorMatcher initialized with 20272 monitors
2026-05-30 21:53:57 | INFO     | ss_crawler | [computer_matcher] ComputerMatcher initialized: 5320 CPUs, 631 GPUs, 5284 RAMs, 2451 SSDs, 2895 PSUs, 5742 Cases, 5732 Motherboards, 20272 Monitors
2026-05-30 21:53:57 | INFO     | ss_crawler | [computer_scraper] Loaded references: 5320 CPUs, 631 GPUs, 5284 RAMs, 2451 SSDs, 2895 PSUs, 5742 Cases, 5732 Motherboards, 20272 Monitors
2026-05-30 21:53:57 | INFO     | ss_crawler | [crawler] Fetching single computer listing: https://www.ss.com/msg/lv/electronics/computers/pc/bghgpe.html
2026-05-30 21:54:00 | INFO     | ss_crawler | [ssd_matcher] SSDMatcher initialized with 16 SSDs
2026-05-30 21:54:00 | INFO     | ss_crawler | [computer_matcher] [SSD DEBUG] Set result.ssd: {'id': 769, 'brand': 'Intel', 'model': '545s', 'interface': 'SATA/AHCI', 'form_factor': '2.5" & M.2 (256GB)', 'capacity_gb': 256, 'controller': 'SMI SM2259', 'configuration': 'Single-core, 4-ch, 8-CE/ch', 'has_dram': True, 'hmb': None, 'nand_brand': 'Intel', 'nand_type': 'TLC', 'layers': '64', 'read_speed_mb': 550, 'write_speed_mb': 500, 'category': 'High-End SATA', 'notes': None, 'search_keywords': ['545', 'intel 545s', 'intel', '545s', 'intel 545'], 'normalized_name': 'intel 545s', 'name': 'Intel 545s'}
2026-05-30 21:54:00 | INFO     | ss_crawler | [listing_versioning] Detected ID reuse for bghgpe: 'Datori un orgtehnika/Datori/ Pārdod' (v1) → new listing (v2)
2026-05-30 21:54:00 | INFO     | ss_crawler | [computer_scraper] Single scrape result: new_version - New version (2): Datori un orgtehnika/Datori/ Pārdod...
2026-05-30 21:54:01 | INFO     | ss_crawler | [ssd_matcher] SSDMatcher initialized with 16 SSDs
2026-05-30 21:54:01 | INFO     | ss_crawler | [computer_matcher] [SSD DEBUG] Set result.ssd: {'id': 769, 'brand': 'Intel', 'model': '545s', 'interface': 'SATA/AHCI', 'form_factor': '2.5" & M.2 (256GB)', 'capacity_gb': 256, 'controller': 'SMI SM2259', 'configuration': 'Single-core, 4-ch, 8-CE/ch', 'has_dram': True, 'hmb': None, 'nand_brand': 'Intel', 'nand_type': 'TLC', 'layers': '64', 'read_speed_mb': 550, 'write_speed_mb': 500, 'category': 'High-End SATA', 'notes': None, 'search_keywords': ['545', 'intel 545s', 'intel', '545s', 'intel 545'], 'normalized_name': 'intel 545s', 'name': 'Intel 545s'}
2026-05-30 22:01:18 | INFO     | ss_crawler | [computer_scraper] Initializing computer scraper...
2026-05-30 22:01:19 | INFO     | ss_crawler | [database] Database connected: localhost:5433/ss_market
2026-05-30 22:01:19 | INFO     | ss_crawler | [computer_scraper] Database: postgresql+psycopg2://crawler:crawler_pass@localhost:5433/ss_market
2026-05-30 22:01:21 | INFO     | ss_crawler | [cpu_matcher] CPUMatcher initialized with 5320 CPUs
2026-05-30 22:01:21 | INFO     | ss_crawler | [matcher] GPUMatcher initialized with 631 GPUs
2026-05-30 22:01:22 | INFO     | ss_crawler | [ram_matcher] RAMMatcher initialized with 5284 RAM references
2026-05-30 22:01:22 | INFO     | ss_crawler | [ssd_matcher] SSDMatcher initialized with 2451 SSDs
2026-05-30 22:01:22 | INFO     | ss_crawler | [psu_matcher] PSUMatcher initialized with 2895 PSU references
2026-05-30 22:01:23 | INFO     | ss_crawler | [case_matcher] CaseMatcher initialized with 5742 case references
2026-05-30 22:01:26 | INFO     | ss_crawler | [motherboard_matcher] MotherboardMatcher initialized with 5732 motherboards
2026-05-30 22:01:26 | INFO     | ss_crawler | [computer_monitor_matcher] ComputerMonitorMatcher initialized with 20272 monitors
2026-05-30 22:01:26 | INFO     | ss_crawler | [computer_matcher] ComputerMatcher initialized: 5320 CPUs, 631 GPUs, 5284 RAMs, 2451 SSDs, 2895 PSUs, 5742 Cases, 5732 Motherboards, 20272 Monitors
2026-05-30 22:01:26 | INFO     | ss_crawler | [computer_scraper] Loaded references: 5320 CPUs, 631 GPUs, 5284 RAMs, 2451 SSDs, 2895 PSUs, 5742 Cases, 5732 Motherboards, 20272 Monitors
2026-05-30 22:01:26 | INFO     | ss_crawler | [computer_scraper] Initializing computer scraper...
2026-05-30 22:01:26 | INFO     | ss_crawler | [database] Database connected: localhost:5433/ss_market
2026-05-30 22:01:26 | INFO     | ss_crawler | [computer_scraper] Database: postgresql+psycopg2://crawler:crawler_pass@localhost:5433/ss_market
2026-05-30 22:01:29 | INFO     | ss_crawler | [cpu_matcher] CPUMatcher initialized with 5320 CPUs
2026-05-30 22:01:29 | INFO     | ss_crawler | [matcher] GPUMatcher initialized with 631 GPUs
2026-05-30 22:01:30 | INFO     | ss_crawler | [ram_matcher] RAMMatcher initialized with 5284 RAM references
2026-05-30 22:01:30 | INFO     | ss_crawler | [ssd_matcher] SSDMatcher initialized with 2451 SSDs
2026-05-30 22:01:30 | INFO     | ss_crawler | [psu_matcher] PSUMatcher initialized with 2895 PSU references
2026-05-30 22:01:31 | INFO     | ss_crawler | [case_matcher] CaseMatcher initialized with 5742 case references
2026-05-30 22:01:34 | INFO     | ss_crawler | [motherboard_matcher] MotherboardMatcher initialized with 5732 motherboards
2026-05-30 22:01:35 | INFO     | ss_crawler | [computer_monitor_matcher] ComputerMonitorMatcher initialized with 20272 monitors
2026-05-30 22:01:35 | INFO     | ss_crawler | [computer_matcher] ComputerMatcher initialized: 5320 CPUs, 631 GPUs, 5284 RAMs, 2451 SSDs, 2895 PSUs, 5742 Cases, 5732 Motherboards, 20272 Monitors
2026-05-30 22:01:35 | INFO     | ss_crawler | [computer_scraper] Loaded references: 5320 CPUs, 631 GPUs, 5284 RAMs, 2451 SSDs, 2895 PSUs, 5742 Cases, 5732 Motherboards, 20272 Monitors
2026-05-30 22:01:35 | INFO     | ss_crawler | [crawler] Fetching single computer listing: https://www.ss.com/msg/lv/electronics/computers/pc/bghgpe.html
2026-05-30 22:01:40 | INFO     | ss_crawler | [ssd_matcher] SSDMatcher initialized with 16 SSDs
2026-05-30 22:01:40 | INFO     | ss_crawler | [computer_matcher] [SSD DEBUG] Set result.ssd: {'id': 769, 'brand': 'Intel', 'model': '545s', 'interface': 'SATA/AHCI', 'form_factor': '2.5" & M.2 (256GB)', 'capacity_gb': 256, 'controller': 'SMI SM2259', 'configuration': 'Single-core, 4-ch, 8-CE/ch', 'has_dram': True, 'hmb': None, 'nand_brand': 'Intel', 'nand_type': 'TLC', 'layers': '64', 'read_speed_mb': 550, 'write_speed_mb': 500, 'category': 'High-End SATA', 'notes': None, 'search_keywords': ['545', 'intel 545s', 'intel', '545s', 'intel 545'], 'normalized_name': 'intel 545s', 'name': 'Intel 545s'}
2026-05-30 22:01:40 | INFO     | ss_crawler | [listing_versioning] Detected ID reuse for bghgpe: 'Datori un orgtehnika/Datori/ Pārdod' (v1) → new listing (v2)
2026-05-30 22:01:40 | INFO     | ss_crawler | [computer_scraper] Single scrape result: unchanged - Unchanged: Datori un orgtehnika/Datori/ Pārdod...
2026-05-30 22:01:41 | INFO     | ss_crawler | [ssd_matcher] SSDMatcher initialized with 16 SSDs
2026-05-30 22:01:41 | INFO     | ss_crawler | [computer_matcher] [SSD DEBUG] Set result.ssd: {'id': 769, 'brand': 'Intel', 'model': '545s', 'interface': 'SATA/AHCI', 'form_factor': '2.5" & M.2 (256GB)', 'capacity_gb': 256, 'controller': 'SMI SM2259', 'configuration': 'Single-core, 4-ch, 8-CE/ch', 'has_dram': True, 'hmb': None, 'nand_brand': 'Intel', 'nand_type': 'TLC', 'layers': '64', 'read_speed_mb': 550, 'write_speed_mb': 500, 'category': 'High-End SATA', 'notes': None, 'search_keywords': ['545', 'intel 545s', 'intel', '545s', 'intel 545'], 'normalized_name': 'intel 545s', 'name': 'Intel 545s'}
2026-05-30 22:02:19 | INFO     | ss_crawler | [computer_scraper] Initializing computer scraper...
2026-05-30 22:02:19 | INFO     | ss_crawler | [database] Database connected: localhost:5433/ss_market
2026-05-30 22:02:19 | INFO     | ss_crawler | [computer_scraper] Database: postgresql+psycopg2://crawler:crawler_pass@localhost:5433/ss_market
2026-05-30 22:02:20 | INFO     | ss_crawler | [cpu_matcher] CPUMatcher initialized with 5320 CPUs
2026-05-30 22:02:20 | INFO     | ss_crawler | [matcher] GPUMatcher initialized with 631 GPUs
2026-05-30 22:02:21 | INFO     | ss_crawler | [ram_matcher] RAMMatcher initialized with 5284 RAM references
2026-05-30 22:02:21 | INFO     | ss_crawler | [ssd_matcher] SSDMatcher initialized with 2451 SSDs
2026-05-30 22:02:22 | INFO     | ss_crawler | [psu_matcher] PSUMatcher initialized with 2895 PSU references
2026-05-30 22:02:22 | INFO     | ss_crawler | [case_matcher] CaseMatcher initialized with 5742 case references
2026-05-30 22:02:24 | INFO     | ss_crawler | [motherboard_matcher] MotherboardMatcher initialized with 5732 motherboards
2026-05-30 22:02:25 | INFO     | ss_crawler | [computer_monitor_matcher] ComputerMonitorMatcher initialized with 20272 monitors
2026-05-30 22:02:25 | INFO     | ss_crawler | [computer_matcher] ComputerMatcher initialized: 5320 CPUs, 631 GPUs, 5284 RAMs, 2451 SSDs, 2895 PSUs, 5742 Cases, 5732 Motherboards, 20272 Monitors
2026-05-30 22:02:25 | INFO     | ss_crawler | [computer_scraper] Loaded references: 5320 CPUs, 631 GPUs, 5284 RAMs, 2451 SSDs, 2895 PSUs, 5742 Cases, 5732 Motherboards, 20272 Monitors
2026-05-30 22:02:25 | INFO     | ss_crawler | [computer_scraper] Initializing computer scraper...
2026-05-30 22:02:25 | INFO     | ss_crawler | [database] Database connected: localhost:5433/ss_market
2026-05-30 22:02:25 | INFO     | ss_crawler | [computer_scraper] Database: postgresql+psycopg2://crawler:crawler_pass@localhost:5433/ss_market
2026-05-30 22:02:27 | INFO     | ss_crawler | [cpu_matcher] CPUMatcher initialized with 5320 CPUs
2026-05-30 22:02:27 | INFO     | ss_crawler | [matcher] GPUMatcher initialized with 631 GPUs
2026-05-30 22:02:28 | INFO     | ss_crawler | [ram_matcher] RAMMatcher initialized with 5284 RAM references
2026-05-30 22:02:28 | INFO     | ss_crawler | [ssd_matcher] SSDMatcher initialized with 2451 SSDs
2026-05-30 22:02:28 | INFO     | ss_crawler | [psu_matcher] PSUMatcher initialized with 2895 PSU references
2026-05-30 22:02:29 | INFO     | ss_crawler | [case_matcher] CaseMatcher initialized with 5742 case references
2026-05-30 22:02:32 | INFO     | ss_crawler | [motherboard_matcher] MotherboardMatcher initialized with 5732 motherboards
2026-05-30 22:02:32 | INFO     | ss_crawler | [computer_monitor_matcher] ComputerMonitorMatcher initialized with 20272 monitors
2026-05-30 22:02:32 | INFO     | ss_crawler | [computer_matcher] ComputerMatcher initialized: 5320 CPUs, 631 GPUs, 5284 RAMs, 2451 SSDs, 2895 PSUs, 5742 Cases, 5732 Motherboards, 20272 Monitors
2026-05-30 22:02:32 | INFO     | ss_crawler | [computer_scraper] Loaded references: 5320 CPUs, 631 GPUs, 5284 RAMs, 2451 SSDs, 2895 PSUs, 5742 Cases, 5732 Motherboards, 20272 Monitors
2026-05-30 22:02:32 | INFO     | ss_crawler | [crawler] Fetching single computer listing: https://www.ss.com/msg/lv/electronics/computers/pc/lpebc.html
2026-05-30 22:02:38 | INFO     | ss_crawler | [image_downloader] Downloaded image for lpebc (stored as lpebc_c82b06e1.jpg)
2026-05-30 22:02:38 | INFO     | ss_crawler | [computer_scraper] Image saved locally: computers\lpebc_c82b06e1.jpg
2026-05-30 22:02:38 | INFO     | ss_crawler | [computer_scraper] Single scrape result: new - New: Datori un orgtehnika/Datori/ Pārdod...
2026-05-30 22:18:01 | INFO     | ss_crawler | [computer_scraper] Initializing computer scraper...
2026-05-30 22:18:01 | INFO     | ss_crawler | [database] Database connected: localhost:5433/ss_market
2026-05-30 22:18:01 | INFO     | ss_crawler | [computer_scraper] Database: postgresql+psycopg2://crawler:crawler_pass@localhost:5433/ss_market
2026-05-30 22:18:02 | INFO     | ss_crawler | [cpu_matcher] CPUMatcher initialized with 5320 CPUs
2026-05-30 22:18:02 | INFO     | ss_crawler | [matcher] GPUMatcher initialized with 631 GPUs
2026-05-30 22:18:03 | INFO     | ss_crawler | [ram_matcher] RAMMatcher initialized with 5284 RAM references
2026-05-30 22:18:03 | INFO     | ss_crawler | [ssd_matcher] SSDMatcher initialized with 2451 SSDs
2026-05-30 22:18:04 | INFO     | ss_crawler | [psu_matcher] PSUMatcher initialized with 2895 PSU references
2026-05-30 22:18:04 | INFO     | ss_crawler | [case_matcher] CaseMatcher initialized with 5742 case references
2026-05-30 22:18:06 | INFO     | ss_crawler | [motherboard_matcher] MotherboardMatcher initialized with 5732 motherboards
2026-05-30 22:18:07 | INFO     | ss_crawler | [computer_monitor_matcher] ComputerMonitorMatcher initialized with 20272 monitors
2026-05-30 22:18:07 | INFO     | ss_crawler | [computer_matcher] ComputerMatcher initialized: 5320 CPUs, 631 GPUs, 5284 RAMs, 2451 SSDs, 2895 PSUs, 5742 Cases, 5732 Motherboards, 20272 Monitors
2026-05-30 22:18:07 | INFO     | ss_crawler | [computer_scraper] Loaded references: 5320 CPUs, 631 GPUs, 5284 RAMs, 2451 SSDs, 2895 PSUs, 5742 Cases, 5732 Motherboards, 20272 Monitors
2026-05-30 22:18:07 | INFO     | ss_crawler | [computer_scraper] Initializing computer scraper...
2026-05-30 22:18:07 | INFO     | ss_crawler | [database] Database connected: localhost:5433/ss_market
2026-05-30 22:18:07 | INFO     | ss_crawler | [computer_scraper] Database: postgresql+psycopg2://crawler:crawler_pass@localhost:5433/ss_market
2026-05-30 22:18:09 | INFO     | ss_crawler | [cpu_matcher] CPUMatcher initialized with 5320 CPUs
2026-05-30 22:18:09 | INFO     | ss_crawler | [matcher] GPUMatcher initialized with 631 GPUs
2026-05-30 22:18:10 | INFO     | ss_crawler | [ram_matcher] RAMMatcher initialized with 5284 RAM references
2026-05-30 22:18:10 | INFO     | ss_crawler | [ssd_matcher] SSDMatcher initialized with 2451 SSDs
2026-05-30 22:18:10 | INFO     | ss_crawler | [psu_matcher] PSUMatcher initialized with 2895 PSU references
2026-05-30 22:18:11 | INFO     | ss_crawler | [case_matcher] CaseMatcher initialized with 5742 case references
2026-05-30 22:18:13 | INFO     | ss_crawler | [motherboard_matcher] MotherboardMatcher initialized with 5732 motherboards
2026-05-30 22:18:14 | INFO     | ss_crawler | [computer_monitor_matcher] ComputerMonitorMatcher initialized with 20272 monitors
2026-05-30 22:18:14 | INFO     | ss_crawler | [computer_matcher] ComputerMatcher initialized: 5320 CPUs, 631 GPUs, 5284 RAMs, 2451 SSDs, 2895 PSUs, 5742 Cases, 5732 Motherboards, 20272 Monitors
2026-05-30 22:18:14 | INFO     | ss_crawler | [computer_scraper] Loaded references: 5320 CPUs, 631 GPUs, 5284 RAMs, 2451 SSDs, 2895 PSUs, 5742 Cases, 5732 Motherboards, 20272 Monitors
2026-05-30 22:18:14 | INFO     | ss_crawler | [crawler] Fetching single computer listing: https://www.ss.com/msg/lv/electronics/computers/pc/lpebc.html
2026-05-30 22:18:20 | INFO     | ss_crawler | [listing_versioning] Detected ID reuse for lpebc: 'Datori un orgtehnika/Datori/ Pārdod' (v1) → new listing (v2)
2026-05-30 22:18:20 | INFO     | ss_crawler | [computer_scraper] Single scrape result: new_version - New version (2): Datori un orgtehnika/Datori/ Pārdod...
2026-05-30 22:19:22 | INFO     | ss_crawler | [computer_scraper] Initializing computer scraper...
2026-05-30 22:19:22 | INFO     | ss_crawler | [database] Database connected: localhost:5433/ss_market
2026-05-30 22:19:22 | INFO     | ss_crawler | [computer_scraper] Database: postgresql+psycopg2://crawler:crawler_pass@localhost:5433/ss_market
2026-05-30 22:19:24 | INFO     | ss_crawler | [cpu_matcher] CPUMatcher initialized with 5320 CPUs
2026-05-30 22:19:24 | INFO     | ss_crawler | [matcher] GPUMatcher initialized with 631 GPUs
2026-05-30 22:19:25 | INFO     | ss_crawler | [ram_matcher] RAMMatcher initialized with 5284 RAM references
2026-05-30 22:19:25 | INFO     | ss_crawler | [ssd_matcher] SSDMatcher initialized with 2451 SSDs
2026-05-30 22:19:25 | INFO     | ss_crawler | [psu_matcher] PSUMatcher initialized with 2895 PSU references
2026-05-30 22:19:25 | INFO     | ss_crawler | [case_matcher] CaseMatcher initialized with 5742 case references
2026-05-30 22:19:28 | INFO     | ss_crawler | [motherboard_matcher] MotherboardMatcher initialized with 5732 motherboards
2026-05-30 22:19:29 | INFO     | ss_crawler | [computer_monitor_matcher] ComputerMonitorMatcher initialized with 20272 monitors
2026-05-30 22:19:29 | INFO     | ss_crawler | [computer_matcher] ComputerMatcher initialized: 5320 CPUs, 631 GPUs, 5284 RAMs, 2451 SSDs, 2895 PSUs, 5742 Cases, 5732 Motherboards, 20272 Monitors
2026-05-30 22:19:29 | INFO     | ss_crawler | [computer_scraper] Loaded references: 5320 CPUs, 631 GPUs, 5284 RAMs, 2451 SSDs, 2895 PSUs, 5742 Cases, 5732 Motherboards, 20272 Monitors
2026-05-30 22:19:29 | INFO     | ss_crawler | [computer_scraper] Initializing computer scraper...
2026-05-30 22:19:29 | INFO     | ss_crawler | [database] Database connected: localhost:5433/ss_market
2026-05-30 22:19:29 | INFO     | ss_crawler | [computer_scraper] Database: postgresql+psycopg2://crawler:crawler_pass@localhost:5433/ss_market
2026-05-30 22:19:31 | INFO     | ss_crawler | [cpu_matcher] CPUMatcher initialized with 5320 CPUs
2026-05-30 22:19:31 | INFO     | ss_crawler | [matcher] GPUMatcher initialized with 631 GPUs
2026-05-30 22:19:31 | INFO     | ss_crawler | [ram_matcher] RAMMatcher initialized with 5284 RAM references
2026-05-30 22:19:32 | INFO     | ss_crawler | [ssd_matcher] SSDMatcher initialized with 2451 SSDs
2026-05-30 22:19:32 | INFO     | ss_crawler | [psu_matcher] PSUMatcher initialized with 2895 PSU references
2026-05-30 22:19:32 | INFO     | ss_crawler | [case_matcher] CaseMatcher initialized with 5742 case references
2026-05-30 22:19:35 | INFO     | ss_crawler | [motherboard_matcher] MotherboardMatcher initialized with 5732 motherboards
2026-05-30 22:19:35 | INFO     | ss_crawler | [computer_monitor_matcher] ComputerMonitorMatcher initialized with 20272 monitors
2026-05-30 22:19:35 | INFO     | ss_crawler | [computer_matcher] ComputerMatcher initialized: 5320 CPUs, 631 GPUs, 5284 RAMs, 2451 SSDs, 2895 PSUs, 5742 Cases, 5732 Motherboards, 20272 Monitors
2026-05-30 22:19:35 | INFO     | ss_crawler | [computer_scraper] Loaded references: 5320 CPUs, 631 GPUs, 5284 RAMs, 2451 SSDs, 2895 PSUs, 5742 Cases, 5732 Motherboards, 20272 Monitors
2026-05-30 22:19:35 | INFO     | ss_crawler | [crawler] Fetching single computer listing: https://www.ss.com/msg/lv/electronics/computers/pc/fcmdx.html
2026-05-30 22:19:39 | INFO     | ss_crawler | [ssd_matcher] SSDMatcher initialized with 41 SSDs
2026-05-30 22:19:39 | INFO     | ss_crawler | [computer_matcher] [SSD DEBUG] Set result.ssd: {'id': 576, 'brand': 'Gigabyte', 'model': 'NVMe', 'interface': 'x2 PCIe 3.0/NVMe', 'form_factor': 'M.2', 'capacity_gb': 128, 'controller': 'Phison E8T', 'configuration': 'Dual-core, 4-ch, 8-CE/ch', 'has_dram': False, 'hmb': 'Yes', 'nand_brand': 'Kioxia', 'nand_type': 'TLC', 'layers': '64', 'read_speed_mb': 1550, 'write_speed_mb': 850, 'category': 'Entry-Level NVMe', 'notes': None, 'search_keywords': ['gigabyte nvme', 'nvme', 'gigabyte'], 'normalized_name': 'gigabyte nvme', 'name': 'Gigabyte NVMe'}
2026-05-30 22:19:39 | INFO     | ss_crawler | [image_downloader] Downloaded image for fcmdx (stored as fcmdx_91c3c234.jpg)
2026-05-30 22:19:39 | INFO     | ss_crawler | [computer_scraper] Image saved locally: computers\fcmdx_91c3c234.jpg
2026-05-30 22:19:39 | INFO     | ss_crawler | [computer_scraper] Single scrape result: new - New: Datori un orgtehnika/Datori/ Pārdod...
2026-05-30 22:19:40 | INFO     | ss_crawler | [ssd_matcher] SSDMatcher initialized with 41 SSDs
2026-05-30 22:19:40 | INFO     | ss_crawler | [computer_matcher] [SSD DEBUG] Set result.ssd: {'id': 576, 'brand': 'Gigabyte', 'model': 'NVMe', 'interface': 'x2 PCIe 3.0/NVMe', 'form_factor': 'M.2', 'capacity_gb': 128, 'controller': 'Phison E8T', 'configuration': 'Dual-core, 4-ch, 8-CE/ch', 'has_dram': False, 'hmb': 'Yes', 'nand_brand': 'Kioxia', 'nand_type': 'TLC', 'layers': '64', 'read_speed_mb': 1550, 'write_speed_mb': 850, 'category': 'Entry-Level NVMe', 'notes': None, 'search_keywords': ['gigabyte nvme', 'nvme', 'gigabyte'], 'normalized_name': 'gigabyte nvme', 'name': 'Gigabyte NVMe'}
2026-05-30 22:33:47 | INFO     | ss_crawler | [computer_scraper] Initializing computer scraper...
2026-05-30 22:33:48 | INFO     | ss_crawler | [database] Database connected: localhost:5433/ss_market
2026-05-30 22:33:48 | INFO     | ss_crawler | [computer_scraper] Database: postgresql+psycopg2://crawler:crawler_pass@localhost:5433/ss_market
2026-05-30 22:33:49 | INFO     | ss_crawler | [cpu_matcher] CPUMatcher initialized with 5320 CPUs
2026-05-30 22:33:49 | INFO     | ss_crawler | [matcher] GPUMatcher initialized with 631 GPUs
2026-05-30 22:33:50 | INFO     | ss_crawler | [ram_matcher] RAMMatcher initialized with 5284 RAM references
2026-05-30 22:33:50 | INFO     | ss_crawler | [ssd_matcher] SSDMatcher initialized with 2452 SSDs
2026-05-30 22:33:50 | INFO     | ss_crawler | [psu_matcher] PSUMatcher initialized with 2895 PSU references
2026-05-30 22:33:51 | INFO     | ss_crawler | [case_matcher] CaseMatcher initialized with 5742 case references
2026-05-30 22:33:53 | INFO     | ss_crawler | [motherboard_matcher] MotherboardMatcher initialized with 5732 motherboards
2026-05-30 22:33:54 | INFO     | ss_crawler | [computer_monitor_matcher] ComputerMonitorMatcher initialized with 20272 monitors
2026-05-30 22:33:54 | INFO     | ss_crawler | [computer_matcher] ComputerMatcher initialized: 5320 CPUs, 631 GPUs, 5284 RAMs, 2452 SSDs, 2895 PSUs, 5742 Cases, 5732 Motherboards, 20272 Monitors
2026-05-30 22:33:54 | INFO     | ss_crawler | [computer_scraper] Loaded references: 5320 CPUs, 631 GPUs, 5284 RAMs, 2452 SSDs, 2895 PSUs, 5742 Cases, 5732 Motherboards, 20272 Monitors
2026-05-30 22:33:54 | INFO     | ss_crawler | [computer_scraper] Initializing computer scraper...
2026-05-30 22:33:54 | INFO     | ss_crawler | [database] Database connected: localhost:5433/ss_market
2026-05-30 22:33:54 | INFO     | ss_crawler | [computer_scraper] Database: postgresql+psycopg2://crawler:crawler_pass@localhost:5433/ss_market
2026-05-30 22:33:56 | INFO     | ss_crawler | [cpu_matcher] CPUMatcher initialized with 5320 CPUs
2026-05-30 22:33:56 | INFO     | ss_crawler | [matcher] GPUMatcher initialized with 631 GPUs
2026-05-30 22:33:56 | INFO     | ss_crawler | [ram_matcher] RAMMatcher initialized with 5284 RAM references
2026-05-30 22:33:57 | INFO     | ss_crawler | [ssd_matcher] SSDMatcher initialized with 2452 SSDs
2026-05-30 22:33:57 | INFO     | ss_crawler | [psu_matcher] PSUMatcher initialized with 2895 PSU references
2026-05-30 22:33:57 | INFO     | ss_crawler | [case_matcher] CaseMatcher initialized with 5742 case references
2026-05-30 22:34:00 | INFO     | ss_crawler | [motherboard_matcher] MotherboardMatcher initialized with 5732 motherboards
2026-05-30 22:34:00 | INFO     | ss_crawler | [computer_monitor_matcher] ComputerMonitorMatcher initialized with 20272 monitors
2026-05-30 22:34:00 | INFO     | ss_crawler | [computer_matcher] ComputerMatcher initialized: 5320 CPUs, 631 GPUs, 5284 RAMs, 2452 SSDs, 2895 PSUs, 5742 Cases, 5732 Motherboards, 20272 Monitors
2026-05-30 22:34:00 | INFO     | ss_crawler | [computer_scraper] Loaded references: 5320 CPUs, 631 GPUs, 5284 RAMs, 2452 SSDs, 2895 PSUs, 5742 Cases, 5732 Motherboards, 20272 Monitors
2026-05-30 22:34:01 | INFO     | ss_crawler | [crawler] Fetching single computer listing: https://www.ss.com/msg/lv/electronics/computers/pc/fcmdx.html
2026-05-30 22:34:03 | INFO     | ss_crawler | [ssd_matcher] SSDMatcher initialized with 41 SSDs
2026-05-30 22:34:03 | INFO     | ss_crawler | [computer_matcher] [SSD DEBUG] Set result.ssd: {'id': 576, 'brand': 'Gigabyte', 'model': 'NVMe', 'interface': 'x2 PCIe 3.0/NVMe', 'form_factor': 'M.2', 'capacity_gb': 128, 'controller': 'Phison E8T', 'configuration': 'Dual-core, 4-ch, 8-CE/ch', 'has_dram': False, 'hmb': 'Yes', 'nand_brand': 'Kioxia', 'nand_type': 'TLC', 'layers': '64', 'read_speed_mb': 1550, 'write_speed_mb': 850, 'category': 'Entry-Level NVMe', 'notes': None, 'search_keywords': ['gigabyte nvme', 'nvme', 'gigabyte'], 'normalized_name': 'gigabyte nvme', 'name': 'Gigabyte NVMe'}
2026-05-30 22:48:56 | INFO     | ss_crawler | [computer_scraper] Initializing computer scraper...
2026-05-30 22:48:56 | INFO     | ss_crawler | [database] Database connected: localhost:5433/ss_market
2026-05-30 22:48:56 | INFO     | ss_crawler | [computer_scraper] Database: postgresql+psycopg2://crawler:crawler_pass@localhost:5433/ss_market
2026-05-30 22:48:58 | INFO     | ss_crawler | [cpu_matcher] CPUMatcher initialized with 5320 CPUs
2026-05-30 22:48:58 | INFO     | ss_crawler | [matcher] GPUMatcher initialized with 631 GPUs
2026-05-30 22:48:59 | INFO     | ss_crawler | [ram_matcher] RAMMatcher initialized with 5284 RAM references
2026-05-30 22:49:00 | INFO     | ss_crawler | [ssd_matcher] SSDMatcher initialized with 2452 SSDs
2026-05-30 22:49:00 | INFO     | ss_crawler | [psu_matcher] PSUMatcher initialized with 2895 PSU references
2026-05-30 22:49:01 | INFO     | ss_crawler | [case_matcher] CaseMatcher initialized with 5742 case references
2026-05-30 22:49:04 | INFO     | ss_crawler | [motherboard_matcher] MotherboardMatcher initialized with 5732 motherboards
2026-05-30 22:49:04 | INFO     | ss_crawler | [computer_monitor_matcher] ComputerMonitorMatcher initialized with 20272 monitors
2026-05-30 22:49:04 | INFO     | ss_crawler | [computer_matcher] ComputerMatcher initialized: 5320 CPUs, 631 GPUs, 5284 RAMs, 2452 SSDs, 2895 PSUs, 5742 Cases, 5732 Motherboards, 20272 Monitors
2026-05-30 22:49:04 | INFO     | ss_crawler | [computer_scraper] Loaded references: 5320 CPUs, 631 GPUs, 5284 RAMs, 2452 SSDs, 2895 PSUs, 5742 Cases, 5732 Motherboards, 20272 Monitors
2026-05-30 22:49:04 | INFO     | ss_crawler | [computer_scraper] Initializing computer scraper...
2026-05-30 22:49:04 | INFO     | ss_crawler | [database] Database connected: localhost:5433/ss_market
2026-05-30 22:49:04 | INFO     | ss_crawler | [computer_scraper] Database: postgresql+psycopg2://crawler:crawler_pass@localhost:5433/ss_market
2026-05-30 22:49:07 | INFO     | ss_crawler | [cpu_matcher] CPUMatcher initialized with 5320 CPUs
2026-05-30 22:49:07 | INFO     | ss_crawler | [matcher] GPUMatcher initialized with 631 GPUs
2026-05-30 22:49:07 | INFO     | ss_crawler | [ram_matcher] RAMMatcher initialized with 5284 RAM references
2026-05-30 22:49:08 | INFO     | ss_crawler | [ssd_matcher] SSDMatcher initialized with 2452 SSDs
2026-05-30 22:49:08 | INFO     | ss_crawler | [psu_matcher] PSUMatcher initialized with 2895 PSU references
2026-05-30 22:49:09 | INFO     | ss_crawler | [case_matcher] CaseMatcher initialized with 5742 case references
2026-05-30 22:49:12 | INFO     | ss_crawler | [motherboard_matcher] MotherboardMatcher initialized with 5732 motherboards
2026-05-30 22:49:12 | INFO     | ss_crawler | [computer_monitor_matcher] ComputerMonitorMatcher initialized with 20272 monitors
2026-05-30 22:49:13 | INFO     | ss_crawler | [computer_matcher] ComputerMatcher initialized: 5320 CPUs, 631 GPUs, 5284 RAMs, 2452 SSDs, 2895 PSUs, 5742 Cases, 5732 Motherboards, 20272 Monitors
2026-05-30 22:49:13 | INFO     | ss_crawler | [computer_scraper] Loaded references: 5320 CPUs, 631 GPUs, 5284 RAMs, 2452 SSDs, 2895 PSUs, 5742 Cases, 5732 Motherboards, 20272 Monitors
2026-05-30 22:49:13 | INFO     | ss_crawler | [crawler] Fetching single computer listing: https://www.ss.com/msg/lv/electronics/computers/pc/fcmdx.html
2026-05-30 22:49:17 | INFO     | ss_crawler | [ssd_matcher] SSDMatcher initialized with 41 SSDs
2026-05-30 22:49:17 | INFO     | ss_crawler | [computer_matcher] [SSD DEBUG] Set result.ssd: {'id': 576, 'brand': 'Gigabyte', 'model': 'NVMe', 'interface': 'x2 PCIe 3.0/NVMe', 'form_factor': 'M.2', 'capacity_gb': 128, 'controller': 'Phison E8T', 'configuration': 'Dual-core, 4-ch, 8-CE/ch', 'has_dram': False, 'hmb': 'Yes', 'nand_brand': 'Kioxia', 'nand_type': 'TLC', 'layers': '64', 'read_speed_mb': 1550, 'write_speed_mb': 850, 'category': 'Entry-Level NVMe', 'notes': None, 'search_keywords': ['gigabyte nvme', 'nvme', 'gigabyte'], 'normalized_name': 'gigabyte nvme', 'name': 'Gigabyte NVMe'}
2026-05-30 22:49:17 | INFO     | ss_crawler | [listing_versioning] Detected ID reuse for fcmdx: 'Datori un orgtehnika/Datori/ Pārdod' (v1) → new listing (v2)
2026-05-30 22:49:17 | INFO     | ss_crawler | [computer_scraper] Single scrape result: new_version - New version (2): Datori un orgtehnika/Datori/ Pārdod...
2026-05-30 22:49:17 | INFO     | ss_crawler | [ssd_matcher] SSDMatcher initialized with 41 SSDs
2026-05-30 22:49:17 | INFO     | ss_crawler | [computer_matcher] [SSD DEBUG] Set result.ssd: {'id': 576, 'brand': 'Gigabyte', 'model': 'NVMe', 'interface': 'x2 PCIe 3.0/NVMe', 'form_factor': 'M.2', 'capacity_gb': 128, 'controller': 'Phison E8T', 'configuration': 'Dual-core, 4-ch, 8-CE/ch', 'has_dram': False, 'hmb': 'Yes', 'nand_brand': 'Kioxia', 'nand_type': 'TLC', 'layers': '64', 'read_speed_mb': 1550, 'write_speed_mb': 850, 'category': 'Entry-Level NVMe', 'notes': None, 'search_keywords': ['gigabyte nvme', 'nvme', 'gigabyte'], 'normalized_name': 'gigabyte nvme', 'name': 'Gigabyte NVMe'}
2026-05-30 22:58:01 | INFO     | ss_crawler | [computer_scraper] Initializing computer scraper...
2026-05-30 22:58:01 | INFO     | ss_crawler | [database] Database connected: localhost:5433/ss_market
2026-05-30 22:58:01 | INFO     | ss_crawler | [computer_scraper] Database: postgresql+psycopg2://crawler:crawler_pass@localhost:5433/ss_market
2026-05-30 22:58:04 | INFO     | ss_crawler | [cpu_matcher] CPUMatcher initialized with 5320 CPUs
2026-05-30 22:58:04 | INFO     | ss_crawler | [matcher] GPUMatcher initialized with 631 GPUs
2026-05-30 22:58:04 | INFO     | ss_crawler | [ram_matcher] RAMMatcher initialized with 5284 RAM references
2026-05-30 22:58:05 | INFO     | ss_crawler | [ssd_matcher] SSDMatcher initialized with 2452 SSDs
2026-05-30 22:58:05 | INFO     | ss_crawler | [psu_matcher] PSUMatcher initialized with 2895 PSU references
2026-05-30 22:58:05 | INFO     | ss_crawler | [case_matcher] CaseMatcher initialized with 5742 case references
2026-05-30 22:58:09 | INFO     | ss_crawler | [motherboard_matcher] MotherboardMatcher initialized with 5732 motherboards
2026-05-30 22:58:10 | INFO     | ss_crawler | [computer_monitor_matcher] ComputerMonitorMatcher initialized with 20272 monitors
2026-05-30 22:58:10 | INFO     | ss_crawler | [computer_matcher] ComputerMatcher initialized: 5320 CPUs, 631 GPUs, 5284 RAMs, 2452 SSDs, 2895 PSUs, 5742 Cases, 5732 Motherboards, 20272 Monitors
2026-05-30 22:58:10 | INFO     | ss_crawler | [computer_scraper] Loaded references: 5320 CPUs, 631 GPUs, 5284 RAMs, 2452 SSDs, 2895 PSUs, 5742 Cases, 5732 Motherboards, 20272 Monitors
2026-05-30 22:58:10 | INFO     | ss_crawler | [computer_scraper] Initializing computer scraper...
2026-05-30 22:58:10 | INFO     | ss_crawler | [database] Database connected: localhost:5433/ss_market
2026-05-30 22:58:10 | INFO     | ss_crawler | [computer_scraper] Database: postgresql+psycopg2://crawler:crawler_pass@localhost:5433/ss_market
2026-05-30 22:58:12 | INFO     | ss_crawler | [cpu_matcher] CPUMatcher initialized with 5320 CPUs
2026-05-30 22:58:12 | INFO     | ss_crawler | [matcher] GPUMatcher initialized with 631 GPUs
2026-05-30 22:58:13 | INFO     | ss_crawler | [ram_matcher] RAMMatcher initialized with 5284 RAM references
2026-05-30 22:58:13 | INFO     | ss_crawler | [ssd_matcher] SSDMatcher initialized with 2452 SSDs
2026-05-30 22:58:14 | INFO     | ss_crawler | [psu_matcher] PSUMatcher initialized with 2895 PSU references
2026-05-30 22:58:14 | INFO     | ss_crawler | [case_matcher] CaseMatcher initialized with 5742 case references
2026-05-30 22:58:17 | INFO     | ss_crawler | [motherboard_matcher] MotherboardMatcher initialized with 5732 motherboards
2026-05-30 22:58:18 | INFO     | ss_crawler | [computer_monitor_matcher] ComputerMonitorMatcher initialized with 20272 monitors
2026-05-30 22:58:18 | INFO     | ss_crawler | [computer_matcher] ComputerMatcher initialized: 5320 CPUs, 631 GPUs, 5284 RAMs, 2452 SSDs, 2895 PSUs, 5742 Cases, 5732 Motherboards, 20272 Monitors
2026-05-30 22:58:18 | INFO     | ss_crawler | [computer_scraper] Loaded references: 5320 CPUs, 631 GPUs, 5284 RAMs, 2452 SSDs, 2895 PSUs, 5742 Cases, 5732 Motherboards, 20272 Monitors
2026-05-30 22:58:18 | INFO     | ss_crawler | [crawler] Fetching single computer listing: https://www.ss.com/msg/lv/electronics/computers/pc/fcmdx.html
2026-05-30 22:58:21 | INFO     | ss_crawler | [ssd_matcher] SSDMatcher initialized with 41 SSDs
2026-05-30 22:58:21 | INFO     | ss_crawler | [computer_matcher] [SSD DEBUG] Set result.ssd: {'id': 576, 'brand': 'Gigabyte', 'model': 'NVMe', 'interface': 'x2 PCIe 3.0/NVMe', 'form_factor': 'M.2', 'capacity_gb': 128, 'controller': 'Phison E8T', 'configuration': 'Dual-core, 4-ch, 8-CE/ch', 'has_dram': False, 'hmb': 'Yes', 'nand_brand': 'Kioxia', 'nand_type': 'TLC', 'layers': '64', 'read_speed_mb': 1550, 'write_speed_mb': 850, 'category': 'Entry-Level NVMe', 'notes': None, 'search_keywords': ['gigabyte nvme', 'nvme', 'gigabyte'], 'normalized_name': 'gigabyte nvme', 'name': 'Gigabyte NVMe'}
2026-05-30 22:58:22 | INFO     | ss_crawler | [listing_versioning] Detected ID reuse for fcmdx: 'Datori un orgtehnika/Datori/ Pārdod' (v1) → new listing (v2)
2026-05-30 22:58:22 | INFO     | ss_crawler | [computer_scraper] Single scrape result: unchanged - Unchanged: Datori un orgtehnika/Datori/ Pārdod...
2026-05-30 22:58:22 | INFO     | ss_crawler | [ssd_matcher] SSDMatcher initialized with 41 SSDs
2026-05-30 22:58:22 | INFO     | ss_crawler | [computer_matcher] [SSD DEBUG] Set result.ssd: {'id': 576, 'brand': 'Gigabyte', 'model': 'NVMe', 'interface': 'x2 PCIe 3.0/NVMe', 'form_factor': 'M.2', 'capacity_gb': 128, 'controller': 'Phison E8T', 'configuration': 'Dual-core, 4-ch, 8-CE/ch', 'has_dram': False, 'hmb': 'Yes', 'nand_brand': 'Kioxia', 'nand_type': 'TLC', 'layers': '64', 'read_speed_mb': 1550, 'write_speed_mb': 850, 'category': 'Entry-Level NVMe', 'notes': None, 'search_keywords': ['gigabyte nvme', 'nvme', 'gigabyte'], 'normalized_name': 'gigabyte nvme', 'name': 'Gigabyte NVMe'}
2026-05-30 23:04:49 | INFO     | ss_crawler | [computer_scraper] Initializing computer scraper...
2026-05-30 23:04:49 | INFO     | ss_crawler | [database] Database connected: localhost:5433/ss_market
2026-05-30 23:04:49 | INFO     | ss_crawler | [computer_scraper] Database: postgresql+psycopg2://crawler:crawler_pass@localhost:5433/ss_market
2026-05-30 23:04:51 | INFO     | ss_crawler | [cpu_matcher] CPUMatcher initialized with 5320 CPUs
2026-05-30 23:04:51 | INFO     | ss_crawler | [matcher] GPUMatcher initialized with 631 GPUs
2026-05-30 23:04:51 | INFO     | ss_crawler | [ram_matcher] RAMMatcher initialized with 5284 RAM references
2026-05-30 23:04:52 | INFO     | ss_crawler | [ssd_matcher] SSDMatcher initialized with 2452 SSDs
2026-05-30 23:04:52 | INFO     | ss_crawler | [psu_matcher] PSUMatcher initialized with 2895 PSU references
2026-05-30 23:04:52 | INFO     | ss_crawler | [case_matcher] CaseMatcher initialized with 5742 case references
2026-05-30 23:04:55 | INFO     | ss_crawler | [motherboard_matcher] MotherboardMatcher initialized with 5732 motherboards
2026-05-30 23:04:56 | INFO     | ss_crawler | [computer_monitor_matcher] ComputerMonitorMatcher initialized with 20272 monitors
2026-05-30 23:04:56 | INFO     | ss_crawler | [computer_matcher] ComputerMatcher initialized: 5320 CPUs, 631 GPUs, 5284 RAMs, 2452 SSDs, 2895 PSUs, 5742 Cases, 5732 Motherboards, 20272 Monitors
2026-05-30 23:04:56 | INFO     | ss_crawler | [computer_scraper] Loaded references: 5320 CPUs, 631 GPUs, 5284 RAMs, 2452 SSDs, 2895 PSUs, 5742 Cases, 5732 Motherboards, 20272 Monitors
2026-05-30 23:04:56 | INFO     | ss_crawler | [computer_scraper] Initializing computer scraper...
2026-05-30 23:04:56 | INFO     | ss_crawler | [database] Database connected: localhost:5433/ss_market
2026-05-30 23:04:56 | INFO     | ss_crawler | [computer_scraper] Database: postgresql+psycopg2://crawler:crawler_pass@localhost:5433/ss_market
2026-05-30 23:04:57 | INFO     | ss_crawler | [cpu_matcher] CPUMatcher initialized with 5320 CPUs
2026-05-30 23:04:57 | INFO     | ss_crawler | [matcher] GPUMatcher initialized with 631 GPUs
2026-05-30 23:04:58 | INFO     | ss_crawler | [ram_matcher] RAMMatcher initialized with 5284 RAM references
2026-05-30 23:04:58 | INFO     | ss_crawler | [ssd_matcher] SSDMatcher initialized with 2452 SSDs
2026-05-30 23:04:58 | INFO     | ss_crawler | [psu_matcher] PSUMatcher initialized with 2895 PSU references
2026-05-30 23:04:59 | INFO     | ss_crawler | [case_matcher] CaseMatcher initialized with 5742 case references
2026-05-30 23:05:01 | INFO     | ss_crawler | [motherboard_matcher] MotherboardMatcher initialized with 5732 motherboards
2026-05-30 23:05:02 | INFO     | ss_crawler | [computer_monitor_matcher] ComputerMonitorMatcher initialized with 20272 monitors
2026-05-30 23:05:02 | INFO     | ss_crawler | [computer_matcher] ComputerMatcher initialized: 5320 CPUs, 631 GPUs, 5284 RAMs, 2452 SSDs, 2895 PSUs, 5742 Cases, 5732 Motherboards, 20272 Monitors
2026-05-30 23:05:02 | INFO     | ss_crawler | [computer_scraper] Loaded references: 5320 CPUs, 631 GPUs, 5284 RAMs, 2452 SSDs, 2895 PSUs, 5742 Cases, 5732 Motherboards, 20272 Monitors
2026-05-30 23:05:02 | INFO     | ss_crawler | [crawler] Fetching single computer listing: https://www.ss.com/msg/lv/electronics/computers/pc/fcmdx.html
2026-05-30 23:05:05 | INFO     | ss_crawler | [ssd_matcher] SSDMatcher initialized with 80 SSDs
2026-05-30 23:05:05 | INFO     | ss_crawler | [computer_matcher] [SSD DEBUG] Set result.ssd: {'id': 2454, 'brand': 'Patriot', 'model': 'P210', 'interface': 'SATA/AHCI', 'form_factor': '2.5"', 'capacity_gb': 128, 'controller': None, 'configuration': None, 'has_dram': False, 'hmb': None, 'nand_brand': None, 'nand_type': 'TLC', 'layers': None, 'read_speed_mb': 500, 'write_speed_mb': 400, 'category': 'Entry-Level SATA', 'notes': 'Budget SATA SSD', 'search_keywords': ['patriot p210', 'p210', 'patriot', 'patriot p210 128gb', 'p210 128gb'], 'normalized_name': 'patriot p210', 'name': 'Patriot P210'}
2026-05-30 23:05:05 | INFO     | ss_crawler | [listing_versioning] Detected ID reuse for fcmdx: 'Datori un orgtehnika/Datori/ Pārdod' (v1) → new listing (v2)
2026-05-30 23:05:05 | INFO     | ss_crawler | [computer_scraper] Single scrape result: unchanged - Unchanged: Datori un orgtehnika/Datori/ Pārdod...
2026-05-30 23:05:05 | INFO     | ss_crawler | [ssd_matcher] SSDMatcher initialized with 80 SSDs
2026-05-30 23:05:05 | INFO     | ss_crawler | [computer_matcher] [SSD DEBUG] Set result.ssd: {'id': 2454, 'brand': 'Patriot', 'model': 'P210', 'interface': 'SATA/AHCI', 'form_factor': '2.5"', 'capacity_gb': 128, 'controller': None, 'configuration': None, 'has_dram': False, 'hmb': None, 'nand_brand': None, 'nand_type': 'TLC', 'layers': None, 'read_speed_mb': 500, 'write_speed_mb': 400, 'category': 'Entry-Level SATA', 'notes': 'Budget SATA SSD', 'search_keywords': ['patriot p210', 'p210', 'patriot', 'patriot p210 128gb', 'p210 128gb'], 'normalized_name': 'patriot p210', 'name': 'Patriot P210'}
2026-05-30 23:10:20 | INFO     | ss_crawler | [computer_scraper] Initializing computer scraper...
2026-05-30 23:10:20 | INFO     | ss_crawler | [database] Database connected: localhost:5433/ss_market
2026-05-30 23:10:20 | INFO     | ss_crawler | [computer_scraper] Database: postgresql+psycopg2://crawler:crawler_pass@localhost:5433/ss_market
2026-05-30 23:10:22 | INFO     | ss_crawler | [cpu_matcher] CPUMatcher initialized with 5320 CPUs
2026-05-30 23:10:22 | INFO     | ss_crawler | [matcher] GPUMatcher initialized with 631 GPUs
2026-05-30 23:10:23 | INFO     | ss_crawler | [ram_matcher] RAMMatcher initialized with 5284 RAM references
2026-05-30 23:10:23 | INFO     | ss_crawler | [ssd_matcher] SSDMatcher initialized with 2452 SSDs
2026-05-30 23:10:23 | INFO     | ss_crawler | [psu_matcher] PSUMatcher initialized with 2895 PSU references
2026-05-30 23:10:24 | INFO     | ss_crawler | [case_matcher] CaseMatcher initialized with 5742 case references
2026-05-30 23:10:26 | INFO     | ss_crawler | [motherboard_matcher] MotherboardMatcher initialized with 5732 motherboards
2026-05-30 23:10:27 | INFO     | ss_crawler | [computer_monitor_matcher] ComputerMonitorMatcher initialized with 20272 monitors
2026-05-30 23:10:27 | INFO     | ss_crawler | [computer_matcher] ComputerMatcher initialized: 5320 CPUs, 631 GPUs, 5284 RAMs, 2452 SSDs, 2895 PSUs, 5742 Cases, 5732 Motherboards, 20272 Monitors
2026-05-30 23:10:27 | INFO     | ss_crawler | [computer_scraper] Loaded references: 5320 CPUs, 631 GPUs, 5284 RAMs, 2452 SSDs, 2895 PSUs, 5742 Cases, 5732 Motherboards, 20272 Monitors
2026-05-30 23:10:27 | INFO     | ss_crawler | [computer_scraper] Initializing computer scraper...
2026-05-30 23:10:27 | INFO     | ss_crawler | [database] Database connected: localhost:5433/ss_market
2026-05-30 23:10:27 | INFO     | ss_crawler | [computer_scraper] Database: postgresql+psycopg2://crawler:crawler_pass@localhost:5433/ss_market
2026-05-30 23:10:30 | INFO     | ss_crawler | [cpu_matcher] CPUMatcher initialized with 5320 CPUs
2026-05-30 23:10:30 | INFO     | ss_crawler | [matcher] GPUMatcher initialized with 631 GPUs
2026-05-30 23:10:30 | INFO     | ss_crawler | [ram_matcher] RAMMatcher initialized with 5284 RAM references
2026-05-30 23:10:31 | INFO     | ss_crawler | [ssd_matcher] SSDMatcher initialized with 2452 SSDs
2026-05-30 23:10:31 | INFO     | ss_crawler | [psu_matcher] PSUMatcher initialized with 2895 PSU references
2026-05-30 23:10:31 | INFO     | ss_crawler | [case_matcher] CaseMatcher initialized with 5742 case references
2026-05-30 23:10:34 | INFO     | ss_crawler | [motherboard_matcher] MotherboardMatcher initialized with 5732 motherboards
2026-05-30 23:10:35 | INFO     | ss_crawler | [computer_monitor_matcher] ComputerMonitorMatcher initialized with 20272 monitors
2026-05-30 23:10:35 | INFO     | ss_crawler | [computer_matcher] ComputerMatcher initialized: 5320 CPUs, 631 GPUs, 5284 RAMs, 2452 SSDs, 2895 PSUs, 5742 Cases, 5732 Motherboards, 20272 Monitors
2026-05-30 23:10:35 | INFO     | ss_crawler | [computer_scraper] Loaded references: 5320 CPUs, 631 GPUs, 5284 RAMs, 2452 SSDs, 2895 PSUs, 5742 Cases, 5732 Motherboards, 20272 Monitors
2026-05-30 23:10:35 | INFO     | ss_crawler | [crawler] Fetching single computer listing: https://www.ss.com/msg/lv/electronics/computers/pc/dggkl.html
2026-05-30 23:10:38 | INFO     | ss_crawler | [ssd_matcher] SSDMatcher initialized with 95 SSDs
2026-05-30 23:10:38 | INFO     | ss_crawler | [computer_matcher] [SSD DEBUG] Set result.ssd: {'id': 811, 'brand': 'Kingston', 'model': 'A400', 'interface': 'SATA/AHCI', 'form_factor': '2.5"', 'capacity_gb': 120, 'controller': 'Phison S11', 'configuration': 'Single-core, 2-ch, 8-CE/ch', 'has_dram': False, 'hmb': None, 'nand_brand': 'Kioxia', 'nand_type': 'TLC', 'layers': '32+', 'read_speed_mb': 500, 'write_speed_mb': 450, 'category': 'Entry-Level SATA', 'notes': 'QLC/SMI at higher cap.', 'search_keywords': ['kingston a400', '400', 'a400', 'kingston 400', 'kingston'], 'normalized_name': 'kingston a400', 'name': 'Kingston A400'}
2026-05-30 23:10:39 | INFO     | ss_crawler | [image_downloader] Downloaded image for dggkl (stored as dggkl_9e879a55.jpg)
2026-05-30 23:10:39 | INFO     | ss_crawler | [computer_scraper] Image saved locally: computers\dggkl_9e879a55.jpg
2026-05-30 23:10:39 | INFO     | ss_crawler | [computer_scraper] Single scrape result: new - New: Datori un orgtehnika/Datori/ Pārdod...
2026-05-30 23:10:39 | INFO     | ss_crawler | [ssd_matcher] SSDMatcher initialized with 95 SSDs
2026-05-30 23:10:39 | INFO     | ss_crawler | [computer_matcher] [SSD DEBUG] Set result.ssd: {'id': 811, 'brand': 'Kingston', 'model': 'A400', 'interface': 'SATA/AHCI', 'form_factor': '2.5"', 'capacity_gb': 120, 'controller': 'Phison S11', 'configuration': 'Single-core, 2-ch, 8-CE/ch', 'has_dram': False, 'hmb': None, 'nand_brand': 'Kioxia', 'nand_type': 'TLC', 'layers': '32+', 'read_speed_mb': 500, 'write_speed_mb': 450, 'category': 'Entry-Level SATA', 'notes': 'QLC/SMI at higher cap.', 'search_keywords': ['kingston a400', '400', 'a400', 'kingston 400', 'kingston'], 'normalized_name': 'kingston a400', 'name': 'Kingston A400'}
2026-05-30 23:19:13 | INFO     | ss_crawler | [computer_scraper] Initializing computer scraper...
2026-05-30 23:19:13 | INFO     | ss_crawler | [database] Database connected: localhost:5433/ss_market
2026-05-30 23:19:13 | INFO     | ss_crawler | [computer_scraper] Database: postgresql+psycopg2://crawler:crawler_pass@localhost:5433/ss_market
2026-05-30 23:19:15 | INFO     | ss_crawler | [cpu_matcher] CPUMatcher initialized with 5320 CPUs
2026-05-30 23:19:15 | INFO     | ss_crawler | [matcher] GPUMatcher initialized with 631 GPUs
2026-05-30 23:19:15 | INFO     | ss_crawler | [ram_matcher] RAMMatcher initialized with 5284 RAM references
2026-05-30 23:19:15 | INFO     | ss_crawler | [ssd_matcher] SSDMatcher initialized with 2452 SSDs
2026-05-30 23:19:16 | INFO     | ss_crawler | [psu_matcher] PSUMatcher initialized with 2895 PSU references
2026-05-30 23:19:16 | INFO     | ss_crawler | [case_matcher] CaseMatcher initialized with 5742 case references
2026-05-30 23:19:19 | INFO     | ss_crawler | [motherboard_matcher] MotherboardMatcher initialized with 5732 motherboards
2026-05-30 23:19:20 | INFO     | ss_crawler | [computer_monitor_matcher] ComputerMonitorMatcher initialized with 20272 monitors
2026-05-30 23:19:20 | INFO     | ss_crawler | [computer_matcher] ComputerMatcher initialized: 5320 CPUs, 631 GPUs, 5284 RAMs, 2452 SSDs, 2895 PSUs, 5742 Cases, 5732 Motherboards, 20272 Monitors
2026-05-30 23:19:20 | INFO     | ss_crawler | [computer_scraper] Loaded references: 5320 CPUs, 631 GPUs, 5284 RAMs, 2452 SSDs, 2895 PSUs, 5742 Cases, 5732 Motherboards, 20272 Monitors
2026-05-30 23:19:20 | INFO     | ss_crawler | [computer_scraper] Initializing computer scraper...
2026-05-30 23:19:20 | INFO     | ss_crawler | [database] Database connected: localhost:5433/ss_market
2026-05-30 23:19:20 | INFO     | ss_crawler | [computer_scraper] Database: postgresql+psycopg2://crawler:crawler_pass@localhost:5433/ss_market
2026-05-30 23:19:22 | INFO     | ss_crawler | [cpu_matcher] CPUMatcher initialized with 5320 CPUs
2026-05-30 23:19:22 | INFO     | ss_crawler | [matcher] GPUMatcher initialized with 631 GPUs
2026-05-30 23:19:22 | INFO     | ss_crawler | [ram_matcher] RAMMatcher initialized with 5284 RAM references
2026-05-30 23:19:23 | INFO     | ss_crawler | [ssd_matcher] SSDMatcher initialized with 2452 SSDs
2026-05-30 23:19:23 | INFO     | ss_crawler | [psu_matcher] PSUMatcher initialized with 2895 PSU references
2026-05-30 23:19:23 | INFO     | ss_crawler | [case_matcher] CaseMatcher initialized with 5742 case references
2026-05-30 23:19:26 | INFO     | ss_crawler | [motherboard_matcher] MotherboardMatcher initialized with 5732 motherboards
2026-05-30 23:19:27 | INFO     | ss_crawler | [computer_monitor_matcher] ComputerMonitorMatcher initialized with 20272 monitors
2026-05-30 23:19:27 | INFO     | ss_crawler | [computer_matcher] ComputerMatcher initialized: 5320 CPUs, 631 GPUs, 5284 RAMs, 2452 SSDs, 2895 PSUs, 5742 Cases, 5732 Motherboards, 20272 Monitors
2026-05-30 23:19:27 | INFO     | ss_crawler | [computer_scraper] Loaded references: 5320 CPUs, 631 GPUs, 5284 RAMs, 2452 SSDs, 2895 PSUs, 5742 Cases, 5732 Motherboards, 20272 Monitors
2026-05-30 23:19:27 | INFO     | ss_crawler | [crawler] Fetching single computer listing: https://www.ss.com/msg/lv/electronics/computers/pc/dggkl.html
2026-05-30 23:19:30 | INFO     | ss_crawler | [ssd_matcher] SSDMatcher initialized with 95 SSDs
2026-05-30 23:19:30 | INFO     | ss_crawler | [computer_matcher] [SSD DEBUG] Set result.ssd: {'id': 811, 'brand': 'Kingston', 'model': 'A400', 'interface': 'SATA/AHCI', 'form_factor': '2.5"', 'capacity_gb': 120, 'controller': 'Phison S11', 'configuration': 'Single-core, 2-ch, 8-CE/ch', 'has_dram': False, 'hmb': None, 'nand_brand': 'Kioxia', 'nand_type': 'TLC', 'layers': '32+', 'read_speed_mb': 500, 'write_speed_mb': 450, 'category': 'Entry-Level SATA', 'notes': 'QLC/SMI at higher cap.', 'search_keywords': ['kingston a400', '400', 'a400', 'kingston 400', 'kingston'], 'normalized_name': 'kingston a400', 'name': 'Kingston A400'}
2026-05-30 23:19:30 | INFO     | ss_crawler | [listing_versioning] Detected ID reuse for dggkl: 'Datori un orgtehnika/Datori/ Pārdod' (v1) → new listing (v2)
2026-05-30 23:19:30 | INFO     | ss_crawler | [computer_scraper] Single scrape result: new_version - New version (2): Datori un orgtehnika/Datori/ Pārdod...
2026-05-30 23:19:30 | INFO     | ss_crawler | [ssd_matcher] SSDMatcher initialized with 95 SSDs
2026-05-30 23:19:30 | INFO     | ss_crawler | [computer_matcher] [SSD DEBUG] Set result.ssd: {'id': 811, 'brand': 'Kingston', 'model': 'A400', 'interface': 'SATA/AHCI', 'form_factor': '2.5"', 'capacity_gb': 120, 'controller': 'Phison S11', 'configuration': 'Single-core, 2-ch, 8-CE/ch', 'has_dram': False, 'hmb': None, 'nand_brand': 'Kioxia', 'nand_type': 'TLC', 'layers': '32+', 'read_speed_mb': 500, 'write_speed_mb': 450, 'category': 'Entry-Level SATA', 'notes': 'QLC/SMI at higher cap.', 'search_keywords': ['kingston a400', '400', 'a400', 'kingston 400', 'kingston'], 'normalized_name': 'kingston a400', 'name': 'Kingston A400'}
2026-05-30 23:20:02 | INFO     | ss_crawler | [computer_scraper] Initializing computer scraper...
2026-05-30 23:20:02 | INFO     | ss_crawler | [database] Database connected: localhost:5433/ss_market
2026-05-30 23:20:02 | INFO     | ss_crawler | [computer_scraper] Database: postgresql+psycopg2://crawler:crawler_pass@localhost:5433/ss_market
2026-05-30 23:20:04 | INFO     | ss_crawler | [cpu_matcher] CPUMatcher initialized with 5320 CPUs
2026-05-30 23:20:04 | INFO     | ss_crawler | [matcher] GPUMatcher initialized with 631 GPUs
2026-05-30 23:20:04 | INFO     | ss_crawler | [ram_matcher] RAMMatcher initialized with 5284 RAM references
2026-05-30 23:20:05 | INFO     | ss_crawler | [ssd_matcher] SSDMatcher initialized with 2452 SSDs
2026-05-30 23:20:05 | INFO     | ss_crawler | [psu_matcher] PSUMatcher initialized with 2895 PSU references
2026-05-30 23:20:05 | INFO     | ss_crawler | [case_matcher] CaseMatcher initialized with 5742 case references
2026-05-30 23:20:08 | INFO     | ss_crawler | [motherboard_matcher] MotherboardMatcher initialized with 5732 motherboards
2026-05-30 23:20:09 | INFO     | ss_crawler | [computer_monitor_matcher] ComputerMonitorMatcher initialized with 20272 monitors
2026-05-30 23:20:09 | INFO     | ss_crawler | [computer_matcher] ComputerMatcher initialized: 5320 CPUs, 631 GPUs, 5284 RAMs, 2452 SSDs, 2895 PSUs, 5742 Cases, 5732 Motherboards, 20272 Monitors
2026-05-30 23:20:09 | INFO     | ss_crawler | [computer_scraper] Loaded references: 5320 CPUs, 631 GPUs, 5284 RAMs, 2452 SSDs, 2895 PSUs, 5742 Cases, 5732 Motherboards, 20272 Monitors
2026-05-30 23:20:09 | INFO     | ss_crawler | [computer_scraper] Initializing computer scraper...
2026-05-30 23:20:09 | INFO     | ss_crawler | [database] Database connected: localhost:5433/ss_market
2026-05-30 23:20:09 | INFO     | ss_crawler | [computer_scraper] Database: postgresql+psycopg2://crawler:crawler_pass@localhost:5433/ss_market
2026-05-30 23:20:11 | INFO     | ss_crawler | [cpu_matcher] CPUMatcher initialized with 5320 CPUs
2026-05-30 23:20:11 | INFO     | ss_crawler | [matcher] GPUMatcher initialized with 631 GPUs
2026-05-30 23:20:11 | INFO     | ss_crawler | [ram_matcher] RAMMatcher initialized with 5284 RAM references
2026-05-30 23:20:12 | INFO     | ss_crawler | [ssd_matcher] SSDMatcher initialized with 2452 SSDs
2026-05-30 23:20:12 | INFO     | ss_crawler | [psu_matcher] PSUMatcher initialized with 2895 PSU references
2026-05-30 23:20:13 | INFO     | ss_crawler | [case_matcher] CaseMatcher initialized with 5742 case references
2026-05-30 23:20:15 | INFO     | ss_crawler | [motherboard_matcher] MotherboardMatcher initialized with 5732 motherboards
2026-05-30 23:20:16 | INFO     | ss_crawler | [computer_monitor_matcher] ComputerMonitorMatcher initialized with 20272 monitors
2026-05-30 23:20:16 | INFO     | ss_crawler | [computer_matcher] ComputerMatcher initialized: 5320 CPUs, 631 GPUs, 5284 RAMs, 2452 SSDs, 2895 PSUs, 5742 Cases, 5732 Motherboards, 20272 Monitors
2026-05-30 23:20:16 | INFO     | ss_crawler | [computer_scraper] Loaded references: 5320 CPUs, 631 GPUs, 5284 RAMs, 2452 SSDs, 2895 PSUs, 5742 Cases, 5732 Motherboards, 20272 Monitors
2026-05-30 23:20:16 | INFO     | ss_crawler | [crawler] Fetching single computer listing: https://www.ss.com/msg/lv/electronics/computers/pc/pbdnd.html
2026-05-30 23:20:20 | INFO     | ss_crawler | [ssd_matcher] SSDMatcher initialized with 90 SSDs
2026-05-30 23:20:20 | INFO     | ss_crawler | [computer_matcher] [SSD DEBUG] Set result.ssd: {'id': 1576, 'brand': 'Samsung', 'model': '990 Pro', 'interface': 'x4 PCIe 4.0/NVMe', 'form_factor': 'M.2', 'capacity_gb': 2000, 'controller': 'Samsung Pascal', 'configuration': 'Cortex-R8, 8x8', 'has_dram': True, 'hmb': None, 'nand_brand': 'Samsung', 'nand_type': 'TLC', 'layers': '176', 'read_speed_mb': 7450, 'write_speed_mb': 6900, 'category': 'High-End NVMe', 'notes': '4TB 2023, upd 236L/V8', 'search_keywords': ['samsung', '990 pro', 'samsung 990', '990', 'samsung 990 pro'], 'normalized_name': 'samsung 990 pro', 'name': 'Samsung 990 Pro'}
2026-05-30 23:20:23 | INFO     | ss_crawler | [computer_monitor_matcher] Monitor matched: Philips 240B1CB (65%)
2026-05-30 23:20:23 | INFO     | ss_crawler | [image_downloader] Downloaded image for pbdnd (stored as pbdnd_41fcbbda.jpg)
2026-05-30 23:20:23 | INFO     | ss_crawler | [computer_scraper] Image saved locally: computers\pbdnd_41fcbbda.jpg
2026-05-30 23:20:23 | INFO     | ss_crawler | [computer_scraper] Single scrape result: new - New: Datori un orgtehnika/Datori/ Pārdod...
2026-05-30 23:20:24 | INFO     | ss_crawler | [ssd_matcher] SSDMatcher initialized with 90 SSDs
2026-05-30 23:20:24 | INFO     | ss_crawler | [computer_matcher] [SSD DEBUG] Set result.ssd: {'id': 1576, 'brand': 'Samsung', 'model': '990 Pro', 'interface': 'x4 PCIe 4.0/NVMe', 'form_factor': 'M.2', 'capacity_gb': 2000, 'controller': 'Samsung Pascal', 'configuration': 'Cortex-R8, 8x8', 'has_dram': True, 'hmb': None, 'nand_brand': 'Samsung', 'nand_type': 'TLC', 'layers': '176', 'read_speed_mb': 7450, 'write_speed_mb': 6900, 'category': 'High-End NVMe', 'notes': '4TB 2023, upd 236L/V8', 'search_keywords': ['samsung', '990 pro', 'samsung 990', '990', 'samsung 990 pro'], 'normalized_name': 'samsung 990 pro', 'name': 'Samsung 990 Pro'}
2026-05-30 23:20:27 | INFO     | ss_crawler | [computer_monitor_matcher] Monitor matched: Philips 240B1CB (65%)
