2026-04-18 21:52:35 | INFO     | ss_crawler | [scraper] [scraper] 🚀 Initializing scraper...
2026-04-18 21:52:35 | INFO     | ss_crawler | [database] [database] Database connected: localhost:5433/ss_market
2026-04-18 21:52:35 | INFO     | ss_crawler | [scraper] [scraper] 📦 Database: postgresql+psycopg2://crawler:crawler_pass@localhost:5433/ss_market
2026-04-18 21:52:35 | INFO     | ss_crawler | [matcher] [matcher] GPUMatcher initialized with 631 GPUs
2026-04-18 21:52:35 | INFO     | ss_crawler | [scraper] [scraper] 🎮 Loaded 631 GPU references
2026-04-18 21:52:35 | INFO     | ss_crawler | [scraper] [scraper] 📊 Scrape run started: ID 7
2026-04-18 21:52:35 | INFO     | ss_crawler | [scraper] [scraper] 📄 Fetching category: https://www.ss.com/lv/electronics/computers/completing-pc/video/
2026-04-18 21:52:35 | INFO     | ss_crawler | [crawler] [crawler] Fetching category page: https://www.ss.com/lv/electronics/computers/completing-pc/video/
2026-04-18 21:52:38 | INFO     | ss_crawler | [parser] [parser] Found 30 listings on page
2026-04-18 21:52:38 | INFO     | ss_crawler | [scraper] [scraper] 🔍 Found 30 listings to process
2026-04-18 21:52:38 | INFO     | ss_crawler | [crawler] [crawler] Fetching listing 1/30: https://www.ss.com/msg/lv/electronics/computers/completing-pc/video/lphik.html
2026-04-18 21:52:42 | INFO     | ss_crawler | [repository] [repository] New listing created: lphik
2026-04-18 21:52:42 | INFO     | ss_crawler | [scraper] [scraper] ✨ NEW: Processed: new
2026-04-18 21:52:42 | INFO     | ss_crawler | [crawler] [crawler] Fetching listing 2/30: https://www.ss.com/msg/lv/electronics/computers/completing-pc/video/ifnhf.html
2026-04-18 21:52:45 | INFO     | ss_crawler | [repository] [repository] New listing created: ifnhf
2026-04-18 21:52:45 | INFO     | ss_crawler | [scraper] [scraper] ✨ NEW: Processed: new
2026-04-18 21:52:45 | INFO     | ss_crawler | [crawler] [crawler] Fetching listing 3/30: https://www.ss.com/msg/lv/electronics/computers/completing-pc/video/bjxilo.html
2026-04-18 21:52:47 | INFO     | ss_crawler | [repository] [repository] New listing created: bjxilo
2026-04-18 21:52:47 | INFO     | ss_crawler | [scraper] [scraper] ✨ NEW: Processed: new
2026-04-18 21:52:47 | INFO     | ss_crawler | [crawler] [crawler] Fetching listing 4/30: https://www.ss.com/msg/lv/electronics/computers/completing-pc/video/bpxkmp.html
2026-04-18 21:52:49 | INFO     | ss_crawler | [repository] [repository] New listing created: bpxkmp
2026-04-18 21:52:49 | INFO     | ss_crawler | [scraper] [scraper] ✨ NEW: Processed: new
2026-04-18 21:52:49 | INFO     | ss_crawler | [crawler] [crawler] Fetching listing 5/30: https://www.ss.com/msg/lv/electronics/computers/completing-pc/video/mookn.html
2026-04-18 21:52:51 | INFO     | ss_crawler | [repository] [repository] New listing created: mookn
2026-04-18 21:52:51 | INFO     | ss_crawler | [scraper] [scraper] ✨ NEW: Processed: new
2026-04-18 21:52:51 | INFO     | ss_crawler | [crawler] [crawler] Fetching listing 6/30: https://www.ss.com/msg/lv/electronics/computers/completing-pc/video/bpbecm.html
2026-04-18 21:52:53 | INFO     | ss_crawler | [scraper] [scraper] ⏭️ UNCHANGED: Processed: unchanged
2026-04-18 21:52:53 | INFO     | ss_crawler | [crawler] [crawler] Fetching listing 7/30: https://www.ss.com/msg/lv/electronics/computers/completing-pc/video/pbgln.html
2026-04-18 21:52:55 | INFO     | ss_crawler | [scraper] [scraper] ⏭️ UNCHANGED: Processed: unchanged
2026-04-18 21:52:55 | INFO     | ss_crawler | [crawler] [crawler] Fetching listing 8/30: https://www.ss.com/msg/lv/electronics/computers/completing-pc/video/ppmjm.html
2026-04-18 21:52:57 | INFO     | ss_crawler | [repository] [repository] New listing created: ppmjm
2026-04-18 21:52:57 | INFO     | ss_crawler | [scraper] [scraper] ✨ NEW: Processed: new
2026-04-18 21:52:57 | INFO     | ss_crawler | [crawler] [crawler] Fetching listing 9/30: https://www.ss.com/msg/lv/electronics/computers/completing-pc/video/pdgbh.html
2026-04-18 21:53:01 | INFO     | ss_crawler | [scraper] [scraper] ⏭️ UNCHANGED: Processed: unchanged
2026-04-18 21:53:01 | INFO     | ss_crawler | [crawler] [crawler] Fetching listing 10/30: https://www.ss.com/msg/lv/electronics/computers/completing-pc/video/dkfio.html
2026-04-18 21:53:03 | INFO     | ss_crawler | [scraper] [scraper] ⏭️ UNCHANGED: Processed: unchanged
2026-04-18 21:53:03 | INFO     | ss_crawler | [crawler] [crawler] Fetching listing 11/30: https://www.ss.com/msg/lv/electronics/computers/completing-pc/video/bkmdoe.html
2026-04-18 21:53:06 | INFO     | ss_crawler | [scraper] [scraper] ⏭️ UNCHANGED: Processed: unchanged
2026-04-18 21:53:06 | INFO     | ss_crawler | [crawler] [crawler] Fetching listing 12/30: https://www.ss.com/msg/lv/electronics/computers/completing-pc/video/bomxbe.html
2026-04-18 21:53:09 | INFO     | ss_crawler | [repository] [repository] New listing created: bomxbe
2026-04-18 21:53:09 | INFO     | ss_crawler | [scraper] [scraper] ✨ NEW: Processed: new
2026-04-18 21:53:09 | INFO     | ss_crawler | [crawler] [crawler] Fetching listing 13/30: https://www.ss.com/msg/lv/electronics/computers/completing-pc/video/fdjpc.html
2026-04-18 21:53:12 | INFO     | ss_crawler | [scraper] [scraper] ⏭️ UNCHANGED: Processed: unchanged
2026-04-18 21:53:12 | INFO     | ss_crawler | [crawler] [crawler] Fetching listing 14/30: https://www.ss.com/msg/lv/electronics/computers/completing-pc/video/nfhdf.html
2026-04-18 21:53:14 | INFO     | ss_crawler | [repository] [repository] New listing created: nfhdf
2026-04-18 21:53:14 | INFO     | ss_crawler | [scraper] [scraper] ✨ NEW: Processed: new
2026-04-18 21:53:14 | INFO     | ss_crawler | [crawler] [crawler] Fetching listing 15/30: https://www.ss.com/msg/lv/electronics/computers/completing-pc/video/ciopf.html
2026-04-18 21:53:17 | INFO     | ss_crawler | [scraper] [scraper] ⏭️ UNCHANGED: Processed: unchanged
2026-04-18 21:53:17 | INFO     | ss_crawler | [crawler] [crawler] Fetching listing 16/30: https://www.ss.com/msg/lv/electronics/computers/completing-pc/video/lnhjd.html
2026-04-18 21:53:19 | INFO     | ss_crawler | [scraper] [scraper] ⏭️ UNCHANGED: Processed: unchanged
2026-04-18 21:53:19 | INFO     | ss_crawler | [crawler] [crawler] Fetching listing 17/30: https://www.ss.com/msg/lv/electronics/computers/completing-pc/video/bopjpd.html
2026-04-18 21:53:23 | INFO     | ss_crawler | [scraper] [scraper] ⏭️ UNCHANGED: Processed: unchanged
2026-04-18 21:53:23 | INFO     | ss_crawler | [crawler] [crawler] Fetching listing 18/30: https://www.ss.com/msg/lv/electronics/computers/completing-pc/video/bolopi.html
2026-04-18 21:53:25 | INFO     | ss_crawler | [repository] [repository] New listing created: bolopi
2026-04-18 21:53:25 | INFO     | ss_crawler | [scraper] [scraper] ✨ NEW: Processed: new
2026-04-18 21:53:25 | INFO     | ss_crawler | [crawler] [crawler] Fetching listing 19/30: https://www.ss.com/msg/lv/electronics/computers/completing-pc/video/bidefd.html
2026-04-18 21:53:27 | INFO     | ss_crawler | [repository] [repository] New listing created: bidefd
2026-04-18 21:53:27 | INFO     | ss_crawler | [scraper] [scraper] ✨ NEW: Processed: new
2026-04-18 21:53:27 | INFO     | ss_crawler | [crawler] [crawler] Fetching listing 20/30: https://www.ss.com/msg/lv/electronics/computers/completing-pc/video/pdnbi.html
2026-04-18 21:53:30 | INFO     | ss_crawler | [repository] [repository] New listing created: pdnbi
2026-04-18 21:53:30 | INFO     | ss_crawler | [scraper] [scraper] ✨ NEW: Processed: new
2026-04-18 21:53:30 | INFO     | ss_crawler | [crawler] [crawler] Fetching listing 21/30: https://www.ss.com/msg/lv/electronics/computers/completing-pc/video/fmeph.html
2026-04-18 21:53:33 | INFO     | ss_crawler | [repository] [repository] New listing created: fmeph
2026-04-18 21:53:33 | INFO     | ss_crawler | [scraper] [scraper] ✨ NEW: Processed: new
2026-04-18 21:53:33 | INFO     | ss_crawler | [crawler] [crawler] Fetching listing 22/30: https://www.ss.com/msg/lv/electronics/computers/completing-pc/video/bopmbp.html
2026-04-18 21:53:34 | INFO     | ss_crawler | [repository] [repository] New listing created: bopmbp
2026-04-18 21:53:34 | INFO     | ss_crawler | [scraper] [scraper] ✨ NEW: Processed: new
2026-04-18 21:53:34 | INFO     | ss_crawler | [crawler] [crawler] Fetching listing 23/30: https://www.ss.com/msg/lv/electronics/computers/completing-pc/video/cbxhnp.html
2026-04-18 21:53:36 | INFO     | ss_crawler | [repository] [repository] New listing created: cbxhnp
2026-04-18 21:53:36 | INFO     | ss_crawler | [scraper] [scraper] ✨ NEW: Processed: new
2026-04-18 21:53:36 | INFO     | ss_crawler | [crawler] [crawler] Fetching listing 24/30: https://www.ss.com/msg/lv/electronics/computers/completing-pc/video/pdnij.html
2026-04-18 21:53:39 | INFO     | ss_crawler | [repository] [repository] New listing created: pdnij
2026-04-18 21:53:39 | INFO     | ss_crawler | [scraper] [scraper] ✨ NEW: Processed: new
2026-04-18 21:53:39 | INFO     | ss_crawler | [crawler] [crawler] Fetching listing 25/30: https://www.ss.com/msg/lv/electronics/computers/completing-pc/video/fpxll.html
2026-04-18 21:53:42 | INFO     | ss_crawler | [repository] [repository] New listing created: fpxll
2026-04-18 21:53:42 | INFO     | ss_crawler | [scraper] [scraper] ⚠️ LOW_CONFIDENCE: Match confidence 0.60 below threshold
2026-04-18 21:53:42 | INFO     | ss_crawler | [crawler] [crawler] Fetching listing 26/30: https://www.ss.com/msg/lv/electronics/computers/completing-pc/video/ehnlp.html
2026-04-18 21:53:45 | INFO     | ss_crawler | [repository] [repository] New listing created: ehnlp
2026-04-18 21:53:45 | INFO     | ss_crawler | [scraper] [scraper] ✨ NEW: Processed: new
2026-04-18 21:53:45 | INFO     | ss_crawler | [crawler] [crawler] Fetching listing 27/30: https://www.ss.com/msg/lv/electronics/computers/completing-pc/video/bkfokg.html
2026-04-18 21:53:48 | INFO     | ss_crawler | [scraper] [scraper] ⏭️ UNCHANGED: Processed: unchanged
2026-04-18 21:53:48 | INFO     | ss_crawler | [crawler] [crawler] Fetching listing 28/30: https://www.ss.com/msg/lv/electronics/computers/completing-pc/video/bmjkx.html
2026-04-18 21:53:51 | INFO     | ss_crawler | [repository] [repository] New listing created: bmjkx
2026-04-18 21:53:51 | INFO     | ss_crawler | [scraper] [scraper] ✨ NEW: Processed: new
2026-04-18 21:53:51 | INFO     | ss_crawler | [crawler] [crawler] Fetching listing 29/30: https://www.ss.com/msg/lv/electronics/computers/completing-pc/video/bknlje.html
2026-04-18 21:53:53 | INFO     | ss_crawler | [repository] [repository] New listing created: bknlje
2026-04-18 21:53:53 | INFO     | ss_crawler | [scraper] [scraper] ✨ NEW: Processed: new
2026-04-18 21:53:53 | INFO     | ss_crawler | [crawler] [crawler] Fetching listing 30/30: https://www.ss.com/msg/lv/electronics/computers/completing-pc/video/mbxmb.html
2026-04-18 21:53:56 | INFO     | ss_crawler | [repository] [repository] New listing created: mbxmb
2026-04-18 21:53:56 | INFO     | ss_crawler | [scraper] [scraper] ✨ NEW: Processed: new
2026-04-18 21:53:56 | INFO     | ss_crawler | [scraper] [scraper] 📄 Fetching category: https://www.ss.com/lv/electronics/computers/completing-pc/video/page2.html
2026-04-18 21:53:56 | INFO     | ss_crawler | [crawler] [crawler] Fetching category page: https://www.ss.com/lv/electronics/computers/completing-pc/video/page2.html
2026-04-18 21:54:00 | INFO     | ss_crawler | [parser] [parser] Found 30 listings on page
2026-04-18 21:54:00 | INFO     | ss_crawler | [scraper] [scraper] 🔍 Found 30 listings to process
2026-04-18 21:54:00 | INFO     | ss_crawler | [crawler] [crawler] Fetching listing 1/30: https://www.ss.com/msg/lv/electronics/computers/completing-pc/video/pcodp.html
2026-04-18 21:54:01 | INFO     | ss_crawler | [repository] [repository] New listing created: pcodp
2026-04-18 21:54:01 | INFO     | ss_crawler | [scraper] [scraper] ✨ NEW: Processed: new
2026-04-18 21:54:01 | INFO     | ss_crawler | [crawler] [crawler] Fetching listing 2/30: https://www.ss.com/msg/lv/electronics/computers/completing-pc/video/loifj.html
2026-04-18 21:54:05 | INFO     | ss_crawler | [repository] [repository] New listing created: loifj
2026-04-18 21:54:05 | INFO     | ss_crawler | [scraper] [scraper] ⚠️ LOW_CONFIDENCE: Match confidence 0.55 below threshold
2026-04-18 21:54:05 | INFO     | ss_crawler | [crawler] [crawler] Fetching listing 3/30: https://www.ss.com/msg/lv/electronics/computers/completing-pc/video/mniox.html
2026-04-18 21:54:07 | INFO     | ss_crawler | [repository] [repository] New listing created: mniox
2026-04-18 21:54:07 | INFO     | ss_crawler | [scraper] [scraper] ✨ NEW: Processed: new
2026-04-18 21:54:07 | INFO     | ss_crawler | [crawler] [crawler] Fetching listing 4/30: https://www.ss.com/msg/lv/electronics/computers/completing-pc/video/biloio.html
2026-04-18 21:54:10 | INFO     | ss_crawler | [repository] [repository] New listing created: biloio
2026-04-18 21:54:10 | INFO     | ss_crawler | [scraper] [scraper] ✨ NEW: Processed: new
2026-04-18 21:54:10 | INFO     | ss_crawler | [crawler] [crawler] Fetching listing 5/30: https://www.ss.com/msg/lv/electronics/computers/completing-pc/video/bkghek.html
2026-04-18 21:54:12 | INFO     | ss_crawler | [repository] [repository] New listing created: bkghek
2026-04-18 21:54:12 | INFO     | ss_crawler | [scraper] [scraper] ✨ NEW: Processed: new
2026-04-18 21:54:12 | INFO     | ss_crawler | [crawler] [crawler] Fetching listing 6/30: https://www.ss.com/msg/lv/electronics/computers/completing-pc/video/bopnkk.html
2026-04-18 21:54:15 | INFO     | ss_crawler | [repository] [repository] New listing created: bopnkk
2026-04-18 21:54:15 | INFO     | ss_crawler | [scraper] [scraper] ✨ NEW: Processed: new
2026-04-18 21:54:15 | INFO     | ss_crawler | [crawler] [crawler] Fetching listing 7/30: https://www.ss.com/msg/lv/electronics/computers/completing-pc/video/nfhdj.html
2026-04-18 21:54:17 | INFO     | ss_crawler | [repository] [repository] New listing created: nfhdj
2026-04-18 21:54:17 | INFO     | ss_crawler | [scraper] [scraper] ✨ NEW: Processed: new
2026-04-18 21:54:17 | INFO     | ss_crawler | [crawler] [crawler] Fetching listing 8/30: https://www.ss.com/msg/lv/electronics/computers/completing-pc/video/bpxpie.html
2026-04-18 21:54:20 | INFO     | ss_crawler | [repository] [repository] New listing created: bpxpie
2026-04-18 21:54:20 | INFO     | ss_crawler | [scraper] [scraper] ✨ NEW: Processed: new
2026-04-18 21:54:20 | INFO     | ss_crawler | [crawler] [crawler] Fetching listing 9/30: https://www.ss.com/msg/lv/electronics/computers/completing-pc/video/biigbm.html
2026-04-18 21:54:23 | INFO     | ss_crawler | [repository] [repository] Price updated for biigbm: 250.0 → 230.0
2026-04-18 21:54:23 | INFO     | ss_crawler | [scraper] [scraper] 💰 UPDATED: Processed: updated
2026-04-18 21:54:23 | INFO     | ss_crawler | [crawler] [crawler] Fetching listing 10/30: https://www.ss.com/msg/lv/electronics/computers/completing-pc/video/fneho.html
2026-04-18 21:54:25 | INFO     | ss_crawler | [repository] [repository] New listing created: fneho
2026-04-18 21:54:25 | INFO     | ss_crawler | [scraper] [scraper] ✨ NEW: Processed: new
2026-04-18 21:54:25 | INFO     | ss_crawler | [crawler] [crawler] Fetching listing 11/30: https://www.ss.com/msg/lv/electronics/computers/completing-pc/video/niick.html
2026-04-18 21:54:27 | INFO     | ss_crawler | [repository] [repository] New listing created: niick
2026-04-18 21:54:27 | INFO     | ss_crawler | [scraper] [scraper] ❓ UNMATCHED: No GPU match found
2026-04-18 21:54:27 | INFO     | ss_crawler | [crawler] [crawler] Fetching listing 12/30: https://www.ss.com/msg/lv/electronics/computers/completing-pc/video/bjdxmb.html
2026-04-18 21:54:30 | INFO     | ss_crawler | [repository] [repository] New listing created: bjdxmb
2026-04-18 21:54:30 | INFO     | ss_crawler | [scraper] [scraper] ✨ NEW: Processed: new
2026-04-18 21:54:30 | INFO     | ss_crawler | [crawler] [crawler] Fetching listing 13/30: https://www.ss.com/msg/lv/electronics/computers/completing-pc/video/bigmde.html
2026-04-18 21:54:32 | INFO     | ss_crawler | [repository] [repository] New listing created: bigmde
2026-04-18 21:54:32 | INFO     | ss_crawler | [scraper] [scraper] ✨ NEW: Processed: new
2026-04-18 21:54:32 | INFO     | ss_crawler | [crawler] [crawler] Fetching listing 14/30: https://www.ss.com/msg/lv/electronics/computers/completing-pc/video/bkkeep.html
2026-04-18 21:54:35 | INFO     | ss_crawler | [repository] [repository] New listing created: bkkeep
2026-04-18 21:54:35 | INFO     | ss_crawler | [scraper] [scraper] ✨ NEW: Processed: new
2026-04-18 21:54:35 | INFO     | ss_crawler | [crawler] [crawler] Fetching listing 15/30: https://www.ss.com/msg/lv/electronics/computers/completing-pc/video/bijmep.html
2026-04-18 21:54:37 | INFO     | ss_crawler | [repository] [repository] New listing created: bijmep
2026-04-18 21:54:37 | INFO     | ss_crawler | [scraper] [scraper] ✨ NEW: Processed: new
2026-04-18 21:54:37 | INFO     | ss_crawler | [crawler] [crawler] Fetching listing 16/30: https://www.ss.com/msg/lv/electronics/computers/completing-pc/video/pdjhk.html
2026-04-18 21:54:39 | INFO     | ss_crawler | [repository] [repository] New listing created: pdjhk
2026-04-18 21:54:39 | INFO     | ss_crawler | [scraper] [scraper] ✨ NEW: Processed: new
2026-04-18 21:54:39 | INFO     | ss_crawler | [crawler] [crawler] Fetching listing 17/30: https://www.ss.com/msg/lv/electronics/computers/completing-pc/video/fdfml.html
2026-04-18 21:54:41 | INFO     | ss_crawler | [repository] [repository] New listing created: fdfml
2026-04-18 21:54:41 | INFO     | ss_crawler | [scraper] [scraper] ✨ NEW: Processed: new
2026-04-18 21:54:41 | INFO     | ss_crawler | [crawler] [crawler] Fetching listing 18/30: https://www.ss.com/msg/lv/electronics/computers/completing-pc/video/bopmxk.html
2026-04-18 21:54:43 | INFO     | ss_crawler | [repository] [repository] New listing created: bopmxk
2026-04-18 21:54:43 | INFO     | ss_crawler | [scraper] [scraper] ✨ NEW: Processed: new
2026-04-18 21:54:43 | INFO     | ss_crawler | [crawler] [crawler] Fetching listing 19/30: https://www.ss.com/msg/lv/electronics/computers/completing-pc/video/lnbho.html
2026-04-18 21:54:45 | INFO     | ss_crawler | [repository] [repository] New listing created: lnbho
2026-04-18 21:54:45 | INFO     | ss_crawler | [scraper] [scraper] ✨ NEW: Processed: new
2026-04-18 21:54:45 | INFO     | ss_crawler | [crawler] [crawler] Fetching listing 20/30: https://www.ss.com/msg/lv/electronics/computers/completing-pc/video/fjdej.html
2026-04-18 21:54:48 | INFO     | ss_crawler | [repository] [repository] New listing created: fjdej
2026-04-18 21:54:48 | INFO     | ss_crawler | [scraper] [scraper] ✨ NEW: Processed: new
2026-04-18 21:54:48 | INFO     | ss_crawler | [crawler] [crawler] Fetching listing 21/30: https://www.ss.com/msg/lv/electronics/computers/completing-pc/video/bjcdjm.html
2026-04-18 21:54:50 | INFO     | ss_crawler | [scraper] [scraper] ⏭️ UNCHANGED: Processed: unchanged
2026-04-18 21:54:50 | INFO     | ss_crawler | [crawler] [crawler] Fetching listing 22/30: https://www.ss.com/msg/lv/electronics/computers/completing-pc/video/fkmij.html
2026-04-18 21:54:52 | INFO     | ss_crawler | [scraper] [scraper] ⏭️ UNCHANGED: Processed: unchanged
2026-04-18 21:54:52 | INFO     | ss_crawler | [crawler] [crawler] Fetching listing 23/30: https://www.ss.com/msg/lv/electronics/computers/completing-pc/video/bkmnlc.html
2026-04-18 21:54:55 | INFO     | ss_crawler | [scraper] [scraper] ⏭️ UNCHANGED: Processed: unchanged
2026-04-18 21:54:55 | INFO     | ss_crawler | [crawler] [crawler] Fetching listing 24/30: https://www.ss.com/msg/lv/electronics/computers/completing-pc/video/fjdox.html
2026-04-18 21:54:59 | INFO     | ss_crawler | [scraper] [scraper] ⏭️ UNCHANGED: Processed: unchanged
2026-04-18 21:54:59 | INFO     | ss_crawler | [crawler] [crawler] Fetching listing 25/30: https://www.ss.com/msg/lv/electronics/computers/completing-pc/video/bolpdx.html
2026-04-18 21:55:01 | INFO     | ss_crawler | [scraper] [scraper] ❓ UNMATCHED: No GPU match found
2026-04-18 21:55:01 | INFO     | ss_crawler | [crawler] [crawler] Fetching listing 26/30: https://www.ss.com/msg/lv/electronics/computers/completing-pc/video/blgiel.html
2026-04-18 21:55:04 | INFO     | ss_crawler | [scraper] [scraper] ⏭️ UNCHANGED: Processed: unchanged
2026-04-18 21:55:04 | INFO     | ss_crawler | [crawler] [crawler] Fetching listing 27/30: https://www.ss.com/msg/lv/electronics/computers/completing-pc/video/ebcgn.html
2026-04-18 21:55:06 | INFO     | ss_crawler | [scraper] [scraper] ⚠️ LOW_CONFIDENCE: Match confidence 0.42 below threshold
2026-04-18 21:55:06 | INFO     | ss_crawler | [crawler] [crawler] Fetching listing 28/30: https://www.ss.com/msg/lv/electronics/computers/completing-pc/video/ppmhc.html
2026-04-18 21:55:09 | INFO     | ss_crawler | [scraper] [scraper] ⏭️ UNCHANGED: Processed: unchanged
2026-04-18 21:55:09 | INFO     | ss_crawler | [crawler] [crawler] Fetching listing 29/30: https://www.ss.com/msg/lv/electronics/computers/completing-pc/video/nhefi.html
2026-04-18 21:55:11 | INFO     | ss_crawler | [scraper] [scraper] ⚠️ LOW_CONFIDENCE: Match confidence 0.55 below threshold
2026-04-18 21:55:11 | INFO     | ss_crawler | [crawler] [crawler] Fetching listing 30/30: https://www.ss.com/msg/lv/electronics/computers/completing-pc/video/bkfomx.html
2026-04-18 21:55:13 | INFO     | ss_crawler | [scraper] [scraper] ⏭️ UNCHANGED: Processed: unchanged
2026-04-18 21:55:13 | INFO     | ss_crawler | [scraper] [scraper] 📄 Fetching category: https://www.ss.com/lv/electronics/computers/completing-pc/video/page3.html
2026-04-18 21:55:13 | INFO     | ss_crawler | [crawler] [crawler] Fetching category page: https://www.ss.com/lv/electronics/computers/completing-pc/video/page3.html
2026-04-18 21:55:16 | INFO     | ss_crawler | [parser] [parser] Found 30 listings on page
2026-04-18 21:55:16 | INFO     | ss_crawler | [scraper] [scraper] 🔍 Found 30 listings to process
2026-04-18 21:55:16 | INFO     | ss_crawler | [crawler] [crawler] Fetching listing 1/30: https://www.ss.com/msg/lv/electronics/computers/completing-pc/video/lpjic.html
2026-04-18 21:55:19 | INFO     | ss_crawler | [scraper] [scraper] ⏭️ UNCHANGED: Processed: unchanged
2026-04-18 21:55:19 | INFO     | ss_crawler | [crawler] [crawler] Fetching listing 2/30: https://www.ss.com/msg/lv/electronics/computers/completing-pc/video/epexo.html
2026-04-18 21:55:21 | INFO     | ss_crawler | [scraper] [scraper] ⏭️ UNCHANGED: Processed: unchanged
2026-04-18 21:55:21 | INFO     | ss_crawler | [crawler] [crawler] Fetching listing 3/30: https://www.ss.com/msg/lv/electronics/computers/completing-pc/video/bihlfm.html
2026-04-18 21:55:24 | INFO     | ss_crawler | [scraper] [scraper] ⏭️ UNCHANGED: Processed: unchanged
2026-04-18 21:55:24 | INFO     | ss_crawler | [crawler] [crawler] Fetching listing 4/30: https://www.ss.com/msg/lv/electronics/computers/completing-pc/video/blbeol.html
2026-04-18 21:55:27 | INFO     | ss_crawler | [scraper] [scraper] ⏭️ UNCHANGED: Processed: unchanged
2026-04-18 21:55:27 | INFO     | ss_crawler | [crawler] [crawler] Fetching listing 5/30: https://www.ss.com/msg/lv/electronics/computers/completing-pc/video/bkhdnd.html
2026-04-18 21:55:30 | INFO     | ss_crawler | [scraper] [scraper] ⏭️ UNCHANGED: Processed: unchanged
2026-04-18 21:55:30 | INFO     | ss_crawler | [crawler] [crawler] Fetching listing 6/30: https://www.ss.com/msg/lv/electronics/computers/completing-pc/video/fenki.html
2026-04-18 21:55:34 | INFO     | ss_crawler | [scraper] [scraper] ⏭️ UNCHANGED: Processed: unchanged
2026-04-18 21:55:34 | INFO     | ss_crawler | [crawler] [crawler] Fetching listing 7/30: https://www.ss.com/msg/lv/electronics/computers/completing-pc/video/lnkjl.html
2026-04-18 21:55:37 | INFO     | ss_crawler | [scraper] [scraper] ⏭️ UNCHANGED: Processed: unchanged
2026-04-18 21:55:37 | INFO     | ss_crawler | [crawler] [crawler] Fetching listing 8/30: https://www.ss.com/msg/lv/electronics/computers/completing-pc/video/adggp.html
2026-04-18 21:55:39 | INFO     | ss_crawler | [scraper] [scraper] ⏭️ UNCHANGED: Processed: unchanged
2026-04-18 21:55:39 | INFO     | ss_crawler | [crawler] [crawler] Fetching listing 9/30: https://www.ss.com/msg/lv/electronics/computers/completing-pc/video/ndokf.html
2026-04-18 21:55:41 | INFO     | ss_crawler | [scraper] [scraper] ⏭️ UNCHANGED: Processed: unchanged
2026-04-18 21:55:41 | INFO     | ss_crawler | [crawler] [crawler] Fetching listing 10/30: https://www.ss.com/msg/lv/electronics/computers/completing-pc/video/bkejlk.html
2026-04-18 21:55:43 | INFO     | ss_crawler | [scraper] [scraper] ⏭️ UNCHANGED: Processed: unchanged
2026-04-18 21:55:43 | INFO     | ss_crawler | [crawler] [crawler] Fetching listing 11/30: https://www.ss.com/msg/lv/electronics/computers/completing-pc/video/fcjgn.html
2026-04-18 21:55:47 | INFO     | ss_crawler | [scraper] [scraper] ⏭️ UNCHANGED: Processed: unchanged
2026-04-18 21:55:47 | INFO     | ss_crawler | [crawler] [crawler] Fetching listing 12/30: https://www.ss.com/msg/lv/electronics/computers/completing-pc/video/biohcc.html
2026-04-18 21:55:49 | INFO     | ss_crawler | [scraper] [scraper] ⏭️ UNCHANGED: Processed: unchanged
2026-04-18 21:55:49 | INFO     | ss_crawler | [crawler] [crawler] Fetching listing 13/30: https://www.ss.com/msg/lv/electronics/computers/completing-pc/video/boploi.html
2026-04-18 21:55:51 | INFO     | ss_crawler | [scraper] [scraper] ⏭️ UNCHANGED: Processed: unchanged
2026-04-18 21:55:51 | INFO     | ss_crawler | [crawler] [crawler] Fetching listing 14/30: https://www.ss.com/msg/lv/electronics/computers/completing-pc/video/plodn.html
2026-04-18 21:55:54 | INFO     | ss_crawler | [scraper] [scraper] ⏭️ UNCHANGED: Processed: unchanged
2026-04-18 21:55:54 | INFO     | ss_crawler | [crawler] [crawler] Fetching listing 15/30: https://www.ss.com/msg/lv/electronics/computers/completing-pc/video/ppnec.html
2026-04-18 21:55:56 | INFO     | ss_crawler | [scraper] [scraper] ⏭️ UNCHANGED: Processed: unchanged
2026-04-18 21:55:56 | INFO     | ss_crawler | [crawler] [crawler] Fetching listing 16/30: https://www.ss.com/msg/lv/electronics/computers/completing-pc/video/lmkjk.html
2026-04-18 21:55:58 | INFO     | ss_crawler | [scraper] [scraper] ⏭️ UNCHANGED: Processed: unchanged
2026-04-18 21:55:58 | INFO     | ss_crawler | [crawler] [crawler] Fetching listing 17/30: https://www.ss.com/msg/lv/electronics/computers/completing-pc/video/bpxxmd.html
2026-04-18 21:56:00 | INFO     | ss_crawler | [scraper] [scraper] ⏭️ UNCHANGED: Processed: unchanged
2026-04-18 21:56:00 | INFO     | ss_crawler | [crawler] [crawler] Fetching listing 18/30: https://www.ss.com/msg/lv/electronics/computers/completing-pc/video/bikdpl.html
2026-04-18 21:56:02 | INFO     | ss_crawler | [scraper] [scraper] ⏭️ UNCHANGED: Processed: unchanged
2026-04-18 21:56:02 | INFO     | ss_crawler | [crawler] [crawler] Fetching listing 19/30: https://www.ss.com/msg/lv/electronics/computers/completing-pc/video/bkbied.html
2026-04-18 21:56:04 | INFO     | ss_crawler | [scraper] [scraper] ⏭️ UNCHANGED: Processed: unchanged
2026-04-18 21:56:04 | INFO     | ss_crawler | [crawler] [crawler] Fetching listing 20/30: https://www.ss.com/msg/lv/electronics/computers/completing-pc/video/bjckoi.html
2026-04-18 21:56:06 | INFO     | ss_crawler | [scraper] [scraper] ⏭️ UNCHANGED: Processed: unchanged
2026-04-18 21:56:06 | INFO     | ss_crawler | [crawler] [crawler] Fetching listing 21/30: https://www.ss.com/msg/lv/electronics/computers/completing-pc/video/mbgbp.html
2026-04-18 21:56:09 | INFO     | ss_crawler | [scraper] [scraper] ⏭️ UNCHANGED: Processed: unchanged
2026-04-18 21:56:09 | INFO     | ss_crawler | [crawler] [crawler] Fetching listing 22/30: https://www.ss.com/msg/lv/electronics/computers/completing-pc/video/bolpxf.html
2026-04-18 21:56:11 | INFO     | ss_crawler | [scraper] [scraper] ⏭️ UNCHANGED: Processed: unchanged
2026-04-18 21:56:11 | INFO     | ss_crawler | [crawler] [crawler] Fetching listing 23/30: https://www.ss.com/msg/lv/electronics/computers/completing-pc/video/bkpnei.html
2026-04-18 21:56:14 | INFO     | ss_crawler | [scraper] [scraper] ⏭️ UNCHANGED: Processed: unchanged
2026-04-18 21:56:14 | INFO     | ss_crawler | [crawler] [crawler] Fetching listing 24/30: https://www.ss.com/msg/lv/electronics/computers/completing-pc/video/blijm.html
2026-04-18 21:56:16 | INFO     | ss_crawler | [scraper] [scraper] ⏭️ UNCHANGED: Processed: unchanged
2026-04-18 21:56:16 | INFO     | ss_crawler | [crawler] [crawler] Fetching listing 25/30: https://www.ss.com/msg/lv/electronics/computers/completing-pc/video/pxein.html
2026-04-18 21:56:18 | INFO     | ss_crawler | [scraper] [scraper] ⏭️ UNCHANGED: Processed: unchanged
2026-04-18 21:56:18 | INFO     | ss_crawler | [crawler] [crawler] Fetching listing 26/30: https://www.ss.com/msg/lv/electronics/computers/completing-pc/video/bihxoo.html
2026-04-18 21:56:21 | INFO     | ss_crawler | [scraper] [scraper] ⏭️ UNCHANGED: Processed: unchanged
2026-04-18 21:56:21 | INFO     | ss_crawler | [crawler] [crawler] Fetching listing 27/30: https://www.ss.com/msg/lv/electronics/computers/completing-pc/video/eodxl.html
2026-04-18 21:56:23 | INFO     | ss_crawler | [scraper] [scraper] ⏭️ UNCHANGED: Processed: unchanged
2026-04-18 21:56:23 | INFO     | ss_crawler | [crawler] [crawler] Fetching listing 28/30: https://www.ss.com/msg/lv/electronics/computers/completing-pc/video/bxxkfh.html
2026-04-18 21:56:25 | INFO     | ss_crawler | [scraper] [scraper] ⏭️ UNCHANGED: Processed: unchanged
2026-04-18 21:56:25 | INFO     | ss_crawler | [crawler] [crawler] Fetching listing 29/30: https://www.ss.com/msg/lv/electronics/computers/completing-pc/video/bopdxn.html
2026-04-18 21:56:28 | INFO     | ss_crawler | [scraper] [scraper] ⏭️ UNCHANGED: Processed: unchanged
2026-04-18 21:56:28 | INFO     | ss_crawler | [crawler] [crawler] Fetching listing 30/30: https://www.ss.com/msg/lv/electronics/computers/completing-pc/video/nhcjo.html
2026-04-18 21:56:30 | INFO     | ss_crawler | [scraper] [scraper] ⏭️ UNCHANGED: Processed: unchanged
2026-04-18 21:56:30 | INFO     | ss_crawler | [scraper] [scraper] 📄 Fetching category: https://www.ss.com/lv/electronics/computers/completing-pc/video/page4.html
2026-04-18 21:56:30 | INFO     | ss_crawler | [crawler] [crawler] Fetching category page: https://www.ss.com/lv/electronics/computers/completing-pc/video/page4.html
2026-04-18 21:56:32 | INFO     | ss_crawler | [parser] [parser] Found 30 listings on page
2026-04-18 21:56:32 | INFO     | ss_crawler | [scraper] [scraper] 🔍 Found 30 listings to process
2026-04-18 21:56:32 | INFO     | ss_crawler | [crawler] [crawler] Fetching listing 1/30: https://www.ss.com/msg/lv/electronics/computers/completing-pc/video/bpxffk.html
2026-04-18 21:56:35 | INFO     | ss_crawler | [scraper] [scraper] ⏭️ UNCHANGED: Processed: unchanged
2026-04-18 21:56:35 | INFO     | ss_crawler | [crawler] [crawler] Fetching listing 2/30: https://www.ss.com/msg/lv/electronics/computers/completing-pc/video/fjhjd.html
2026-04-18 21:56:37 | INFO     | ss_crawler | [scraper] [scraper] ⏭️ UNCHANGED: Processed: unchanged
2026-04-18 21:56:37 | INFO     | ss_crawler | [crawler] [crawler] Fetching listing 3/30: https://www.ss.com/msg/lv/electronics/computers/completing-pc/video/demjh.html
2026-04-18 21:56:41 | INFO     | ss_crawler | [scraper] [scraper] ⏭️ UNCHANGED: Processed: unchanged
2026-04-18 21:56:41 | INFO     | ss_crawler | [crawler] [crawler] Fetching listing 4/30: https://www.ss.com/msg/lv/electronics/computers/completing-pc/video/bigcpo.html
2026-04-18 21:56:44 | INFO     | ss_crawler | [scraper] [scraper] ⏭️ UNCHANGED: Processed: unchanged
2026-04-18 21:56:44 | INFO     | ss_crawler | [crawler] [crawler] Fetching listing 5/30: https://www.ss.com/msg/lv/electronics/computers/completing-pc/video/bkngle.html
2026-04-18 21:56:47 | INFO     | ss_crawler | [scraper] [scraper] ⏭️ UNCHANGED: Processed: unchanged
2026-04-18 21:56:47 | INFO     | ss_crawler | [crawler] [crawler] Fetching listing 6/30: https://www.ss.com/msg/lv/electronics/computers/completing-pc/video/bjnehj.html
2026-04-18 21:56:49 | INFO     | ss_crawler | [scraper] [scraper] ⏭️ UNCHANGED: Processed: unchanged
2026-04-18 21:56:49 | INFO     | ss_crawler | [crawler] [crawler] Fetching listing 7/30: https://www.ss.com/msg/lv/electronics/computers/completing-pc/video/bpxffj.html
2026-04-18 21:56:51 | INFO     | ss_crawler | [scraper] [scraper] ⏭️ UNCHANGED: Processed: unchanged
2026-04-18 21:56:51 | INFO     | ss_crawler | [crawler] [crawler] Fetching listing 8/30: https://www.ss.com/msg/lv/electronics/computers/completing-pc/video/bpxcli.html
2026-04-18 21:56:54 | INFO     | ss_crawler | [scraper] [scraper] ⏭️ UNCHANGED: Processed: unchanged
2026-04-18 21:56:54 | INFO     | ss_crawler | [crawler] [crawler] Fetching listing 9/30: https://www.ss.com/msg/lv/electronics/computers/completing-pc/video/kiomc.html
2026-04-18 21:56:55 | INFO     | ss_crawler | [scraper] [scraper] ⏭️ UNCHANGED: Processed: unchanged
2026-04-18 21:56:55 | INFO     | ss_crawler | [crawler] [crawler] Fetching listing 10/30: https://www.ss.com/msg/lv/electronics/computers/completing-pc/video/moghh.html
2026-04-18 21:56:58 | INFO     | ss_crawler | [scraper] [scraper] ⏭️ UNCHANGED: Processed: unchanged
2026-04-18 21:56:58 | INFO     | ss_crawler | [crawler] [crawler] Fetching listing 11/30: https://www.ss.com/msg/lv/electronics/computers/completing-pc/video/nexei.html
2026-04-18 21:57:00 | INFO     | ss_crawler | [scraper] [scraper] ⏭️ UNCHANGED: Processed: unchanged
2026-04-18 21:57:00 | INFO     | ss_crawler | [crawler] [crawler] Fetching listing 12/30: https://www.ss.com/msg/lv/electronics/computers/completing-pc/video/bkmhmk.html
2026-04-18 21:57:03 | INFO     | ss_crawler | [scraper] [scraper] ❓ UNMATCHED: No GPU match found
2026-04-18 21:57:03 | INFO     | ss_crawler | [crawler] [crawler] Fetching listing 13/30: https://www.ss.com/msg/lv/electronics/computers/completing-pc/video/pdmno.html
2026-04-18 21:57:06 | INFO     | ss_crawler | [scraper] [scraper] ⏭️ UNCHANGED: Processed: unchanged
2026-04-18 21:57:06 | INFO     | ss_crawler | [crawler] [crawler] Fetching listing 14/30: https://www.ss.com/msg/lv/electronics/computers/completing-pc/video/mbfxe.html
2026-04-18 21:57:09 | INFO     | ss_crawler | [scraper] [scraper] ⏭️ UNCHANGED: Processed: unchanged
2026-04-18 21:57:09 | INFO     | ss_crawler | [crawler] [crawler] Fetching listing 15/30: https://www.ss.com/msg/lv/electronics/computers/completing-pc/video/bolmid.html
2026-04-18 21:57:12 | INFO     | ss_crawler | [scraper] [scraper] ⏭️ UNCHANGED: Processed: unchanged
2026-04-18 21:57:12 | INFO     | ss_crawler | [crawler] [crawler] Fetching listing 16/30: https://www.ss.com/msg/lv/electronics/computers/completing-pc/video/niijo.html
2026-04-18 21:57:15 | INFO     | ss_crawler | [scraper] [scraper] ⏭️ UNCHANGED: Processed: unchanged
2026-04-18 21:57:15 | INFO     | ss_crawler | [crawler] [crawler] Fetching listing 17/30: https://www.ss.com/msg/lv/electronics/computers/completing-pc/video/lipjd.html
2026-04-18 21:57:18 | INFO     | ss_crawler | [scraper] [scraper] ⏭️ UNCHANGED: Processed: unchanged
2026-04-18 21:57:18 | INFO     | ss_crawler | [crawler] [crawler] Fetching listing 18/30: https://www.ss.com/msg/lv/electronics/computers/completing-pc/video/fcbbx.html
2026-04-18 21:57:20 | WARNING  | ss_crawler | [parser] [parser] No price found for https://www.ss.com/msg/lv/electronics/computers/completing-pc/video/fcbbx.html
2026-04-18 21:57:20 | INFO     | ss_crawler | [scraper] [scraper] ⏭️ UNCHANGED: Processed: unchanged
2026-04-18 21:57:20 | INFO     | ss_crawler | [crawler] [crawler] Fetching listing 19/30: https://www.ss.com/msg/lv/electronics/computers/completing-pc/video/lofxl.html
2026-04-18 21:57:22 | INFO     | ss_crawler | [scraper] [scraper] ⏭️ UNCHANGED: Processed: unchanged
2026-04-18 21:57:22 | INFO     | ss_crawler | [crawler] [crawler] Fetching listing 20/30: https://www.ss.com/msg/lv/electronics/computers/completing-pc/video/ghocn.html
2026-04-18 21:57:26 | INFO     | ss_crawler | [scraper] [scraper] ⚠️ LOW_CONFIDENCE: Match confidence 0.30 below threshold
2026-04-18 21:57:26 | INFO     | ss_crawler | [crawler] [crawler] Fetching listing 21/30: https://www.ss.com/msg/lv/electronics/computers/completing-pc/video/bolmcl.html
2026-04-18 21:57:28 | INFO     | ss_crawler | [scraper] [scraper] ⏭️ UNCHANGED: Processed: unchanged
2026-04-18 21:57:28 | INFO     | ss_crawler | [crawler] [crawler] Fetching listing 22/30: https://www.ss.com/msg/lv/electronics/computers/completing-pc/video/pccxl.html
2026-04-18 21:57:31 | INFO     | ss_crawler | [scraper] [scraper] ⏭️ UNCHANGED: Processed: unchanged
2026-04-18 21:57:31 | INFO     | ss_crawler | [crawler] [crawler] Fetching listing 23/30: https://www.ss.com/msg/lv/electronics/computers/completing-pc/video/pdmcp.html
2026-04-18 21:57:34 | INFO     | ss_crawler | [scraper] [scraper] ⏭️ UNCHANGED: Processed: unchanged
2026-04-18 21:57:34 | INFO     | ss_crawler | [crawler] [crawler] Fetching listing 24/30: https://www.ss.com/msg/lv/electronics/computers/completing-pc/video/mnjij.html
2026-04-18 21:57:36 | INFO     | ss_crawler | [scraper] [scraper] ⏭️ UNCHANGED: Processed: unchanged
2026-04-18 21:57:36 | INFO     | ss_crawler | [crawler] [crawler] Fetching listing 25/30: https://www.ss.com/msg/lv/electronics/computers/completing-pc/video/bilnng.html
2026-04-18 21:57:39 | INFO     | ss_crawler | [scraper] [scraper] ⏭️ UNCHANGED: Processed: unchanged
2026-04-18 21:57:39 | INFO     | ss_crawler | [crawler] [crawler] Fetching listing 26/30: https://www.ss.com/msg/lv/electronics/computers/completing-pc/video/pchlg.html
2026-04-18 21:57:42 | INFO     | ss_crawler | [scraper] [scraper] ⏭️ UNCHANGED: Processed: unchanged
2026-04-18 21:57:42 | INFO     | ss_crawler | [crawler] [crawler] Fetching listing 27/30: https://www.ss.com/msg/lv/electronics/computers/completing-pc/video/bopjoo.html
2026-04-18 21:57:44 | INFO     | ss_crawler | [scraper] [scraper] ⏭️ UNCHANGED: Processed: unchanged
2026-04-18 21:57:44 | INFO     | ss_crawler | [crawler] [crawler] Fetching listing 28/30: https://www.ss.com/msg/lv/electronics/computers/completing-pc/video/bpxxio.html
2026-04-18 21:57:46 | INFO     | ss_crawler | [scraper] [scraper] ⏭️ UNCHANGED: Processed: unchanged
2026-04-18 21:57:46 | INFO     | ss_crawler | [crawler] [crawler] Fetching listing 29/30: https://www.ss.com/msg/lv/electronics/computers/completing-pc/video/bjbfmk.html
2026-04-18 21:57:48 | INFO     | ss_crawler | [scraper] [scraper] ⏭️ UNCHANGED: Processed: unchanged
2026-04-18 21:57:48 | INFO     | ss_crawler | [crawler] [crawler] Fetching listing 30/30: https://www.ss.com/msg/lv/electronics/computers/completing-pc/video/bihngk.html
2026-04-18 21:57:51 | INFO     | ss_crawler | [scraper] [scraper] ⏭️ UNCHANGED: Processed: unchanged
2026-04-18 21:57:51 | INFO     | ss_crawler | [scraper] [scraper] 📄 Fetching category: https://www.ss.com/lv/electronics/computers/completing-pc/video/page5.html
2026-04-18 21:57:51 | INFO     | ss_crawler | [crawler] [crawler] Fetching category page: https://www.ss.com/lv/electronics/computers/completing-pc/video/page5.html
2026-04-18 21:57:53 | INFO     | ss_crawler | [parser] [parser] Found 27 listings on page
2026-04-18 21:57:53 | INFO     | ss_crawler | [scraper] [scraper] 🔍 Found 27 listings to process
2026-04-18 21:57:53 | INFO     | ss_crawler | [crawler] [crawler] Fetching listing 1/27: https://www.ss.com/msg/lv/electronics/computers/completing-pc/video/nieie.html
2026-04-18 21:57:56 | INFO     | ss_crawler | [scraper] [scraper] ⏭️ UNCHANGED: Processed: unchanged
2026-04-18 21:57:56 | INFO     | ss_crawler | [crawler] [crawler] Fetching listing 2/27: https://www.ss.com/msg/lv/electronics/computers/completing-pc/video/bpbbfg.html
2026-04-18 21:57:58 | INFO     | ss_crawler | [scraper] [scraper] ⏭️ UNCHANGED: Processed: unchanged
2026-04-18 21:57:58 | INFO     | ss_crawler | [crawler] [crawler] Fetching listing 3/27: https://www.ss.com/msg/lv/electronics/computers/completing-pc/video/bindxm.html
2026-04-18 21:58:01 | INFO     | ss_crawler | [scraper] [scraper] ⏭️ UNCHANGED: Processed: unchanged
2026-04-18 21:58:01 | INFO     | ss_crawler | [crawler] [crawler] Fetching listing 4/27: https://www.ss.com/msg/lv/electronics/computers/completing-pc/video/pccif.html
2026-04-18 21:58:04 | INFO     | ss_crawler | [scraper] [scraper] ⏭️ UNCHANGED: Processed: unchanged
2026-04-18 21:58:04 | INFO     | ss_crawler | [crawler] [crawler] Fetching listing 5/27: https://www.ss.com/msg/lv/electronics/computers/completing-pc/video/bjjonm.html
2026-04-18 21:58:06 | INFO     | ss_crawler | [scraper] [scraper] ⏭️ UNCHANGED: Processed: unchanged
2026-04-18 21:58:06 | INFO     | ss_crawler | [crawler] [crawler] Fetching listing 6/27: https://www.ss.com/msg/lv/electronics/computers/completing-pc/video/pcegi.html
2026-04-18 21:58:09 | INFO     | ss_crawler | [scraper] [scraper] ⏭️ UNCHANGED: Processed: unchanged
2026-04-18 21:58:09 | INFO     | ss_crawler | [crawler] [crawler] Fetching listing 7/27: https://www.ss.com/msg/lv/electronics/computers/completing-pc/video/bilgfg.html
2026-04-18 21:58:13 | INFO     | ss_crawler | [scraper] [scraper] ⏭️ UNCHANGED: Processed: unchanged
2026-04-18 21:58:13 | INFO     | ss_crawler | [crawler] [crawler] Fetching listing 8/27: https://www.ss.com/msg/lv/electronics/computers/completing-pc/video/ggjbx.html
2026-04-18 21:58:15 | INFO     | ss_crawler | [scraper] [scraper] ⏭️ UNCHANGED: Processed: unchanged
2026-04-18 21:58:15 | INFO     | ss_crawler | [crawler] [crawler] Fetching listing 9/27: https://www.ss.com/msg/lv/electronics/computers/completing-pc/video/bkbjpm.html
2026-04-18 21:58:18 | INFO     | ss_crawler | [scraper] [scraper] ⏭️ UNCHANGED: Processed: unchanged
2026-04-18 21:58:18 | INFO     | ss_crawler | [crawler] [crawler] Fetching listing 10/27: https://www.ss.com/msg/lv/electronics/computers/completing-pc/video/fmflm.html
2026-04-18 21:58:20 | WARNING  | ss_crawler | [parser] [parser] No price found for https://www.ss.com/msg/lv/electronics/computers/completing-pc/video/fmflm.html
2026-04-18 21:58:20 | INFO     | ss_crawler | [scraper] [scraper] ❓ UNMATCHED: No GPU match found
2026-04-18 21:58:20 | INFO     | ss_crawler | [crawler] [crawler] Fetching listing 11/27: https://www.ss.com/msg/lv/electronics/computers/completing-pc/video/bpxcop.html
2026-04-18 21:58:22 | INFO     | ss_crawler | [scraper] [scraper] ⏭️ UNCHANGED: Processed: unchanged
2026-04-18 21:58:22 | INFO     | ss_crawler | [crawler] [crawler] Fetching listing 12/27: https://www.ss.com/msg/lv/electronics/computers/completing-pc/video/bigjld.html
2026-04-18 21:58:24 | INFO     | ss_crawler | [scraper] [scraper] ❓ UNMATCHED: No GPU match found
2026-04-18 21:58:24 | INFO     | ss_crawler | [crawler] [crawler] Fetching listing 13/27: https://www.ss.com/msg/lv/electronics/computers/completing-pc/video/bigpnf.html
2026-04-18 21:58:27 | INFO     | ss_crawler | [scraper] [scraper] ⏭️ UNCHANGED: Processed: unchanged
2026-04-18 21:58:27 | INFO     | ss_crawler | [crawler] [crawler] Fetching listing 14/27: https://www.ss.com/msg/lv/electronics/computers/completing-pc/video/bjpec.html
2026-04-18 21:58:30 | INFO     | ss_crawler | [scraper] [scraper] ❓ UNMATCHED: No GPU match found
2026-04-18 21:58:30 | INFO     | ss_crawler | [crawler] [crawler] Fetching listing 15/27: https://www.ss.com/msg/lv/electronics/computers/completing-pc/video/biedkx.html
2026-04-18 21:58:32 | INFO     | ss_crawler | [scraper] [scraper] ⏭️ UNCHANGED: Processed: unchanged
2026-04-18 21:58:32 | INFO     | ss_crawler | [crawler] [crawler] Fetching listing 16/27: https://www.ss.com/msg/lv/electronics/computers/completing-pc/video/momol.html
2026-04-18 21:58:34 | INFO     | ss_crawler | [scraper] [scraper] ⏭️ UNCHANGED: Processed: unchanged
2026-04-18 21:58:34 | INFO     | ss_crawler | [crawler] [crawler] Fetching listing 17/27: https://www.ss.com/msg/lv/electronics/computers/completing-pc/video/exnob.html
2026-04-18 21:58:37 | INFO     | ss_crawler | [scraper] [scraper] ⏭️ UNCHANGED: Processed: unchanged
2026-04-18 21:58:37 | INFO     | ss_crawler | [crawler] [crawler] Fetching listing 18/27: https://www.ss.com/msg/lv/electronics/computers/completing-pc/video/bopjof.html
2026-04-18 21:58:40 | INFO     | ss_crawler | [scraper] [scraper] ⏭️ UNCHANGED: Processed: unchanged
2026-04-18 21:58:40 | INFO     | ss_crawler | [crawler] [crawler] Fetching listing 19/27: https://www.ss.com/msg/lv/electronics/computers/completing-pc/video/fbglj.html
2026-04-18 21:58:42 | INFO     | ss_crawler | [scraper] [scraper] ⏭️ UNCHANGED: Processed: unchanged
2026-04-18 21:58:42 | INFO     | ss_crawler | [crawler] [crawler] Fetching listing 20/27: https://www.ss.com/msg/lv/electronics/computers/completing-pc/video/gdchp.html
2026-04-18 21:58:45 | INFO     | ss_crawler | [scraper] [scraper] ⏭️ UNCHANGED: Processed: unchanged
2026-04-18 21:58:45 | INFO     | ss_crawler | [crawler] [crawler] Fetching listing 21/27: https://www.ss.com/msg/lv/electronics/computers/completing-pc/video/fpjhf.html
2026-04-18 21:58:47 | INFO     | ss_crawler | [scraper] [scraper] ⏭️ UNCHANGED: Processed: unchanged
2026-04-18 21:58:47 | INFO     | ss_crawler | [crawler] [crawler] Fetching listing 22/27: https://www.ss.com/msg/lv/electronics/computers/completing-pc/video/glcdx.html
2026-04-18 21:58:50 | INFO     | ss_crawler | [scraper] [scraper] ⏭️ UNCHANGED: Processed: unchanged
2026-04-18 21:58:50 | INFO     | ss_crawler | [crawler] [crawler] Fetching listing 23/27: https://www.ss.com/msg/lv/electronics/computers/completing-pc/video/lfcol.html
2026-04-18 21:58:52 | INFO     | ss_crawler | [scraper] [scraper] ⏭️ UNCHANGED: Processed: unchanged
2026-04-18 21:58:52 | INFO     | ss_crawler | [crawler] [crawler] Fetching listing 24/27: https://www.ss.com/msg/lv/electronics/computers/completing-pc/video/ppfoj.html
2026-04-18 21:58:55 | INFO     | ss_crawler | [scraper] [scraper] ⏭️ UNCHANGED: Processed: unchanged
2026-04-18 21:58:55 | INFO     | ss_crawler | [crawler] [crawler] Fetching listing 25/27: https://www.ss.com/msg/lv/electronics/computers/completing-pc/video/bigjln.html
2026-04-18 21:58:57 | INFO     | ss_crawler | [scraper] [scraper] ⏭️ UNCHANGED: Processed: unchanged
2026-04-18 21:58:57 | INFO     | ss_crawler | [crawler] [crawler] Fetching listing 26/27: https://www.ss.com/msg/lv/electronics/computers/completing-pc/video/binpxk.html
2026-04-18 21:58:59 | INFO     | ss_crawler | [scraper] [scraper] ⏭️ UNCHANGED: Processed: unchanged
2026-04-18 21:58:59 | INFO     | ss_crawler | [crawler] [crawler] Fetching listing 27/27: https://www.ss.com/msg/lv/electronics/computers/completing-pc/video/bihmgd.html
2026-04-18 21:59:02 | INFO     | ss_crawler | [scraper] [scraper] ⏭️ UNCHANGED: Processed: unchanged
2026-04-18 21:59:02 | INFO     | ss_crawler | [scraper] [scraper] 📄 Page limit reached (5), stopping
2026-04-18 21:59:02 | INFO     | ss_crawler | [repository] [repository] Marked 26 listings as stale (not seen since 2026-04-11)
2026-04-18 21:59:02 | INFO     | ss_crawler | [scraper] [scraper] 🗑️ Marked 26 listings as stale
2026-04-18 21:59:02 | INFO     | ss_crawler | [scraper] [scraper] ✅ Scraping completed successfully
