2026-08-24 14:41:27 | INFO     | ss_crawler | [database] Database connected: localhost:5433/ss_market
2026-08-24 14:41:27 | INFO     | ss_crawler | [andele_scraper] Database initialized for matchers
2026-08-24 14:41:28 | INFO     | ss_crawler | [matcher] GPUMatcher initialized with 633 GPUs
2026-08-24 14:41:28 | INFO     | ss_crawler | [andele_scraper] Initialized GPU matcher with 633 GPUs
2026-08-24 14:41:28 | INFO     | ss_crawler | [cpu_matcher] CPUMatcher initialized with 5320 CPUs
2026-08-24 14:41:28 | INFO     | ss_crawler | [andele_scraper] Initialized CPU matcher with 5320 CPUs
2026-08-24 14:41:28 | INFO     | ss_crawler | [ssd_matcher] SSDMatcher initialized with 2453 SSDs
2026-08-24 14:41:28 | INFO     | ss_crawler | [andele_scraper] Initialized SSD matcher with 2453 SSDs
2026-08-24 14:41:28 | INFO     | ss_crawler | [ram_matcher] RAMMatcher initialized with 5281 RAM references
2026-08-24 14:41:28 | INFO     | ss_crawler | [andele_scraper] Initialized RAM matcher with 5281 RAMs
2026-08-24 14:41:29 | INFO     | ss_crawler | [psu_matcher] PSUMatcher initialized with 2895 PSU references
2026-08-24 14:41:29 | INFO     | ss_crawler | [andele_scraper] Initialized PSU matcher with 2895 PSUs
2026-08-24 14:41:29 | INFO     | ss_crawler | [monitor_scraper] MonitorMatcher initialized with 0 monitors
2026-08-24 14:41:29 | INFO     | ss_crawler | [andele_scraper] Initialized Monitor matcher
2026-08-24 14:41:30 | INFO     | ss_crawler | [motherboard_matcher] MotherboardMatcher initialized with 5732 motherboards
2026-08-24 14:41:30 | INFO     | ss_crawler | [andele_scraper] Initialized Motherboard matcher with 5732 boards
2026-08-24 14:41:31 | INFO     | ss_crawler | [cpu_matcher] CPUMatcher initialized with 5320 CPUs
2026-08-24 14:41:31 | INFO     | ss_crawler | [matcher] GPUMatcher initialized with 633 GPUs
2026-08-24 14:41:31 | INFO     | ss_crawler | [ram_matcher] RAMMatcher initialized with 5281 RAM references
2026-08-24 14:41:32 | INFO     | ss_crawler | [ssd_matcher] SSDMatcher initialized with 2453 SSDs
2026-08-24 14:41:32 | INFO     | ss_crawler | [psu_matcher] PSUMatcher initialized with 2895 PSU references
2026-08-24 14:41:32 | INFO     | ss_crawler | [case_matcher] CaseMatcher initialized with 5742 case references
2026-08-24 14:41:33 | INFO     | ss_crawler | [motherboard_matcher] MotherboardMatcher initialized with 5732 motherboards
2026-08-24 14:41:33 | INFO     | ss_crawler | [computer_matcher] ComputerMatcher initialized: 5320 CPUs, 633 GPUs, 5281 RAMs, 2453 SSDs, 2895 PSUs, 5742 Cases, 5732 Motherboards, 0 Monitors
2026-08-24 14:41:33 | INFO     | ss_crawler | [andele_scraper] Initialized Computer matcher
2026-08-24 14:41:33 | INFO     | ss_crawler | [andele_scraper] Starting scrape of ssd from https://www.andelemandele.lv/perles/tehnika/datori/#order:actual/attributes:404
2026-08-24 14:41:33 | INFO     | ss_crawler | [andele_scraper] Calling product-data API for ssd: https://www.andelemandele.lv/product-data/?filter=eyJjYXRlZ29yeSI6IHsiaWQiOiAzNjh9LCAib3JkZXIiOiAiYW…
2026-08-24 14:41:34 | INFO     | ss_crawler | [andele_scraper] product-data returned count=25, html_len=41329
2026-08-24 14:41:34 | INFO     | ss_crawler | [andele_scraper] Got 25 real filtered listings for ssd (API reported 25 total)
2026-08-24 14:41:36 | WARNING  | ss_crawler | [andele_scraper] Matcher error for ssd: 'SSDMatcher' object has no attribute 'match'
2026-08-24 14:41:36 | INFO     | ss_crawler | [repository] ✨ 16084335: New
2026-08-24 14:41:36 | INFO     | ss_crawler | [andele_scraper] 🖼️  Found 2 images for 16084335: Intel S3610 800Gb SSD disks...
2026-08-24 14:41:36 | INFO     | ss_crawler | [andele_scraper]    Image 1: https://static4.andelemandele.lv/images/large/24d/816/1/c7e95ac227547fad5.webp...
2026-08-24 14:41:36 | INFO     | ss_crawler | [andele_scraper]    Image 2: https://static1.andelemandele.lv/images/large/2bb/082/1/fe8f14663340f4c56.webp...
2026-08-24 14:41:36 | INFO     | ss_crawler | [image_downloader] Downloaded image for 16084335 (stored as 16084335_0cdd3968.jpg, 237072 bytes)
2026-08-24 14:41:36 | INFO     | ss_crawler | [image_downloader] Downloaded image for 16084335 (stored as 16084335_6368739b.jpg, 262085 bytes)
2026-08-24 14:41:36 | INFO     | ss_crawler | [andele_scraper] 📸 Downloaded 2 images for 16084335
2026-08-24 14:41:39 | WARNING  | ss_crawler | [andele_scraper] Matcher error for ssd: 'SSDMatcher' object has no attribute 'match'
2026-08-24 14:41:39 | INFO     | ss_crawler | [repository] ✨ 16069539: New
2026-08-24 14:41:39 | INFO     | ss_crawler | [andele_scraper] 🖼️  Found 2 images for 16069539: Samsung PM883 1,92TB serveru SSD...
2026-08-24 14:41:39 | INFO     | ss_crawler | [andele_scraper]    Image 1: https://static1.andelemandele.lv/images/large/65b/49c/1/00aa2df6254a3a5ff.webp...
2026-08-24 14:41:39 | INFO     | ss_crawler | [andele_scraper]    Image 2: https://static1.andelemandele.lv/images/large/834/581/1/303d8ee587bc4a9c3.webp...
2026-08-24 14:41:39 | INFO     | ss_crawler | [image_downloader] Downloaded image for 16069539 (stored as 16069539_f7948d95.jpg, 321879 bytes)
2026-08-24 14:41:39 | INFO     | ss_crawler | [image_downloader] Downloaded image for 16069539 (stored as 16069539_6064d956.jpg, 322973 bytes)
2026-08-24 14:41:39 | INFO     | ss_crawler | [andele_scraper] 📸 Downloaded 2 images for 16069539
2026-08-24 14:41:42 | WARNING  | ss_crawler | [andele_scraper] Matcher error for ssd: 'SSDMatcher' object has no attribute 'match'
2026-08-24 14:41:42 | INFO     | ss_crawler | [repository] ✨ 16068070: New
2026-08-24 14:41:42 | INFO     | ss_crawler | [andele_scraper] 🖼️  Found 4 images for 16068070: WD Blue WD10JPVX 1Tb cietais disks...
2026-08-24 14:41:42 | INFO     | ss_crawler | [andele_scraper]    Image 1: https://static2.andelemandele.lv/images/large/79c/9be/1/15112be95e66c8d02.webp...
2026-08-24 14:41:42 | INFO     | ss_crawler | [andele_scraper]    Image 2: https://static1.andelemandele.lv/images/large/086/708/1/e6182c025591e91cd.webp...
2026-08-24 14:41:42 | INFO     | ss_crawler | [andele_scraper]    Image 3: https://static4.andelemandele.lv/images/large/b00/0fa/1/16e460b8afcd75437.webp...
2026-08-24 14:41:42 | INFO     | ss_crawler | [image_downloader] Downloaded image for 16068070 (stored as 16068070_a79984ae.jpg, 311667 bytes)
2026-08-24 14:41:42 | INFO     | ss_crawler | [image_downloader] Downloaded image for 16068070 (stored as 16068070_fada69a9.jpg, 317020 bytes)
2026-08-24 14:41:42 | INFO     | ss_crawler | [image_downloader] Downloaded image for 16068070 (stored as 16068070_ac700d04.jpg, 307559 bytes)
2026-08-24 14:41:43 | INFO     | ss_crawler | [image_downloader] Downloaded image for 16068070 (stored as 16068070_8050ed39.jpg, 338551 bytes)
2026-08-24 14:41:43 | INFO     | ss_crawler | [andele_scraper] 📸 Downloaded 4 images for 16068070
2026-08-24 14:41:45 | WARNING  | ss_crawler | [andele_scraper] Matcher error for ssd: 'SSDMatcher' object has no attribute 'match'
2026-08-24 14:41:45 | INFO     | ss_crawler | [repository] ✨ 16030706: New
2026-08-24 14:41:45 | INFO     | ss_crawler | [andele_scraper] 🖼️  Found 4 images for 16030706: Seagate ST1000LM035 1Tb cietais disks...
2026-08-24 14:41:45 | INFO     | ss_crawler | [andele_scraper]    Image 1: https://static4.andelemandele.lv/images/large/fc3/3d8/1/52f0c5b6eb4d1ffb5.webp...
2026-08-24 14:41:45 | INFO     | ss_crawler | [andele_scraper]    Image 2: https://static3.andelemandele.lv/images/large/013/548/1/2e0e5c37da0e74ab1.webp...
2026-08-24 14:41:45 | INFO     | ss_crawler | [andele_scraper]    Image 3: https://static5.andelemandele.lv/images/large/bf1/25b/1/ff6b6a2431b66e544.webp...
2026-08-24 14:41:46 | INFO     | ss_crawler | [image_downloader] Downloaded image for 16030706 (stored as 16030706_3083f330.jpg, 267226 bytes)
2026-08-24 14:41:46 | INFO     | ss_crawler | [image_downloader] Downloaded image for 16030706 (stored as 16030706_e6d088e6.jpg, 270346 bytes)
2026-08-24 14:41:46 | INFO     | ss_crawler | [image_downloader] Downloaded image for 16030706 (stored as 16030706_7dc814f0.jpg, 303334 bytes)
2026-08-24 14:41:47 | INFO     | ss_crawler | [image_downloader] Downloaded image for 16030706 (stored as 16030706_54c27e69.jpg, 353362 bytes)
2026-08-24 14:41:47 | INFO     | ss_crawler | [andele_scraper] 📸 Downloaded 4 images for 16030706
2026-08-24 14:41:49 | WARNING  | ss_crawler | [andele_scraper] Matcher error for ssd: 'SSDMatcher' object has no attribute 'match'
2026-08-24 14:41:49 | INFO     | ss_crawler | [repository] ✨ 16002481: New
2026-08-24 14:41:49 | INFO     | ss_crawler | [andele_scraper] 🖼️  Found 5 images for 16002481: 4x Micron 256Gb SSD diski...
2026-08-24 14:41:49 | INFO     | ss_crawler | [andele_scraper]    Image 1: https://static4.andelemandele.lv/images/large/c74/86d/1/b9c7be65e755a2774.webp...
2026-08-24 14:41:49 | INFO     | ss_crawler | [andele_scraper]    Image 2: https://static2.andelemandele.lv/images/large/914/be6/1/7732a68ccd777f498.webp...
2026-08-24 14:41:49 | INFO     | ss_crawler | [andele_scraper]    Image 3: https://static6.andelemandele.lv/images/large/f44/26e/1/ea2f4f24cb99e3e35.webp...
2026-08-24 14:41:49 | INFO     | ss_crawler | [image_downloader] Downloaded image for 16002481 (stored as 16002481_10ca47d1.jpg, 249801 bytes)
2026-08-24 14:41:49 | INFO     | ss_crawler | [image_downloader] Downloaded image for 16002481 (stored as 16002481_c5c9100f.jpg, 368604 bytes)
2026-08-24 14:41:50 | INFO     | ss_crawler | [image_downloader] Downloaded image for 16002481 (stored as 16002481_a625b124.jpg, 391767 bytes)
2026-08-24 14:41:50 | INFO     | ss_crawler | [image_downloader] Downloaded image for 16002481 (stored as 16002481_3b1d3c43.jpg, 400026 bytes)
2026-08-24 14:41:50 | INFO     | ss_crawler | [image_downloader] Downloaded image for 16002481 (stored as 16002481_91db2864.jpg, 466447 bytes)
2026-08-24 14:41:50 | INFO     | ss_crawler | [andele_scraper] 📸 Downloaded 5 images for 16002481
2026-08-24 14:41:53 | WARNING  | ss_crawler | [andele_scraper] Matcher error for ssd: 'SSDMatcher' object has no attribute 'match'
2026-08-24 14:41:53 | INFO     | ss_crawler | [repository] ✨ 15987928: New
2026-08-24 14:41:53 | INFO     | ss_crawler | [andele_scraper] 🖼️  Found 3 images for 15987928: Orico M.2 NVMe SSD disku ietvars 4Tb...
2026-08-24 14:41:53 | INFO     | ss_crawler | [andele_scraper]    Image 1: https://static6.andelemandele.lv/images/large/d67/d86/1/cb466d153e097a561.webp...
2026-08-24 14:41:53 | INFO     | ss_crawler | [andele_scraper]    Image 2: https://static3.andelemandele.lv/images/large/40f/b79/1/5f5b76391d36aa2c9.webp...
2026-08-24 14:41:53 | INFO     | ss_crawler | [andele_scraper]    Image 3: https://static6.andelemandele.lv/images/large/851/2e9/1/064d6766f8c9a65c0.webp...
2026-08-24 14:41:53 | INFO     | ss_crawler | [image_downloader] Downloaded image for 15987928 (stored as 15987928_26a67483.jpg, 225801 bytes)
2026-08-24 14:41:53 | INFO     | ss_crawler | [image_downloader] Downloaded image for 15987928 (stored as 15987928_2fb2cdb5.jpg, 291077 bytes)
2026-08-24 14:41:54 | INFO     | ss_crawler | [image_downloader] Downloaded image for 15987928 (stored as 15987928_47908ce3.jpg, 287106 bytes)
2026-08-24 14:41:54 | INFO     | ss_crawler | [andele_scraper] 📸 Downloaded 3 images for 15987928
2026-08-24 14:41:56 | WARNING  | ss_crawler | [andele_scraper] Matcher error for ssd: 'SSDMatcher' object has no attribute 'match'
2026-08-24 14:41:56 | INFO     | ss_crawler | [repository] ✨ 15982837: New
2026-08-24 14:41:56 | INFO     | ss_crawler | [andele_scraper] 🖼️  Found 4 images for 15982837: Samsung 850 EVO 1Tb SSD 96%...
2026-08-24 14:41:56 | INFO     | ss_crawler | [andele_scraper]    Image 1: https://static4.andelemandele.lv/images/large/ca3/98f/1/2374ec84220b4ff25.webp...
2026-08-24 14:41:56 | INFO     | ss_crawler | [andele_scraper]    Image 2: https://static3.andelemandele.lv/images/large/761/d9f/1/9a56b3f7c22ebcb9b.webp...
2026-08-24 14:41:56 | INFO     | ss_crawler | [andele_scraper]    Image 3: https://static5.andelemandele.lv/images/large/797/fec/1/58c6836669659a887.webp...
2026-08-24 14:41:56 | INFO     | ss_crawler | [image_downloader] Downloaded image for 15982837 (stored as 15982837_4fdad337.jpg, 333510 bytes)
2026-08-24 14:41:56 | INFO     | ss_crawler | [image_downloader] Downloaded image for 15982837 (stored as 15982837_200cb453.jpg, 379414 bytes)
2026-08-24 14:41:57 | INFO     | ss_crawler | [image_downloader] Downloaded image for 15982837 (stored as 15982837_5663e586.jpg, 365087 bytes)
2026-08-24 14:41:57 | INFO     | ss_crawler | [image_downloader] Downloaded image for 15982837 (stored as 15982837_91404646.jpg, 186965 bytes)
2026-08-24 14:41:57 | INFO     | ss_crawler | [andele_scraper] 📸 Downloaded 4 images for 15982837
2026-08-24 14:41:59 | WARNING  | ss_crawler | [andele_scraper] Matcher error for ssd: 'SSDMatcher' object has no attribute 'match'
2026-08-24 14:41:59 | INFO     | ss_crawler | [repository] ✨ 15909720: New
2026-08-24 14:41:59 | INFO     | ss_crawler | [andele_scraper] 🖼️  Found 3 images for 15909720: KingDian 120Gb Sata m.2 2242 SSD disks...
2026-08-24 14:41:59 | INFO     | ss_crawler | [andele_scraper]    Image 1: https://static1.andelemandele.lv/images/large/fb2/9fb/1/c032f7dfa9462d07e.webp...
2026-08-24 14:41:59 | INFO     | ss_crawler | [andele_scraper]    Image 2: https://static6.andelemandele.lv/images/large/d5d/003/1/5068b1d7a63c26968.webp...
2026-08-24 14:41:59 | INFO     | ss_crawler | [andele_scraper]    Image 3: https://static4.andelemandele.lv/images/large/3ec/692/1/2bfdb553f9281f98d.webp...
2026-08-24 14:42:00 | INFO     | ss_crawler | [image_downloader] Downloaded image for 15909720 (stored as 15909720_d5b00a4a.jpg, 257043 bytes)
2026-08-24 14:42:00 | INFO     | ss_crawler | [image_downloader] Downloaded image for 15909720 (stored as 15909720_12d759d3.jpg, 274151 bytes)
2026-08-24 14:42:00 | INFO     | ss_crawler | [image_downloader] Downloaded image for 15909720 (stored as 15909720_7c91db43.jpg, 294865 bytes)
2026-08-24 14:42:00 | INFO     | ss_crawler | [andele_scraper] 📸 Downloaded 3 images for 15909720
2026-08-24 14:42:02 | WARNING  | ss_crawler | [andele_scraper] Matcher error for ssd: 'SSDMatcher' object has no attribute 'match'
2026-08-24 14:42:02 | INFO     | ss_crawler | [repository] ✨ 15907611: New
2026-08-24 14:42:02 | INFO     | ss_crawler | [andele_scraper] 🖼️  Found 3 images for 15907611: Adata SU720 1Tb SSD...
2026-08-24 14:42:02 | INFO     | ss_crawler | [andele_scraper]    Image 1: https://static3.andelemandele.lv/images/large/587/397/1/d927e27300bdeac67.webp...
2026-08-24 14:42:02 | INFO     | ss_crawler | [andele_scraper]    Image 2: https://static5.andelemandele.lv/images/large/a31/a7c/1/ff197b897d8bf9b23.webp...
2026-08-24 14:42:02 | INFO     | ss_crawler | [andele_scraper]    Image 3: https://static4.andelemandele.lv/images/large/02b/55f/1/8d619e2c8cd53466d.webp...
2026-08-24 14:42:03 | INFO     | ss_crawler | [image_downloader] Downloaded image for 15907611 (stored as 15907611_1a5cc290.jpg, 408915 bytes)
2026-08-24 14:42:03 | INFO     | ss_crawler | [image_downloader] Downloaded image for 15907611 (stored as 15907611_40b0785a.jpg, 364276 bytes)
2026-08-24 14:42:03 | INFO     | ss_crawler | [image_downloader] Downloaded image for 15907611 (stored as 15907611_3dcfce57.jpg, 376032 bytes)
2026-08-24 14:42:03 | INFO     | ss_crawler | [andele_scraper] 📸 Downloaded 3 images for 15907611
2026-08-24 14:42:05 | WARNING  | ss_crawler | [andele_scraper] Matcher error for ssd: 'SSDMatcher' object has no attribute 'match'
2026-08-24 14:42:05 | INFO     | ss_crawler | [repository] ✨ 15972904: New
2026-08-24 14:42:05 | INFO     | ss_crawler | [andele_scraper] 🖼️  Found 3 images for 15972904: Jaunu. (1Tb. ) 1000gb. Ssd Crucial Bx500...
2026-08-24 14:42:05 | INFO     | ss_crawler | [andele_scraper]    Image 1: https://static5.andelemandele.lv/images/large/93c/91c/1/00f6475dd3d95d749.webp...
2026-08-24 14:42:05 | INFO     | ss_crawler | [andele_scraper]    Image 2: https://static6.andelemandele.lv/images/large/ac4/9d4/1/d18239434b4eb46e2.webp...
2026-08-24 14:42:05 | INFO     | ss_crawler | [andele_scraper]    Image 3: https://static2.andelemandele.lv/images/large/4e1/828/1/e2cea57548e3fe078.webp...
2026-08-24 14:42:06 | INFO     | ss_crawler | [image_downloader] Downloaded image for 15972904 (stored as 15972904_acc08784.jpg, 235866 bytes)
2026-08-24 14:42:06 | INFO     | ss_crawler | [image_downloader] Downloaded image for 15972904 (stored as 15972904_e4655fe4.jpg, 255769 bytes)
2026-08-24 14:42:06 | INFO     | ss_crawler | [image_downloader] Downloaded image for 15972904 (stored as 15972904_ea6136a4.jpg, 274461 bytes)
2026-08-24 14:42:06 | INFO     | ss_crawler | [andele_scraper] 📸 Downloaded 3 images for 15972904
2026-08-24 14:42:08 | WARNING  | ss_crawler | [andele_scraper] Matcher error for ssd: 'SSDMatcher' object has no attribute 'match'
2026-08-24 14:42:08 | WARNING  | ss_crawler | [listing_versioning] Legacy listing 15564444 v1 has NULL fingerprint, creating new version
2026-08-24 14:42:08 | INFO     | ss_crawler | [repository] ✨ 15564444_v2: New
2026-08-24 14:42:08 | INFO     | ss_crawler | [andele_scraper] 🖼️  Found 3 images for 15564444_v2: Samsung 870 Qvo uz 2T. (2000 gb.) JAUNS...
2026-08-24 14:42:08 | INFO     | ss_crawler | [andele_scraper]    Image 1: https://static6.andelemandele.lv/images/large/99f/a6d/1/2a9cffa56fd65b30e.webp...
2026-08-24 14:42:08 | INFO     | ss_crawler | [andele_scraper]    Image 2: https://static6.andelemandele.lv/images/large/4eb/b13/1/938562b599470eb2f.webp...
2026-08-24 14:42:08 | INFO     | ss_crawler | [andele_scraper]    Image 3: https://static1.andelemandele.lv/images/large/0c1/779/1/e16a5295f3ab0c438.webp...
2026-08-24 14:42:09 | INFO     | ss_crawler | [image_downloader] Downloaded image for 15564444_v2 (stored as 15564444_a3240c40.jpg, 271053 bytes)
2026-08-24 14:42:09 | INFO     | ss_crawler | [image_downloader] Downloaded image for 15564444_v2 (stored as 15564444_8d66a11a.jpg, 227930 bytes)
2026-08-24 14:42:09 | INFO     | ss_crawler | [image_downloader] Downloaded image for 15564444_v2 (stored as 15564444_e494b545.jpg, 301076 bytes)
2026-08-24 14:42:09 | INFO     | ss_crawler | [andele_scraper] 📸 Downloaded 3 images for 15564444_v2
2026-08-24 14:42:11 | WARNING  | ss_crawler | [andele_scraper] Matcher error for ssd: 'SSDMatcher' object has no attribute 'match'
2026-08-24 14:42:11 | INFO     | ss_crawler | [repository] ✨ 15831523: New
2026-08-24 14:42:11 | INFO     | ss_crawler | [andele_scraper] 🖼️  Found 2 images for 15831523: 4TB 990 PRO PCIe 4.0 NVMe M.2 SSD...
2026-08-24 14:42:11 | INFO     | ss_crawler | [andele_scraper]    Image 1: https://static6.andelemandele.lv/images/large/f86/ec4/1/3383d19b733887232.webp...
2026-08-24 14:42:11 | INFO     | ss_crawler | [andele_scraper]    Image 2: https://static6.andelemandele.lv/images/large/4b7/5df/1/f0a2581af240d56a9.webp...
2026-08-24 14:42:12 | INFO     | ss_crawler | [image_downloader] Downloaded image for 15831523 (stored as 15831523_6c7c8964.jpg, 397631 bytes)
2026-08-24 14:42:12 | INFO     | ss_crawler | [image_downloader] Downloaded image for 15831523 (stored as 15831523_560208bf.jpg, 172456 bytes)
2026-08-24 14:42:12 | INFO     | ss_crawler | [andele_scraper] 📸 Downloaded 2 images for 15831523
2026-08-24 14:42:14 | WARNING  | ss_crawler | [andele_scraper] Matcher error for ssd: 'SSDMatcher' object has no attribute 'match'
2026-08-24 14:42:14 | INFO     | ss_crawler | [repository] ✨ 15827861: New
2026-08-24 14:42:14 | INFO     | ss_crawler | [andele_scraper] 🖼️  Found 3 images for 15827861: Jauns Intenso SSD SATA 2.5" 256GB cietais disks - ...
2026-08-24 14:42:14 | INFO     | ss_crawler | [andele_scraper]    Image 1: https://static3.andelemandele.lv/images/large/ad1/8f2/1/78f1321749704883b.webp...
2026-08-24 14:42:14 | INFO     | ss_crawler | [andele_scraper]    Image 2: https://static5.andelemandele.lv/images/large/393/a86/1/816b3c193e6ce0182.webp...
2026-08-24 14:42:14 | INFO     | ss_crawler | [andele_scraper]    Image 3: https://static6.andelemandele.lv/images/large/3fd/aac/1/00ef56b95927f436b.webp...
2026-08-24 14:42:15 | INFO     | ss_crawler | [image_downloader] Downloaded image for 15827861 (stored as 15827861_398c5f88.jpg, 185998 bytes)
2026-08-24 14:42:15 | INFO     | ss_crawler | [image_downloader] Downloaded image for 15827861 (stored as 15827861_24037753.jpg, 168063 bytes)
2026-08-24 14:42:16 | INFO     | ss_crawler | [image_downloader] Downloaded image for 15827861 (stored as 15827861_08a3f125.jpg, 159292 bytes)
2026-08-24 14:42:16 | INFO     | ss_crawler | [andele_scraper] 📸 Downloaded 3 images for 15827861
2026-08-24 14:42:18 | WARNING  | ss_crawler | [andele_scraper] Matcher error for ssd: 'SSDMatcher' object has no attribute 'match'
2026-08-24 14:42:18 | INFO     | ss_crawler | [repository] ✨ 16035869: New
2026-08-24 14:42:18 | INFO     | ss_crawler | [andele_scraper] 🖼️  Found 1 images for 16035869: Jauns 256 nvme SSD disks...
2026-08-24 14:42:18 | INFO     | ss_crawler | [andele_scraper]    Image 1: https://static5.andelemandele.lv/images/large/b96/591/1/0bbf34e1d8d35e3ba.webp...
2026-08-24 14:42:18 | INFO     | ss_crawler | [image_downloader] Downloaded image for 16035869 (stored as 16035869_1ff4f1fd.jpg, 221583 bytes)
2026-08-24 14:42:18 | INFO     | ss_crawler | [andele_scraper] 📸 Downloaded 1 images for 16035869
2026-08-24 14:42:20 | WARNING  | ss_crawler | [andele_scraper] Matcher error for ssd: 'SSDMatcher' object has no attribute 'match'
2026-08-24 14:42:20 | INFO     | ss_crawler | [repository] ✨ 15826577: New
2026-08-24 14:42:20 | INFO     | ss_crawler | [andele_scraper] 🖼️  Found 2 images for 15826577: Lexar NM620 M.2 512GB...
2026-08-24 14:42:20 | INFO     | ss_crawler | [andele_scraper]    Image 1: https://static4.andelemandele.lv/images/large/ec5/115/1/7d6c1ddde48fe42fb.webp...
2026-08-24 14:42:20 | INFO     | ss_crawler | [andele_scraper]    Image 2: https://static3.andelemandele.lv/images/large/f12/9b8/1/881746961172ebcee.webp...
2026-08-24 14:42:21 | INFO     | ss_crawler | [image_downloader] Downloaded image for 15826577 (stored as 15826577_7618192f.jpg, 238709 bytes)
2026-08-24 14:42:21 | INFO     | ss_crawler | [image_downloader] Downloaded image for 15826577 (stored as 15826577_8d556e13.jpg, 339125 bytes)
2026-08-24 14:42:21 | INFO     | ss_crawler | [andele_scraper] 📸 Downloaded 2 images for 15826577
2026-08-24 14:42:23 | WARNING  | ss_crawler | [andele_scraper] Matcher error for ssd: 'SSDMatcher' object has no attribute 'match'
2026-08-24 14:42:23 | INFO     | ss_crawler | [repository] ✨ 15489073: New
2026-08-24 14:42:23 | INFO     | ss_crawler | [andele_scraper] 🖼️  Found 1 images for 15489073: Kingston SSD 240gb...
2026-08-24 14:42:23 | INFO     | ss_crawler | [andele_scraper]    Image 1: https://static4.andelemandele.lv/images/large/41d/759/1/54796814aef8643bf.webp...
2026-08-24 14:42:23 | INFO     | ss_crawler | [image_downloader] Downloaded image for 15489073 (stored as 15489073_68faf993.jpg, 263578 bytes)
2026-08-24 14:42:23 | INFO     | ss_crawler | [andele_scraper] 📸 Downloaded 1 images for 15489073
2026-08-24 14:42:26 | WARNING  | ss_crawler | [andele_scraper] Matcher error for ssd: 'SSDMatcher' object has no attribute 'match'
2026-08-24 14:42:26 | INFO     | ss_crawler | [repository] ✨ 15908769: New
2026-08-24 14:42:26 | INFO     | ss_crawler | [andele_scraper] 🖼️  Found 2 images for 15908769: Six(Xiaomi) x1500 Pro pcie nvme gen 5 ssd,1Tb...
2026-08-24 14:42:26 | INFO     | ss_crawler | [andele_scraper]    Image 1: https://static6.andelemandele.lv/images/large/9be/857/1/a1d40ef299f0e9337.webp...
2026-08-24 14:42:26 | INFO     | ss_crawler | [andele_scraper]    Image 2: https://static3.andelemandele.lv/images/large/f51/2af/1/d99824a5175158101.webp...
2026-08-24 14:42:26 | INFO     | ss_crawler | [image_downloader] Downloaded image for 15908769 (stored as 15908769_6f27c519.jpg, 233080 bytes)
2026-08-24 14:42:26 | INFO     | ss_crawler | [image_downloader] Downloaded image for 15908769 (stored as 15908769_9a2806ee.jpg, 277644 bytes)
2026-08-24 14:42:26 | INFO     | ss_crawler | [andele_scraper] 📸 Downloaded 2 images for 15908769
2026-08-24 14:42:28 | WARNING  | ss_crawler | [andele_scraper] Matcher error for ssd: 'SSDMatcher' object has no attribute 'match'
2026-08-24 14:42:28 | INFO     | ss_crawler | [repository] ✨ 16004378: New
2026-08-24 14:42:28 | INFO     | ss_crawler | [andele_scraper] 🖼️  Found 2 images for 16004378: Kingston SSD SATA 480GB TLC...
2026-08-24 14:42:28 | INFO     | ss_crawler | [andele_scraper]    Image 1: https://static5.andelemandele.lv/images/large/b5f/752/1/9a511cf89e305da1c.webp...
2026-08-24 14:42:28 | INFO     | ss_crawler | [andele_scraper]    Image 2: https://static4.andelemandele.lv/images/large/1c1/f94/1/55d3da1f9fc1461cb.webp...
2026-08-24 14:42:29 | INFO     | ss_crawler | [image_downloader] Downloaded image for 16004378 (stored as 16004378_da1d9afd.jpg, 234577 bytes)
2026-08-24 14:42:29 | INFO     | ss_crawler | [image_downloader] Downloaded image for 16004378 (stored as 16004378_20e98102.jpg, 328437 bytes)
2026-08-24 14:42:29 | INFO     | ss_crawler | [andele_scraper] 📸 Downloaded 2 images for 16004378
2026-08-24 14:42:31 | WARNING  | ss_crawler | [andele_scraper] Matcher error for ssd: 'SSDMatcher' object has no attribute 'match'
2026-08-24 14:42:31 | INFO     | ss_crawler | [repository] ✨ 15983357: New
2026-08-24 14:42:31 | INFO     | ss_crawler | [andele_scraper] 🖼️  Found 1 images for 15983357: Samsung SSD 1TB T7...
2026-08-24 14:42:31 | INFO     | ss_crawler | [andele_scraper]    Image 1: https://static1.andelemandele.lv/images/large/e9f/8b8/1/4a7afb423b96c9c28.webp...
2026-08-24 14:42:31 | INFO     | ss_crawler | [image_downloader] Downloaded image for 15983357 (stored as 15983357_4bfa0b4f.jpg, 131292 bytes)
2026-08-24 14:42:31 | INFO     | ss_crawler | [andele_scraper] 📸 Downloaded 1 images for 15983357
2026-08-24 14:42:34 | WARNING  | ss_crawler | [andele_scraper] Matcher error for ssd: 'SSDMatcher' object has no attribute 'match'
2026-08-24 14:42:34 | INFO     | ss_crawler | [repository] ✨ 15981722: New
2026-08-24 14:42:34 | INFO     | ss_crawler | [andele_scraper] 🖼️  Found 1 images for 15981722: Jauns SSD Kingston XS1000 1TB...
2026-08-24 14:42:34 | INFO     | ss_crawler | [andele_scraper]    Image 1: https://static1.andelemandele.lv/images/large/5dd/c1a/1/df7252db5ac94e58e.webp...
2026-08-24 14:42:34 | INFO     | ss_crawler | [image_downloader] Downloaded image for 15981722 (stored as 15981722_8b217c09.jpg, 149946 bytes)
2026-08-24 14:42:34 | INFO     | ss_crawler | [andele_scraper] 📸 Downloaded 1 images for 15981722
2026-08-24 14:42:36 | WARNING  | ss_crawler | [andele_scraper] Matcher error for ssd: 'SSDMatcher' object has no attribute 'match'
2026-08-24 14:42:36 | INFO     | ss_crawler | [repository] ✨ 15771308: New
2026-08-24 14:42:36 | INFO     | ss_crawler | [andele_scraper] 🖼️  Found 4 images for 15771308: Komplekts: 3 x 500 GB USB cietie diski - rezerves ...
2026-08-24 14:42:36 | INFO     | ss_crawler | [andele_scraper]    Image 1: https://static4.andelemandele.lv/images/large/069/a9b/1/80513e542c8682b36.webp...
2026-08-24 14:42:36 | INFO     | ss_crawler | [andele_scraper]    Image 2: https://static3.andelemandele.lv/images/large/b6d/5eb/1/6ac328d6553d62739.webp...
2026-08-24 14:42:36 | INFO     | ss_crawler | [andele_scraper]    Image 3: https://static3.andelemandele.lv/images/large/f67/b11/1/1b60758c42e09cb42.webp...
2026-08-24 14:42:36 | INFO     | ss_crawler | [image_downloader] Downloaded image for 15771308 (stored as 15771308_7892c85c.jpg, 474341 bytes)
2026-08-24 14:42:37 | INFO     | ss_crawler | [image_downloader] Downloaded image for 15771308 (stored as 15771308_96914457.jpg, 499875 bytes)
2026-08-24 14:42:37 | INFO     | ss_crawler | [image_downloader] Downloaded image for 15771308 (stored as 15771308_170168eb.jpg, 387588 bytes)
2026-08-24 14:42:37 | INFO     | ss_crawler | [image_downloader] Downloaded image for 15771308 (stored as 15771308_35c14e44.jpg, 489096 bytes)
2026-08-24 14:42:37 | INFO     | ss_crawler | [andele_scraper] 📸 Downloaded 4 images for 15771308
2026-08-24 14:42:40 | WARNING  | ss_crawler | [andele_scraper] Matcher error for ssd: 'SSDMatcher' object has no attribute 'match'
2026-08-24 14:42:40 | INFO     | ss_crawler | [repository] ✨ 15941357: New
2026-08-24 14:42:40 | INFO     | ss_crawler | [andele_scraper] 🖼️  Found 5 images for 15941357: Crucial T500 2TB...
2026-08-24 14:42:40 | INFO     | ss_crawler | [andele_scraper]    Image 1: https://static6.andelemandele.lv/images/large/738/a5d/1/3a407ecaba6cf384e.webp...
2026-08-24 14:42:40 | INFO     | ss_crawler | [andele_scraper]    Image 2: https://static5.andelemandele.lv/images/large/4e9/05b/1/1b77986a6ca164d75.webp...
2026-08-24 14:42:40 | INFO     | ss_crawler | [andele_scraper]    Image 3: https://static2.andelemandele.lv/images/large/3fd/469/1/fb0a801b6a0d155c4.webp...
2026-08-24 14:42:40 | INFO     | ss_crawler | [image_downloader] Downloaded image for 15941357 (stored as 15941357_e234d362.jpg, 93401 bytes)
2026-08-24 14:42:40 | INFO     | ss_crawler | [image_downloader] Downloaded image for 15941357 (stored as 15941357_a1d27048.jpg, 109370 bytes)
2026-08-24 14:42:40 | INFO     | ss_crawler | [image_downloader] Downloaded image for 15941357 (stored as 15941357_427612e4.jpg, 97084 bytes)
2026-08-24 14:42:41 | INFO     | ss_crawler | [image_downloader] Downloaded image for 15941357 (stored as 15941357_2c143083.jpg, 103614 bytes)
2026-08-24 14:42:41 | INFO     | ss_crawler | [image_downloader] Downloaded image for 15941357 (stored as 15941357_ac6e9bde.jpg, 110413 bytes)
2026-08-24 14:42:41 | INFO     | ss_crawler | [andele_scraper] 📸 Downloaded 5 images for 15941357
2026-08-24 14:42:43 | WARNING  | ss_crawler | [andele_scraper] Matcher error for ssd: 'SSDMatcher' object has no attribute 'match'
2026-08-24 14:42:43 | INFO     | ss_crawler | [repository] ✨ 15928630: New
2026-08-24 14:42:43 | INFO     | ss_crawler | [andele_scraper] 🖼️  Found 4 images for 15928630: 870 EVO 500GB...
2026-08-24 14:42:43 | INFO     | ss_crawler | [andele_scraper]    Image 1: https://static6.andelemandele.lv/images/large/54e/4fc/1/9e7a4b04817b06cb3.webp...
2026-08-24 14:42:43 | INFO     | ss_crawler | [andele_scraper]    Image 2: https://static6.andelemandele.lv/images/large/1a5/833/1/91b21b3c8518fcb1a.webp...
2026-08-24 14:42:43 | INFO     | ss_crawler | [andele_scraper]    Image 3: https://static3.andelemandele.lv/images/large/b38/47c/1/72d218ba0ba293566.webp...
2026-08-24 14:42:44 | INFO     | ss_crawler | [image_downloader] Downloaded image for 15928630 (stored as 15928630_9cfbe838.jpg, 206060 bytes)
2026-08-24 14:42:44 | INFO     | ss_crawler | [image_downloader] Downloaded image for 15928630 (stored as 15928630_5ed53f71.jpg, 326399 bytes)
2026-08-24 14:42:44 | INFO     | ss_crawler | [image_downloader] Downloaded image for 15928630 (stored as 15928630_bc5bcae1.jpg, 265324 bytes)
2026-08-24 14:42:45 | INFO     | ss_crawler | [image_downloader] Downloaded image for 15928630 (stored as 15928630_5896a178.jpg, 234650 bytes)
2026-08-24 14:42:45 | INFO     | ss_crawler | [andele_scraper] 📸 Downloaded 4 images for 15928630
2026-08-24 14:42:47 | WARNING  | ss_crawler | [andele_scraper] Matcher error for ssd: 'SSDMatcher' object has no attribute 'match'
2026-08-24 14:42:47 | INFO     | ss_crawler | [repository] ✨ 15918287: New
2026-08-24 14:42:47 | INFO     | ss_crawler | [andele_scraper] 🖼️  Found 2 images for 15918287: SSD Samsung 2 TB...
2026-08-24 14:42:47 | INFO     | ss_crawler | [andele_scraper]    Image 1: https://static5.andelemandele.lv/images/large/fe3/762/1/4e27db3d137f408f3.webp...
2026-08-24 14:42:47 | INFO     | ss_crawler | [andele_scraper]    Image 2: https://static1.andelemandele.lv/images/large/659/ec4/1/a5cf4642d650a6838.webp...
2026-08-24 14:42:47 | INFO     | ss_crawler | [image_downloader] Downloaded image for 15918287 (stored as 15918287_5ab0c2fd.jpg, 603609 bytes)
2026-08-24 14:42:48 | INFO     | ss_crawler | [image_downloader] Downloaded image for 15918287 (stored as 15918287_f3ca1b12.jpg, 513846 bytes)
2026-08-24 14:42:48 | INFO     | ss_crawler | [andele_scraper] 📸 Downloaded 2 images for 15918287
2026-08-24 14:42:50 | WARNING  | ss_crawler | [andele_scraper] Matcher error for ssd: 'SSDMatcher' object has no attribute 'match'
2026-08-24 14:42:50 | INFO     | ss_crawler | [repository] ✨ 15912512: New
2026-08-24 14:42:50 | INFO     | ss_crawler | [andele_scraper] 🖼️  Found 2 images for 15912512: KIOXIA EXCERIA SSD 480GB disks...
2026-08-24 14:42:50 | INFO     | ss_crawler | [andele_scraper]    Image 1: https://static5.andelemandele.lv/images/large/801/b79/1/7bffe10efbde9ce9a.webp...
2026-08-24 14:42:50 | INFO     | ss_crawler | [andele_scraper]    Image 2: https://static4.andelemandele.lv/images/large/f2f/f1a/1/1464ed7bb5fc9ba79.webp...
2026-08-24 14:42:50 | INFO     | ss_crawler | [image_downloader] Downloaded image for 15912512 (stored as 15912512_3c20fdf9.jpg, 204091 bytes)
2026-08-24 14:42:50 | INFO     | ss_crawler | [image_downloader] Downloaded image for 15912512 (stored as 15912512_f582d269.jpg, 265677 bytes)
2026-08-24 14:42:50 | INFO     | ss_crawler | [andele_scraper] 📸 Downloaded 2 images for 15912512
2026-08-24 14:42:50 | INFO     | ss_crawler | [andele_scraper] Completed ssd: {'total': 25, 'new': 25, 'updated': 0, 'failed': 0, 'skipped': 0, 'errors': []}
2026-08-24 14:58:40 | INFO     | ss_crawler | [database] Database connected: localhost:5433/ss_market
2026-08-24 14:58:40 | INFO     | ss_crawler | [andele_scraper] Database initialized for matchers
2026-08-24 14:58:40 | INFO     | ss_crawler | [matcher] GPUMatcher initialized with 633 GPUs
2026-08-24 14:58:40 | INFO     | ss_crawler | [andele_scraper] Initialized GPU matcher with 633 GPUs
2026-08-24 14:58:40 | INFO     | ss_crawler | [cpu_matcher] CPUMatcher initialized with 5320 CPUs
2026-08-24 14:58:40 | INFO     | ss_crawler | [andele_scraper] Initialized CPU matcher with 5320 CPUs
2026-08-24 14:58:40 | INFO     | ss_crawler | [ssd_matcher] SSDMatcher initialized with 2453 SSDs
2026-08-24 14:58:40 | INFO     | ss_crawler | [andele_scraper] Initialized SSD matcher with 2453 SSDs
2026-08-24 14:58:40 | INFO     | ss_crawler | [ram_matcher] RAMMatcher initialized with 5281 RAM references
2026-08-24 14:58:40 | INFO     | ss_crawler | [andele_scraper] Initialized RAM matcher with 5281 RAMs
2026-08-24 14:58:41 | INFO     | ss_crawler | [psu_matcher] PSUMatcher initialized with 2895 PSU references
2026-08-24 14:58:41 | INFO     | ss_crawler | [andele_scraper] Initialized PSU matcher with 2895 PSUs
2026-08-24 14:58:41 | INFO     | ss_crawler | [monitor_scraper] MonitorMatcher initialized with 0 monitors
2026-08-24 14:58:41 | INFO     | ss_crawler | [andele_scraper] Initialized Monitor matcher
2026-08-24 14:58:43 | INFO     | ss_crawler | [motherboard_matcher] MotherboardMatcher initialized with 5732 motherboards
2026-08-24 14:58:43 | INFO     | ss_crawler | [andele_scraper] Initialized Motherboard matcher with 5732 boards
2026-08-24 14:58:44 | INFO     | ss_crawler | [cpu_matcher] CPUMatcher initialized with 5320 CPUs
2026-08-24 14:58:44 | INFO     | ss_crawler | [matcher] GPUMatcher initialized with 633 GPUs
2026-08-24 14:58:45 | INFO     | ss_crawler | [ram_matcher] RAMMatcher initialized with 5281 RAM references
2026-08-24 14:58:45 | INFO     | ss_crawler | [ssd_matcher] SSDMatcher initialized with 2453 SSDs
2026-08-24 14:58:45 | INFO     | ss_crawler | [psu_matcher] PSUMatcher initialized with 2895 PSU references
2026-08-24 14:58:45 | INFO     | ss_crawler | [case_matcher] CaseMatcher initialized with 5742 case references
2026-08-24 14:58:47 | INFO     | ss_crawler | [motherboard_matcher] MotherboardMatcher initialized with 5732 motherboards
2026-08-24 14:58:47 | INFO     | ss_crawler | [computer_matcher] ComputerMatcher initialized: 5320 CPUs, 633 GPUs, 5281 RAMs, 2453 SSDs, 2895 PSUs, 5742 Cases, 5732 Motherboards, 0 Monitors
2026-08-24 14:58:47 | INFO     | ss_crawler | [andele_scraper] Initialized Computer matcher
2026-08-24 14:58:47 | INFO     | ss_crawler | [andele_scraper] Starting scrape of ram from https://www.andelemandele.lv/perles/tehnika/datori/#order:actual/attributes:406
2026-08-24 14:58:47 | INFO     | ss_crawler | [andele_scraper] Calling product-data API for ram: https://www.andelemandele.lv/product-data/?filter=eyJjYXRlZ29yeSI6IHsiaWQiOiAzNjh9LCAib3JkZXIiOiAiYW…
2026-08-24 14:58:47 | INFO     | ss_crawler | [andele_scraper] product-data returned count=18, html_len=27825
2026-08-24 14:58:47 | INFO     | ss_crawler | [andele_scraper] Got 18 real filtered listings for ram (API reported 18 total)
2026-08-24 14:58:50 | WARNING  | ss_crawler | [andele_scraper] Matcher error for ram: 'RAMMatcher' object has no attribute 'match'
2026-08-24 14:58:50 | INFO     | ss_crawler | [repository] ✨ 16030625: New
2026-08-24 14:58:50 | INFO     | ss_crawler | [andele_scraper] 🖼️  Found 1 images for 16030625: SK Hynix 16Gb(8Gb x2) DDR4 RAM...
2026-08-24 14:58:50 | INFO     | ss_crawler | [andele_scraper]    Image 1: https://static6.andelemandele.lv/images/large/012/1be/1/5c044e9c89a8b4f42.webp...
2026-08-24 14:58:50 | INFO     | ss_crawler | [image_downloader] Downloaded image for 16030625 (stored as 16030625_7b099501.jpg, 337585 bytes)
2026-08-24 14:58:50 | INFO     | ss_crawler | [andele_scraper] 📸 Downloaded 1 images for 16030625
2026-08-24 14:58:52 | WARNING  | ss_crawler | [andele_scraper] Matcher error for ram: 'RAMMatcher' object has no attribute 'match'
2026-08-24 14:58:52 | INFO     | ss_crawler | [repository] ✨ 16011442: New
2026-08-24 14:58:52 | INFO     | ss_crawler | [andele_scraper] 🖼️  Found 3 images for 16011442: 8Gb Samsung DDR4 PC4-2400T RAM...
2026-08-24 14:58:52 | INFO     | ss_crawler | [andele_scraper]    Image 1: https://static2.andelemandele.lv/images/large/650/825/1/c166f28751614ab9f.webp...
2026-08-24 14:58:52 | INFO     | ss_crawler | [andele_scraper]    Image 2: https://static4.andelemandele.lv/images/large/8ea/470/1/17a364ac814bfcafc.webp...
2026-08-24 14:58:52 | INFO     | ss_crawler | [andele_scraper]    Image 3: https://static2.andelemandele.lv/images/large/025/0b1/1/14b1ce5db047c00db.webp...
2026-08-24 14:58:52 | INFO     | ss_crawler | [image_downloader] Downloaded image for 16011442 (stored as 16011442_58c287e5.jpg, 223851 bytes)
2026-08-24 14:58:53 | INFO     | ss_crawler | [image_downloader] Downloaded image for 16011442 (stored as 16011442_c459825c.jpg, 216810 bytes)
2026-08-24 14:58:53 | INFO     | ss_crawler | [image_downloader] Downloaded image for 16011442 (stored as 16011442_c223a865.jpg, 505034 bytes)
2026-08-24 14:58:53 | INFO     | ss_crawler | [andele_scraper] 📸 Downloaded 3 images for 16011442
2026-08-24 14:58:55 | WARNING  | ss_crawler | [andele_scraper] Matcher error for ram: 'RAMMatcher' object has no attribute 'match'
2026-08-24 14:58:55 | INFO     | ss_crawler | [repository] ✨ 16011435: New
2026-08-24 14:58:55 | INFO     | ss_crawler | [andele_scraper] 🖼️  Found 3 images for 16011435: 8Gb Samsung DDR4 PC4-3200 RAM...
2026-08-24 14:58:55 | INFO     | ss_crawler | [andele_scraper]    Image 1: https://static2.andelemandele.lv/images/large/996/c60/1/443938a9ca0f66dc4.webp...
2026-08-24 14:58:55 | INFO     | ss_crawler | [andele_scraper]    Image 2: https://static6.andelemandele.lv/images/large/23b/3c8/1/438f456cbd1ba0081.webp...
2026-08-24 14:58:55 | INFO     | ss_crawler | [andele_scraper]    Image 3: https://static1.andelemandele.lv/images/large/8cc/94a/1/852457fbf454235b6.webp...
2026-08-24 14:58:56 | INFO     | ss_crawler | [image_downloader] Downloaded image for 16011435 (stored as 16011435_9de9d5db.jpg, 227687 bytes)
2026-08-24 14:58:56 | INFO     | ss_crawler | [image_downloader] Downloaded image for 16011435 (stored as 16011435_afe90f94.jpg, 233845 bytes)
2026-08-24 14:58:56 | INFO     | ss_crawler | [image_downloader] Downloaded image for 16011435 (stored as 16011435_76b3df84.jpg, 513126 bytes)
2026-08-24 14:58:56 | INFO     | ss_crawler | [andele_scraper] 📸 Downloaded 3 images for 16011435
2026-08-24 14:58:58 | WARNING  | ss_crawler | [andele_scraper] Matcher error for ram: 'RAMMatcher' object has no attribute 'match'
2026-08-24 14:58:58 | INFO     | ss_crawler | [repository] ✨ 16009495: New
2026-08-24 14:58:58 | INFO     | ss_crawler | [andele_scraper] 🖼️  Found 3 images for 16009495: 8Gb SK Hynix DDR4 PC4-2400T-SA1-11 RAM...
2026-08-24 14:58:58 | INFO     | ss_crawler | [andele_scraper]    Image 1: https://static6.andelemandele.lv/images/large/1fb/d19/1/46765caf0285f07de.webp...
2026-08-24 14:58:58 | INFO     | ss_crawler | [andele_scraper]    Image 2: https://static6.andelemandele.lv/images/large/4fa/c08/1/9b4a1b831d367e8c6.webp...
2026-08-24 14:58:58 | INFO     | ss_crawler | [andele_scraper]    Image 3: https://static4.andelemandele.lv/images/large/fe7/6c2/1/9578fca6c3450bce6.webp...
2026-08-24 14:58:59 | INFO     | ss_crawler | [image_downloader] Downloaded image for 16009495 (stored as 16009495_49cb0b00.jpg, 264932 bytes)
2026-08-24 14:58:59 | INFO     | ss_crawler | [image_downloader] Downloaded image for 16009495 (stored as 16009495_8a7e4a19.jpg, 266753 bytes)
2026-08-24 14:59:00 | INFO     | ss_crawler | [image_downloader] Downloaded image for 16009495 (stored as 16009495_728e43f1.jpg, 549946 bytes)
2026-08-24 14:59:00 | INFO     | ss_crawler | [andele_scraper] 📸 Downloaded 3 images for 16009495
2026-08-24 14:59:02 | WARNING  | ss_crawler | [andele_scraper] Matcher error for ram: 'RAMMatcher' object has no attribute 'match'
2026-08-24 14:59:02 | INFO     | ss_crawler | [repository] ✨ 16009443: New
2026-08-24 14:59:02 | INFO     | ss_crawler | [andele_scraper] 🖼️  Found 3 images for 16009443: 8Gb Patriot DDR4 2133MHz CL15 RAM...
2026-08-24 14:59:02 | INFO     | ss_crawler | [andele_scraper]    Image 1: https://static6.andelemandele.lv/images/large/678/d37/1/129907ba10e820170.webp...
2026-08-24 14:59:02 | INFO     | ss_crawler | [andele_scraper]    Image 2: https://static6.andelemandele.lv/images/large/185/f21/1/4c414acd26e46e70b.webp...
2026-08-24 14:59:02 | INFO     | ss_crawler | [andele_scraper]    Image 3: https://static6.andelemandele.lv/images/large/b4b/c3d/1/d1cce2d64908f58b5.webp...
2026-08-24 14:59:02 | INFO     | ss_crawler | [image_downloader] Downloaded image for 16009443 (stored as 16009443_5628922d.jpg, 263891 bytes)
2026-08-24 14:59:03 | INFO     | ss_crawler | [image_downloader] Downloaded image for 16009443 (stored as 16009443_8547e620.jpg, 248872 bytes)
2026-08-24 14:59:03 | INFO     | ss_crawler | [image_downloader] Downloaded image for 16009443 (stored as 16009443_1089f0fa.jpg, 512354 bytes)
2026-08-24 14:59:03 | INFO     | ss_crawler | [andele_scraper] 📸 Downloaded 3 images for 16009443
2026-08-24 14:59:05 | WARNING  | ss_crawler | [andele_scraper] Matcher error for ram: 'RAMMatcher' object has no attribute 'match'
2026-08-24 14:59:05 | INFO     | ss_crawler | [listing_versioning] Legacy listing 15564439 v1 matches by computed fingerprint, updating
2026-08-24 14:59:05 | INFO     | ss_crawler | [repository] ⏸️ 15564439: Unchanged
2026-08-24 14:59:05 | INFO     | ss_crawler | [andele_scraper] 🖼️  Found 1 images for 15564439: Pardodu Samsung Ddr4 2400T 2x16gb. 32gb....
2026-08-24 14:59:05 | INFO     | ss_crawler | [andele_scraper]    Image 1: https://static3.andelemandele.lv/images/large/924/44d/1/02a7680528cce6af3.webp...
2026-08-24 14:59:05 | INFO     | ss_crawler | [image_downloader] Downloaded image for 15564439 (stored as 15564439_937a9b13.jpg, 435964 bytes)
2026-08-24 14:59:05 | INFO     | ss_crawler | [andele_scraper] 📸 Downloaded 1 images for 15564439
2026-08-24 14:59:08 | WARNING  | ss_crawler | [andele_scraper] Matcher error for ram: 'RAMMatcher' object has no attribute 'match'
2026-08-24 14:59:08 | INFO     | ss_crawler | [repository] ✨ 16080413: New
2026-08-24 14:59:08 | INFO     | ss_crawler | [andele_scraper] 🖼️  Found 1 images for 16080413: SK Hynix 16GB DDR4 2666MHz Laptop...
2026-08-24 14:59:08 | INFO     | ss_crawler | [andele_scraper]    Image 1: https://static5.andelemandele.lv/images/large/2e8/67e/1/45fd7f5645543b8c5.webp...
2026-08-24 14:59:08 | INFO     | ss_crawler | [image_downloader] Downloaded image for 16080413 (stored as 16080413_79b20bde.jpg, 215177 bytes)
2026-08-24 14:59:08 | INFO     | ss_crawler | [andele_scraper] 📸 Downloaded 1 images for 16080413
2026-08-24 14:59:10 | WARNING  | ss_crawler | [andele_scraper] Matcher error for ram: 'RAMMatcher' object has no attribute 'match'
2026-08-24 14:59:10 | INFO     | ss_crawler | [repository] ✨ 16062988: New
2026-08-24 14:59:10 | INFO     | ss_crawler | [andele_scraper] 🖼️  Found 1 images for 16062988: Operatīvā atmiņa stacionārajam datoram...
2026-08-24 14:59:10 | INFO     | ss_crawler | [andele_scraper]    Image 1: https://static2.andelemandele.lv/images/large/b97/829/1/6ae5264aecc8d0a3a.webp...
2026-08-24 14:59:11 | INFO     | ss_crawler | [image_downloader] Downloaded image for 16062988 (stored as 16062988_55ec6b8c.jpg, 437208 bytes)
2026-08-24 14:59:11 | INFO     | ss_crawler | [andele_scraper] 📸 Downloaded 1 images for 16062988
2026-08-24 14:59:13 | WARNING  | ss_crawler | [andele_scraper] Matcher error for ram: 'RAMMatcher' object has no attribute 'match'
2026-08-24 14:59:13 | INFO     | ss_crawler | [repository] ✨ 16055315: New
2026-08-24 14:59:13 | INFO     | ss_crawler | [andele_scraper] 🖼️  Found 2 images for 16055315: 2GB DDR3 RAM no portatīvā datora....
2026-08-24 14:59:13 | INFO     | ss_crawler | [andele_scraper]    Image 1: https://static1.andelemandele.lv/images/large/21e/134/1/69ce07bf2493ab2b2.webp...
2026-08-24 14:59:13 | INFO     | ss_crawler | [andele_scraper]    Image 2: https://static4.andelemandele.lv/images/large/d72/3bd/1/732a8d75314a54904.webp...
2026-08-24 14:59:13 | INFO     | ss_crawler | [image_downloader] Downloaded image for 16055315 (stored as 16055315_97263a75.jpg, 549791 bytes)
2026-08-24 14:59:14 | INFO     | ss_crawler | [image_downloader] Downloaded image for 16055315 (stored as 16055315_9affb7c5.jpg, 612722 bytes)
2026-08-24 14:59:14 | INFO     | ss_crawler | [andele_scraper] 📸 Downloaded 2 images for 16055315
2026-08-24 14:59:16 | WARNING  | ss_crawler | [andele_scraper] Matcher error for ram: 'RAMMatcher' object has no attribute 'match'
2026-08-24 14:59:16 | INFO     | ss_crawler | [repository] ✨ 16031789: New
2026-08-24 14:59:16 | INFO     | ss_crawler | [andele_scraper] 🖼️  Found 1 images for 16031789: Samsung SODIMM DDR5 - 16 GB (2x8GB) 5600MHz...
2026-08-24 14:59:16 | INFO     | ss_crawler | [andele_scraper]    Image 1: https://static1.andelemandele.lv/images/large/03a/a00/1/c0fcfd039450d9875.webp...
2026-08-24 14:59:16 | INFO     | ss_crawler | [image_downloader] Downloaded image for 16031789 (stored as 16031789_145f5b33.jpg, 224793 bytes)
2026-08-24 14:59:16 | INFO     | ss_crawler | [andele_scraper] 📸 Downloaded 1 images for 16031789
2026-08-24 14:59:18 | WARNING  | ss_crawler | [andele_scraper] Matcher error for ram: 'RAMMatcher' object has no attribute 'match'
2026-08-24 14:59:18 | INFO     | ss_crawler | [repository] ✨ 16009124: New
2026-08-24 14:59:18 | INFO     | ss_crawler | [andele_scraper] 🖼️  Found 2 images for 16009124: Patriot viper 4...
2026-08-24 14:59:18 | INFO     | ss_crawler | [andele_scraper]    Image 1: https://static3.andelemandele.lv/images/large/8cc/f53/1/4473cd02cb0d7c77b.webp...
2026-08-24 14:59:18 | INFO     | ss_crawler | [andele_scraper]    Image 2: https://static5.andelemandele.lv/images/large/068/f91/1/d894085d85bb506ee.webp...
2026-08-24 14:59:18 | INFO     | ss_crawler | [image_downloader] Downloaded image for 16009124 (stored as 16009124_b7b2d394.jpg, 227858 bytes)
2026-08-24 14:59:19 | INFO     | ss_crawler | [image_downloader] Downloaded image for 16009124 (stored as 16009124_b014912e.jpg, 289983 bytes)
2026-08-24 14:59:19 | INFO     | ss_crawler | [andele_scraper] 📸 Downloaded 2 images for 16009124
2026-08-24 14:59:21 | WARNING  | ss_crawler | [andele_scraper] Matcher error for ram: 'RAMMatcher' object has no attribute 'match'
2026-08-24 14:59:21 | INFO     | ss_crawler | [repository] ✨ 15795784: New
2026-08-24 14:59:21 | INFO     | ss_crawler | [andele_scraper] 🖼️  Found 1 images for 15795784: So-Dimm ddr5 ram...
2026-08-24 14:59:21 | INFO     | ss_crawler | [andele_scraper]    Image 1: https://static5.andelemandele.lv/images/large/1bb/f20/1/4b782b817402aaf3c.webp...
2026-08-24 14:59:21 | INFO     | ss_crawler | [image_downloader] Downloaded image for 15795784 (stored as 15795784_0b9d47b1.jpg, 297346 bytes)
2026-08-24 14:59:21 | INFO     | ss_crawler | [andele_scraper] 📸 Downloaded 1 images for 15795784
2026-08-24 14:59:24 | WARNING  | ss_crawler | [andele_scraper] Matcher error for ram: 'RAMMatcher' object has no attribute 'match'
2026-08-24 14:59:24 | INFO     | ss_crawler | [repository] ✨ 15423019: New
2026-08-24 14:59:24 | INFO     | ss_crawler | [andele_scraper] 🖼️  Found 2 images for 15423019: SO-DIMM DDR5 RAM...
2026-08-24 14:59:24 | INFO     | ss_crawler | [andele_scraper]    Image 1: https://static6.andelemandele.lv/images/large/3d8/b0f/1/c59bcb1d4e4796264.webp...
2026-08-24 14:59:24 | INFO     | ss_crawler | [andele_scraper]    Image 2: https://static5.andelemandele.lv/images/large/3a7/aed/1/5db6991b21e40619a.webp...
2026-08-24 14:59:24 | INFO     | ss_crawler | [image_downloader] Downloaded image for 15423019 (stored as 15423019_2a6c38c2.jpg, 210432 bytes)
2026-08-24 14:59:24 | INFO     | ss_crawler | [image_downloader] Downloaded image for 15423019 (stored as 15423019_559cb335.jpg, 279803 bytes)
2026-08-24 14:59:24 | INFO     | ss_crawler | [andele_scraper] 📸 Downloaded 2 images for 15423019
2026-08-24 14:59:26 | WARNING  | ss_crawler | [andele_scraper] Matcher error for ram: 'RAMMatcher' object has no attribute 'match'
2026-08-24 14:59:26 | INFO     | ss_crawler | [repository] ✨ 16023142: New
2026-08-24 14:59:26 | INFO     | ss_crawler | [andele_scraper] 🖼️  Found 1 images for 16023142: Crucial DDR3 8Gb...
2026-08-24 14:59:26 | INFO     | ss_crawler | [andele_scraper]    Image 1: https://static4.andelemandele.lv/images/large/85c/59f/1/bddaa7723a9366a4f.webp...
2026-08-24 14:59:27 | INFO     | ss_crawler | [image_downloader] Downloaded image for 16023142 (stored as 16023142_93cb4961.jpg, 354703 bytes)
2026-08-24 14:59:27 | INFO     | ss_crawler | [andele_scraper] 📸 Downloaded 1 images for 16023142
2026-08-24 14:59:29 | WARNING  | ss_crawler | [andele_scraper] Matcher error for ram: 'RAMMatcher' object has no attribute 'match'
2026-08-24 14:59:29 | INFO     | ss_crawler | [repository] ✨ 15950779: New
2026-08-24 14:59:29 | INFO     | ss_crawler | [andele_scraper] 🖼️  Found 2 images for 15950779: SK hynix 16 GB (2 x 8GB), DDR5 SODIMM 5600 MHz...
2026-08-24 14:59:29 | INFO     | ss_crawler | [andele_scraper]    Image 1: https://static5.andelemandele.lv/images/large/7b3/8da/1/84ceae5fb9b29f006.webp...
2026-08-24 14:59:29 | INFO     | ss_crawler | [andele_scraper]    Image 2: https://static2.andelemandele.lv/images/large/730/bf2/1/d9562266a56a08717.webp...
2026-08-24 14:59:29 | INFO     | ss_crawler | [image_downloader] Downloaded image for 15950779 (stored as 15950779_77d38131.jpg, 309823 bytes)
2026-08-24 14:59:29 | INFO     | ss_crawler | [image_downloader] Downloaded image for 15950779 (stored as 15950779_d6eadfdc.jpg, 301804 bytes)
2026-08-24 14:59:29 | INFO     | ss_crawler | [andele_scraper] 📸 Downloaded 2 images for 15950779
2026-08-24 14:59:32 | WARNING  | ss_crawler | [andele_scraper] Matcher error for ram: 'RAMMatcher' object has no attribute 'match'
2026-08-24 14:59:32 | INFO     | ss_crawler | [repository] ✨ 15960539: New
2026-08-24 14:59:32 | INFO     | ss_crawler | [andele_scraper] 🖼️  Found 4 images for 15960539: Corsair VENGEANCE DDR4 32GB (2×16GB)...
2026-08-24 14:59:32 | INFO     | ss_crawler | [andele_scraper]    Image 1: https://static6.andelemandele.lv/images/large/d59/83a/1/104de3fd60dedec30.webp...
2026-08-24 14:59:32 | INFO     | ss_crawler | [andele_scraper]    Image 2: https://static5.andelemandele.lv/images/large/f8c/fbe/2/a5977710e9d7274be.webp...
2026-08-24 14:59:32 | INFO     | ss_crawler | [andele_scraper]    Image 3: https://static1.andelemandele.lv/images/large/f41/0fe/1/0670b5af543c830b2.webp...
2026-08-24 14:59:32 | INFO     | ss_crawler | [image_downloader] Downloaded image for 15960539 (stored as 15960539_b3424c59.jpg, 375345 bytes)
2026-08-24 14:59:32 | INFO     | ss_crawler | [image_downloader] Downloaded image for 15960539 (stored as 15960539_e9f21644.jpg, 287534 bytes)
2026-08-24 14:59:33 | INFO     | ss_crawler | [image_downloader] Downloaded image for 15960539 (stored as 15960539_fe8d901e.jpg, 273385 bytes)
2026-08-24 14:59:33 | INFO     | ss_crawler | [image_downloader] Downloaded image for 15960539 (stored as 15960539_a0160093.jpg, 258928 bytes)
2026-08-24 14:59:33 | INFO     | ss_crawler | [andele_scraper] 📸 Downloaded 4 images for 15960539
2026-08-24 14:59:35 | WARNING  | ss_crawler | [andele_scraper] Matcher error for ram: 'RAMMatcher' object has no attribute 'match'
2026-08-24 14:59:35 | INFO     | ss_crawler | [repository] ✨ 15913298: New
2026-08-24 14:59:35 | INFO     | ss_crawler | [andele_scraper] 🖼️  Found 2 images for 15913298: Corsair VENGEANCE LPX...
2026-08-24 14:59:35 | INFO     | ss_crawler | [andele_scraper]    Image 1: https://static3.andelemandele.lv/images/large/b9f/1cb/1/b599815474aa709d5.webp...
2026-08-24 14:59:35 | INFO     | ss_crawler | [andele_scraper]    Image 2: https://static1.andelemandele.lv/images/large/8f1/47d/1/8a199b8cae0b64336.webp...
2026-08-24 14:59:36 | INFO     | ss_crawler | [image_downloader] Downloaded image for 15913298 (stored as 15913298_d9c413c4.jpg, 206483 bytes)
2026-08-24 14:59:36 | INFO     | ss_crawler | [image_downloader] Downloaded image for 15913298 (stored as 15913298_ed7c1499.jpg, 224802 bytes)
2026-08-24 14:59:36 | INFO     | ss_crawler | [andele_scraper] 📸 Downloaded 2 images for 15913298
2026-08-24 14:59:38 | WARNING  | ss_crawler | [andele_scraper] Matcher error for ram: 'RAMMatcher' object has no attribute 'match'
2026-08-24 14:59:38 | INFO     | ss_crawler | [repository] ✨ 14797871: New
2026-08-24 14:59:38 | INFO     | ss_crawler | [andele_scraper] 🖼️  Found 1 images for 14797871: DDR3 SODIMM 16GB...
2026-08-24 14:59:38 | INFO     | ss_crawler | [andele_scraper]    Image 1: https://static4.andelemandele.lv/images/large/706/3dd/1/5404369f93f89b534.webp...
2026-08-24 14:59:38 | INFO     | ss_crawler | [image_downloader] Downloaded image for 14797871 (stored as 14797871_905e3aea.jpg, 229579 bytes)
2026-08-24 14:59:38 | INFO     | ss_crawler | [andele_scraper] 📸 Downloaded 1 images for 14797871
2026-08-24 14:59:38 | INFO     | ss_crawler | [andele_scraper] Completed ram: {'total': 18, 'new': 17, 'updated': 0, 'failed': 0, 'skipped': 1, 'errors': []}
2026-08-24 15:06:22 | INFO     | ss_crawler | [database] Database connected: localhost:5433/ss_market
2026-08-24 15:06:22 | INFO     | ss_crawler | [andele_scraper] Database initialized for matchers
2026-08-24 15:06:22 | INFO     | ss_crawler | [matcher] GPUMatcher initialized with 633 GPUs
2026-08-24 15:06:22 | INFO     | ss_crawler | [andele_scraper] Initialized GPU matcher with 633 GPUs
2026-08-24 15:06:22 | INFO     | ss_crawler | [cpu_matcher] CPUMatcher initialized with 5320 CPUs
2026-08-24 15:06:22 | INFO     | ss_crawler | [andele_scraper] Initialized CPU matcher with 5320 CPUs
2026-08-24 15:06:23 | INFO     | ss_crawler | [ssd_matcher] SSDMatcher initialized with 2453 SSDs
2026-08-24 15:06:23 | INFO     | ss_crawler | [andele_scraper] Initialized SSD matcher with 2453 SSDs
2026-08-24 15:06:23 | INFO     | ss_crawler | [ram_matcher] RAMMatcher initialized with 5281 RAM references
2026-08-24 15:06:23 | INFO     | ss_crawler | [andele_scraper] Initialized RAM matcher with 5281 RAMs
2026-08-24 15:06:23 | INFO     | ss_crawler | [psu_matcher] PSUMatcher initialized with 2895 PSU references
2026-08-24 15:06:23 | INFO     | ss_crawler | [andele_scraper] Initialized PSU matcher with 2895 PSUs
2026-08-24 15:06:23 | INFO     | ss_crawler | [monitor_scraper] MonitorMatcher initialized with 0 monitors
2026-08-24 15:06:23 | INFO     | ss_crawler | [andele_scraper] Initialized Monitor matcher
2026-08-24 15:06:25 | INFO     | ss_crawler | [motherboard_matcher] MotherboardMatcher initialized with 5732 motherboards
2026-08-24 15:06:25 | INFO     | ss_crawler | [andele_scraper] Initialized Motherboard matcher with 5732 boards
2026-08-24 15:06:26 | INFO     | ss_crawler | [cpu_matcher] CPUMatcher initialized with 5320 CPUs
2026-08-24 15:06:26 | INFO     | ss_crawler | [matcher] GPUMatcher initialized with 633 GPUs
2026-08-24 15:06:26 | INFO     | ss_crawler | [ram_matcher] RAMMatcher initialized with 5281 RAM references
2026-08-24 15:06:26 | INFO     | ss_crawler | [ssd_matcher] SSDMatcher initialized with 2453 SSDs
2026-08-24 15:06:27 | INFO     | ss_crawler | [psu_matcher] PSUMatcher initialized with 2895 PSU references
2026-08-24 15:06:27 | INFO     | ss_crawler | [case_matcher] CaseMatcher initialized with 5742 case references
2026-08-24 15:06:28 | INFO     | ss_crawler | [motherboard_matcher] MotherboardMatcher initialized with 5732 motherboards
2026-08-24 15:06:28 | INFO     | ss_crawler | [computer_matcher] ComputerMatcher initialized: 5320 CPUs, 633 GPUs, 5281 RAMs, 2453 SSDs, 2895 PSUs, 5742 Cases, 5732 Motherboards, 0 Monitors
2026-08-24 15:06:28 | INFO     | ss_crawler | [andele_scraper] Initialized Computer matcher
2026-08-24 15:06:28 | INFO     | ss_crawler | [andele_scraper] Starting scrape of ssd from https://www.andelemandele.lv/perles/tehnika/datori/#order:actual/attributes:404
2026-08-24 15:06:28 | INFO     | ss_crawler | [andele_scraper] Calling product-data API for ssd: https://www.andelemandele.lv/product-data/?filter=eyJjYXRlZ29yeSI6IHsiaWQiOiAzNjh9LCAib3JkZXIiOiAiYW…
2026-08-24 15:06:29 | INFO     | ss_crawler | [andele_scraper] product-data returned count=25, html_len=41329
2026-08-24 15:06:29 | INFO     | ss_crawler | [andele_scraper] Got 25 real filtered listings for ssd (API reported 25 total)
2026-08-24 15:06:32 | INFO     | ss_crawler | [listing_versioning] Legacy listing 16084335 v1 matches by computed fingerprint, updating
2026-08-24 15:06:32 | INFO     | ss_crawler | [repository] ⏸️ 16084335: Unchanged
2026-08-24 15:06:32 | INFO     | ss_crawler | [andele_scraper] 🖼️  Found 2 images for 16084335: Intel S3610 800Gb SSD disks...
2026-08-24 15:06:32 | INFO     | ss_crawler | [andele_scraper]    Image 1: https://static4.andelemandele.lv/images/large/24d/816/1/c7e95ac227547fad5.webp...
2026-08-24 15:06:32 | INFO     | ss_crawler | [andele_scraper]    Image 2: https://static1.andelemandele.lv/images/large/2bb/082/1/fe8f14663340f4c56.webp...
2026-08-24 15:06:32 | INFO     | ss_crawler | [andele_scraper] 📸 Downloaded 2 images for 16084335
2026-08-24 15:06:38 | INFO     | ss_crawler | [listing_versioning] Legacy listing 16069539 v1 matches by computed fingerprint, updating
2026-08-24 15:06:38 | INFO     | ss_crawler | [repository] ⏸️ 16069539: Unchanged
2026-08-24 15:06:38 | INFO     | ss_crawler | [andele_scraper] 🖼️  Found 2 images for 16069539: Samsung PM883 1,92TB serveru SSD...
2026-08-24 15:06:38 | INFO     | ss_crawler | [andele_scraper]    Image 1: https://static1.andelemandele.lv/images/large/65b/49c/1/00aa2df6254a3a5ff.webp...
2026-08-24 15:06:38 | INFO     | ss_crawler | [andele_scraper]    Image 2: https://static1.andelemandele.lv/images/large/834/581/1/303d8ee587bc4a9c3.webp...
2026-08-24 15:06:38 | INFO     | ss_crawler | [andele_scraper] 📸 Downloaded 2 images for 16069539
2026-08-24 15:06:45 | INFO     | ss_crawler | [listing_versioning] Legacy listing 16068070 v1 matches by computed fingerprint, updating
2026-08-24 15:06:45 | INFO     | ss_crawler | [repository] ⏸️ 16068070: Unchanged
2026-08-24 15:06:45 | INFO     | ss_crawler | [andele_scraper] 🖼️  Found 4 images for 16068070: WD Blue WD10JPVX 1Tb cietais disks...
2026-08-24 15:06:45 | INFO     | ss_crawler | [andele_scraper]    Image 1: https://static2.andelemandele.lv/images/large/79c/9be/1/15112be95e66c8d02.webp...
2026-08-24 15:06:45 | INFO     | ss_crawler | [andele_scraper]    Image 2: https://static1.andelemandele.lv/images/large/086/708/1/e6182c025591e91cd.webp...
2026-08-24 15:06:45 | INFO     | ss_crawler | [andele_scraper]    Image 3: https://static4.andelemandele.lv/images/large/b00/0fa/1/16e460b8afcd75437.webp...
2026-08-24 15:06:45 | INFO     | ss_crawler | [andele_scraper] 📸 Downloaded 4 images for 16068070
2026-08-24 15:06:50 | INFO     | ss_crawler | [listing_versioning] Legacy listing 16030706 v1 matches by computed fingerprint, updating
2026-08-24 15:06:50 | INFO     | ss_crawler | [repository] ⏸️ 16030706: Unchanged
2026-08-24 15:06:50 | INFO     | ss_crawler | [andele_scraper] 🖼️  Found 4 images for 16030706: Seagate ST1000LM035 1Tb cietais disks...
2026-08-24 15:06:50 | INFO     | ss_crawler | [andele_scraper]    Image 1: https://static4.andelemandele.lv/images/large/fc3/3d8/1/52f0c5b6eb4d1ffb5.webp...
2026-08-24 15:06:50 | INFO     | ss_crawler | [andele_scraper]    Image 2: https://static3.andelemandele.lv/images/large/013/548/1/2e0e5c37da0e74ab1.webp...
2026-08-24 15:06:50 | INFO     | ss_crawler | [andele_scraper]    Image 3: https://static5.andelemandele.lv/images/large/bf1/25b/1/ff6b6a2431b66e544.webp...
2026-08-24 15:06:50 | INFO     | ss_crawler | [andele_scraper] 📸 Downloaded 4 images for 16030706
2026-08-24 15:06:56 | INFO     | ss_crawler | [listing_versioning] Legacy listing 16002481 v1 matches by computed fingerprint, updating
2026-08-24 15:06:56 | INFO     | ss_crawler | [repository] ⏸️ 16002481: Unchanged
2026-08-24 15:06:56 | INFO     | ss_crawler | [andele_scraper] 🖼️  Found 5 images for 16002481: 4x Micron 256Gb SSD diski...
2026-08-24 15:06:56 | INFO     | ss_crawler | [andele_scraper]    Image 1: https://static4.andelemandele.lv/images/large/c74/86d/1/b9c7be65e755a2774.webp...
2026-08-24 15:06:56 | INFO     | ss_crawler | [andele_scraper]    Image 2: https://static2.andelemandele.lv/images/large/914/be6/1/7732a68ccd777f498.webp...
2026-08-24 15:06:56 | INFO     | ss_crawler | [andele_scraper]    Image 3: https://static6.andelemandele.lv/images/large/f44/26e/1/ea2f4f24cb99e3e35.webp...
2026-08-24 15:06:56 | INFO     | ss_crawler | [andele_scraper] 📸 Downloaded 5 images for 16002481
2026-08-24 15:06:58 | INFO     | ss_crawler | [listing_versioning] Legacy listing 15987928 v1 matches by computed fingerprint, updating
2026-08-24 15:06:58 | INFO     | ss_crawler | [repository] ⏸️ 15987928: Unchanged
2026-08-24 15:06:58 | INFO     | ss_crawler | [andele_scraper] 🖼️  Found 3 images for 15987928: Orico M.2 NVMe SSD disku ietvars 4Tb...
2026-08-24 15:06:58 | INFO     | ss_crawler | [andele_scraper]    Image 1: https://static6.andelemandele.lv/images/large/d67/d86/1/cb466d153e097a561.webp...
2026-08-24 15:06:58 | INFO     | ss_crawler | [andele_scraper]    Image 2: https://static3.andelemandele.lv/images/large/40f/b79/1/5f5b76391d36aa2c9.webp...
2026-08-24 15:06:58 | INFO     | ss_crawler | [andele_scraper]    Image 3: https://static6.andelemandele.lv/images/large/851/2e9/1/064d6766f8c9a65c0.webp...
2026-08-24 15:06:58 | INFO     | ss_crawler | [andele_scraper] 📸 Downloaded 3 images for 15987928
2026-08-24 15:07:04 | INFO     | ss_crawler | [listing_versioning] Legacy listing 15982837 v1 matches by computed fingerprint, updating
2026-08-24 15:07:04 | INFO     | ss_crawler | [repository] ⏸️ 15982837: Unchanged
2026-08-24 15:07:04 | INFO     | ss_crawler | [andele_scraper] 🖼️  Found 4 images for 15982837: Samsung 850 EVO 1Tb SSD 96%...
2026-08-24 15:07:04 | INFO     | ss_crawler | [andele_scraper]    Image 1: https://static4.andelemandele.lv/images/large/ca3/98f/1/2374ec84220b4ff25.webp...
2026-08-24 15:07:04 | INFO     | ss_crawler | [andele_scraper]    Image 2: https://static3.andelemandele.lv/images/large/761/d9f/1/9a56b3f7c22ebcb9b.webp...
2026-08-24 15:07:04 | INFO     | ss_crawler | [andele_scraper]    Image 3: https://static5.andelemandele.lv/images/large/797/fec/1/58c6836669659a887.webp...
2026-08-24 15:07:04 | INFO     | ss_crawler | [andele_scraper] 📸 Downloaded 4 images for 15982837
2026-08-24 15:07:07 | INFO     | ss_crawler | [listing_versioning] Legacy listing 15909720 v1 matches by computed fingerprint, updating
2026-08-24 15:07:07 | INFO     | ss_crawler | [repository] ⏸️ 15909720: Unchanged
2026-08-24 15:07:07 | INFO     | ss_crawler | [andele_scraper] 🖼️  Found 3 images for 15909720: KingDian 120Gb Sata m.2 2242 SSD disks...
2026-08-24 15:07:07 | INFO     | ss_crawler | [andele_scraper]    Image 1: https://static1.andelemandele.lv/images/large/fb2/9fb/1/c032f7dfa9462d07e.webp...
2026-08-24 15:07:07 | INFO     | ss_crawler | [andele_scraper]    Image 2: https://static6.andelemandele.lv/images/large/d5d/003/1/5068b1d7a63c26968.webp...
2026-08-24 15:07:07 | INFO     | ss_crawler | [andele_scraper]    Image 3: https://static4.andelemandele.lv/images/large/3ec/692/1/2bfdb553f9281f98d.webp...
2026-08-24 15:07:07 | INFO     | ss_crawler | [andele_scraper] 📸 Downloaded 3 images for 15909720
2026-08-24 15:07:17 | INFO     | ss_crawler | [listing_versioning] Legacy listing 15907611 v1 matches by computed fingerprint, updating
2026-08-24 15:07:17 | INFO     | ss_crawler | [repository] ⏸️ 15907611: Unchanged
2026-08-24 15:07:17 | INFO     | ss_crawler | [andele_scraper] 🖼️  Found 3 images for 15907611: Adata SU720 1Tb SSD...
2026-08-24 15:07:17 | INFO     | ss_crawler | [andele_scraper]    Image 1: https://static3.andelemandele.lv/images/large/587/397/1/d927e27300bdeac67.webp...
2026-08-24 15:07:17 | INFO     | ss_crawler | [andele_scraper]    Image 2: https://static5.andelemandele.lv/images/large/a31/a7c/1/ff197b897d8bf9b23.webp...
2026-08-24 15:07:17 | INFO     | ss_crawler | [andele_scraper]    Image 3: https://static4.andelemandele.lv/images/large/02b/55f/1/8d619e2c8cd53466d.webp...
2026-08-24 15:07:17 | INFO     | ss_crawler | [andele_scraper] 📸 Downloaded 3 images for 15907611
2026-08-24 15:07:24 | INFO     | ss_crawler | [listing_versioning] Legacy listing 15972904 v1 matches by computed fingerprint, updating
2026-08-24 15:07:24 | INFO     | ss_crawler | [repository] ⏸️ 15972904: Unchanged
2026-08-24 15:07:24 | INFO     | ss_crawler | [andele_scraper] 🖼️  Found 3 images for 15972904: Jaunu. (1Tb. ) 1000gb. Ssd Crucial Bx500...
2026-08-24 15:07:24 | INFO     | ss_crawler | [andele_scraper]    Image 1: https://static5.andelemandele.lv/images/large/93c/91c/1/00f6475dd3d95d749.webp...
2026-08-24 15:07:24 | INFO     | ss_crawler | [andele_scraper]    Image 2: https://static6.andelemandele.lv/images/large/ac4/9d4/1/d18239434b4eb46e2.webp...
2026-08-24 15:07:24 | INFO     | ss_crawler | [andele_scraper]    Image 3: https://static2.andelemandele.lv/images/large/4e1/828/1/e2cea57548e3fe078.webp...
2026-08-24 15:07:24 | INFO     | ss_crawler | [andele_scraper] 📸 Downloaded 3 images for 15972904
2026-08-24 15:07:30 | INFO     | ss_crawler | [listing_versioning] Legacy listing 15564444 v2 matches by computed fingerprint, updating
2026-08-24 15:07:30 | INFO     | ss_crawler | [repository] ⏸️ 15564444: Unchanged
2026-08-24 15:07:30 | INFO     | ss_crawler | [andele_scraper] 🖼️  Found 3 images for 15564444: Samsung 870 Qvo uz 2T. (2000 gb.) JAUNS...
2026-08-24 15:07:30 | INFO     | ss_crawler | [andele_scraper]    Image 1: https://static6.andelemandele.lv/images/large/99f/a6d/1/2a9cffa56fd65b30e.webp...
2026-08-24 15:07:30 | INFO     | ss_crawler | [andele_scraper]    Image 2: https://static6.andelemandele.lv/images/large/4eb/b13/1/938562b599470eb2f.webp...
2026-08-24 15:07:30 | INFO     | ss_crawler | [andele_scraper]    Image 3: https://static1.andelemandele.lv/images/large/0c1/779/1/e16a5295f3ab0c438.webp...
2026-08-24 15:07:30 | INFO     | ss_crawler | [andele_scraper] 📸 Downloaded 3 images for 15564444
2026-08-24 15:07:37 | INFO     | ss_crawler | [listing_versioning] Legacy listing 15831523 v1 matches by computed fingerprint, updating
2026-08-24 15:07:37 | INFO     | ss_crawler | [repository] ⏸️ 15831523: Unchanged
2026-08-24 15:07:37 | INFO     | ss_crawler | [andele_scraper] 🖼️  Found 2 images for 15831523: 4TB 990 PRO PCIe 4.0 NVMe M.2 SSD...
2026-08-24 15:07:37 | INFO     | ss_crawler | [andele_scraper]    Image 1: https://static6.andelemandele.lv/images/large/f86/ec4/1/3383d19b733887232.webp...
2026-08-24 15:07:37 | INFO     | ss_crawler | [andele_scraper]    Image 2: https://static6.andelemandele.lv/images/large/4b7/5df/1/f0a2581af240d56a9.webp...
2026-08-24 15:07:37 | INFO     | ss_crawler | [andele_scraper] 📸 Downloaded 2 images for 15831523
2026-08-24 15:07:39 | INFO     | ss_crawler | [listing_versioning] Legacy listing 15827861 v1 matches by computed fingerprint, updating
2026-08-24 15:07:39 | INFO     | ss_crawler | [repository] ⏸️ 15827861: Unchanged
2026-08-24 15:07:39 | INFO     | ss_crawler | [andele_scraper] 🖼️  Found 3 images for 15827861: Jauns Intenso SSD SATA 2.5" 256GB cietais disks - ...
2026-08-24 15:07:39 | INFO     | ss_crawler | [andele_scraper]    Image 1: https://static3.andelemandele.lv/images/large/ad1/8f2/1/78f1321749704883b.webp...
2026-08-24 15:07:39 | INFO     | ss_crawler | [andele_scraper]    Image 2: https://static5.andelemandele.lv/images/large/393/a86/1/816b3c193e6ce0182.webp...
2026-08-24 15:07:39 | INFO     | ss_crawler | [andele_scraper]    Image 3: https://static6.andelemandele.lv/images/large/3fd/aac/1/00ef56b95927f436b.webp...
2026-08-24 15:07:39 | INFO     | ss_crawler | [andele_scraper] 📸 Downloaded 3 images for 15827861
2026-08-24 15:07:41 | INFO     | ss_crawler | [listing_versioning] Legacy listing 16035869 v1 matches by computed fingerprint, updating
2026-08-24 15:07:41 | INFO     | ss_crawler | [repository] ⏸️ 16035869: Unchanged
2026-08-24 15:07:41 | INFO     | ss_crawler | [andele_scraper] 🖼️  Found 1 images for 16035869: Jauns 256 nvme SSD disks...
2026-08-24 15:07:41 | INFO     | ss_crawler | [andele_scraper]    Image 1: https://static5.andelemandele.lv/images/large/b96/591/1/0bbf34e1d8d35e3ba.webp...
2026-08-24 15:07:41 | INFO     | ss_crawler | [andele_scraper] 📸 Downloaded 1 images for 16035869
2026-08-24 15:07:47 | INFO     | ss_crawler | [listing_versioning] Legacy listing 15826577 v1 matches by computed fingerprint, updating
2026-08-24 15:07:47 | INFO     | ss_crawler | [repository] ⏸️ 15826577: Unchanged
2026-08-24 15:07:47 | INFO     | ss_crawler | [andele_scraper] 🖼️  Found 2 images for 15826577: Lexar NM620 M.2 512GB...
2026-08-24 15:07:47 | INFO     | ss_crawler | [andele_scraper]    Image 1: https://static4.andelemandele.lv/images/large/ec5/115/1/7d6c1ddde48fe42fb.webp...
2026-08-24 15:07:47 | INFO     | ss_crawler | [andele_scraper]    Image 2: https://static3.andelemandele.lv/images/large/f12/9b8/1/881746961172ebcee.webp...
2026-08-24 15:07:47 | INFO     | ss_crawler | [andele_scraper] 📸 Downloaded 2 images for 15826577
2026-08-24 15:07:54 | INFO     | ss_crawler | [listing_versioning] Legacy listing 15489073 v1 matches by computed fingerprint, updating
2026-08-24 15:07:54 | INFO     | ss_crawler | [repository] ⏸️ 15489073: Unchanged
2026-08-24 15:07:54 | INFO     | ss_crawler | [andele_scraper] 🖼️  Found 1 images for 15489073: Kingston SSD 240gb...
2026-08-24 15:07:54 | INFO     | ss_crawler | [andele_scraper]    Image 1: https://static4.andelemandele.lv/images/large/41d/759/1/54796814aef8643bf.webp...
2026-08-24 15:07:54 | INFO     | ss_crawler | [andele_scraper] 📸 Downloaded 1 images for 15489073
2026-08-24 15:07:56 | INFO     | ss_crawler | [listing_versioning] Legacy listing 15908769 v1 matches by computed fingerprint, updating
2026-08-24 15:07:56 | INFO     | ss_crawler | [repository] ⏸️ 15908769: Unchanged
2026-08-24 15:07:56 | INFO     | ss_crawler | [andele_scraper] 🖼️  Found 2 images for 15908769: Six(Xiaomi) x1500 Pro pcie nvme gen 5 ssd,1Tb...
2026-08-24 15:07:56 | INFO     | ss_crawler | [andele_scraper]    Image 1: https://static6.andelemandele.lv/images/large/9be/857/1/a1d40ef299f0e9337.webp...
2026-08-24 15:07:56 | INFO     | ss_crawler | [andele_scraper]    Image 2: https://static3.andelemandele.lv/images/large/f51/2af/1/d99824a5175158101.webp...
2026-08-24 15:07:56 | INFO     | ss_crawler | [andele_scraper] 📸 Downloaded 2 images for 15908769
2026-08-24 15:08:02 | INFO     | ss_crawler | [listing_versioning] Legacy listing 16004378 v1 matches by computed fingerprint, updating
2026-08-24 15:08:02 | INFO     | ss_crawler | [repository] ⏸️ 16004378: Unchanged
2026-08-24 15:08:02 | INFO     | ss_crawler | [andele_scraper] 🖼️  Found 2 images for 16004378: Kingston SSD SATA 480GB TLC...
2026-08-24 15:08:02 | INFO     | ss_crawler | [andele_scraper]    Image 1: https://static5.andelemandele.lv/images/large/b5f/752/1/9a511cf89e305da1c.webp...
2026-08-24 15:08:02 | INFO     | ss_crawler | [andele_scraper]    Image 2: https://static4.andelemandele.lv/images/large/1c1/f94/1/55d3da1f9fc1461cb.webp...
2026-08-24 15:08:02 | INFO     | ss_crawler | [andele_scraper] 📸 Downloaded 2 images for 16004378
2026-08-24 15:08:09 | INFO     | ss_crawler | [listing_versioning] Legacy listing 15983357 v1 matches by computed fingerprint, updating
2026-08-24 15:08:09 | INFO     | ss_crawler | [repository] ⏸️ 15983357: Unchanged
2026-08-24 15:08:09 | INFO     | ss_crawler | [andele_scraper] 🖼️  Found 1 images for 15983357: Samsung SSD 1TB T7...
2026-08-24 15:08:09 | INFO     | ss_crawler | [andele_scraper]    Image 1: https://static1.andelemandele.lv/images/large/e9f/8b8/1/4a7afb423b96c9c28.webp...
2026-08-24 15:08:09 | INFO     | ss_crawler | [andele_scraper] 📸 Downloaded 1 images for 15983357
2026-08-24 15:08:16 | INFO     | ss_crawler | [listing_versioning] Legacy listing 15981722 v1 matches by computed fingerprint, updating
2026-08-24 15:08:16 | INFO     | ss_crawler | [repository] ⏸️ 15981722: Unchanged
2026-08-24 15:08:16 | INFO     | ss_crawler | [andele_scraper] 🖼️  Found 1 images for 15981722: Jauns SSD Kingston XS1000 1TB...
2026-08-24 15:08:16 | INFO     | ss_crawler | [andele_scraper]    Image 1: https://static1.andelemandele.lv/images/large/5dd/c1a/1/df7252db5ac94e58e.webp...
2026-08-24 15:08:16 | INFO     | ss_crawler | [andele_scraper] 📸 Downloaded 1 images for 15981722
2026-08-24 15:08:18 | INFO     | ss_crawler | [listing_versioning] Legacy listing 15771308 v1 matches by computed fingerprint, updating
2026-08-24 15:08:18 | INFO     | ss_crawler | [repository] ⏸️ 15771308: Unchanged
2026-08-24 15:08:18 | INFO     | ss_crawler | [andele_scraper] 🖼️  Found 4 images for 15771308: Komplekts: 3 x 500 GB USB cietie diski - rezerves ...
2026-08-24 15:08:18 | INFO     | ss_crawler | [andele_scraper]    Image 1: https://static4.andelemandele.lv/images/large/069/a9b/1/80513e542c8682b36.webp...
2026-08-24 15:08:18 | INFO     | ss_crawler | [andele_scraper]    Image 2: https://static3.andelemandele.lv/images/large/b6d/5eb/1/6ac328d6553d62739.webp...
2026-08-24 15:08:18 | INFO     | ss_crawler | [andele_scraper]    Image 3: https://static3.andelemandele.lv/images/large/f67/b11/1/1b60758c42e09cb42.webp...
2026-08-24 15:08:18 | INFO     | ss_crawler | [andele_scraper] 📸 Downloaded 4 images for 15771308
2026-08-24 15:08:24 | INFO     | ss_crawler | [listing_versioning] Legacy listing 15941357 v1 matches by computed fingerprint, updating
2026-08-24 15:08:24 | INFO     | ss_crawler | [repository] ⏸️ 15941357: Unchanged
2026-08-24 15:08:24 | INFO     | ss_crawler | [andele_scraper] 🖼️  Found 5 images for 15941357: Crucial T500 2TB...
2026-08-24 15:08:24 | INFO     | ss_crawler | [andele_scraper]    Image 1: https://static6.andelemandele.lv/images/large/738/a5d/1/3a407ecaba6cf384e.webp...
2026-08-24 15:08:24 | INFO     | ss_crawler | [andele_scraper]    Image 2: https://static5.andelemandele.lv/images/large/4e9/05b/1/1b77986a6ca164d75.webp...
2026-08-24 15:08:24 | INFO     | ss_crawler | [andele_scraper]    Image 3: https://static2.andelemandele.lv/images/large/3fd/469/1/fb0a801b6a0d155c4.webp...
2026-08-24 15:08:24 | INFO     | ss_crawler | [andele_scraper] 📸 Downloaded 5 images for 15941357
2026-08-24 15:08:26 | INFO     | ss_crawler | [listing_versioning] Legacy listing 15928630 v1 matches by computed fingerprint, updating
2026-08-24 15:08:26 | INFO     | ss_crawler | [repository] ⏸️ 15928630: Unchanged
2026-08-24 15:08:26 | INFO     | ss_crawler | [andele_scraper] 🖼️  Found 4 images for 15928630: 870 EVO 500GB...
2026-08-24 15:08:26 | INFO     | ss_crawler | [andele_scraper]    Image 1: https://static6.andelemandele.lv/images/large/54e/4fc/1/9e7a4b04817b06cb3.webp...
2026-08-24 15:08:26 | INFO     | ss_crawler | [andele_scraper]    Image 2: https://static6.andelemandele.lv/images/large/1a5/833/1/91b21b3c8518fcb1a.webp...
2026-08-24 15:08:26 | INFO     | ss_crawler | [andele_scraper]    Image 3: https://static3.andelemandele.lv/images/large/b38/47c/1/72d218ba0ba293566.webp...
2026-08-24 15:08:26 | INFO     | ss_crawler | [andele_scraper] 📸 Downloaded 4 images for 15928630
2026-08-24 15:08:33 | INFO     | ss_crawler | [listing_versioning] Legacy listing 15918287 v1 matches by computed fingerprint, updating
2026-08-24 15:08:33 | INFO     | ss_crawler | [repository] ⏸️ 15918287: Unchanged
2026-08-24 15:08:33 | INFO     | ss_crawler | [andele_scraper] 🖼️  Found 2 images for 15918287: SSD Samsung 2 TB...
2026-08-24 15:08:33 | INFO     | ss_crawler | [andele_scraper]    Image 1: https://static5.andelemandele.lv/images/large/fe3/762/1/4e27db3d137f408f3.webp...
2026-08-24 15:08:33 | INFO     | ss_crawler | [andele_scraper]    Image 2: https://static1.andelemandele.lv/images/large/659/ec4/1/a5cf4642d650a6838.webp...
2026-08-24 15:08:33 | INFO     | ss_crawler | [andele_scraper] 📸 Downloaded 2 images for 15918287
2026-08-24 15:08:35 | INFO     | ss_crawler | [listing_versioning] Legacy listing 15912512 v1 matches by computed fingerprint, updating
2026-08-24 15:08:35 | INFO     | ss_crawler | [repository] ⏸️ 15912512: Unchanged
2026-08-24 15:08:35 | INFO     | ss_crawler | [andele_scraper] 🖼️  Found 2 images for 15912512: KIOXIA EXCERIA SSD 480GB disks...
2026-08-24 15:08:35 | INFO     | ss_crawler | [andele_scraper]    Image 1: https://static5.andelemandele.lv/images/large/801/b79/1/7bffe10efbde9ce9a.webp...
2026-08-24 15:08:35 | INFO     | ss_crawler | [andele_scraper]    Image 2: https://static4.andelemandele.lv/images/large/f2f/f1a/1/1464ed7bb5fc9ba79.webp...
2026-08-24 15:08:35 | INFO     | ss_crawler | [andele_scraper] 📸 Downloaded 2 images for 15912512
2026-08-24 15:08:35 | INFO     | ss_crawler | [andele_scraper] Completed ssd: {'total': 25, 'new': 0, 'updated': 0, 'failed': 0, 'skipped': 25, 'errors': []}
2026-08-24 15:10:04 | INFO     | ss_crawler | [ssd_matcher] SSDMatcher initialized with 2453 SSDs
2026-08-24 15:11:19 | INFO     | ss_crawler | [ssd_matcher] SSDMatcher initialized with 2453 SSDs
2026-08-24 15:19:09 | INFO     | ss_crawler | [ssd_matcher] SSDMatcher initialized with 2453 SSDs
2026-08-24 15:26:34 | INFO     | ss_crawler | [ssd_matcher] SSDMatcher initialized with 2453 SSDs
2026-08-24 15:36:09 | INFO     | ss_crawler | [ssd_matcher] SSDMatcher initialized with 2453 SSDs
2026-08-24 15:43:56 | INFO     | ss_crawler | [ssd_matcher] SSDMatcher initialized with 2453 SSDs
2026-08-24 15:43:56 | INFO     | ss_crawler | [ssd_matcher] SSDMatcher initialized with 2453 SSDs
