2026-07-06 13:56:24 | INFO     | ss_crawler | [ssd_scraper] Initializing SSD scraper...
2026-07-06 13:56:25 | INFO     | ss_crawler | [database] Database connected: localhost:5433/ss_market
2026-07-06 13:56:25 | INFO     | ss_crawler | [ssd_scraper] Database: postgresql+psycopg2://crawler:crawler_pass@localhost:5433/ss_market
2026-07-06 13:56:25 | INFO     | ss_crawler | [ssd_matcher] SSDMatcher initialized with 2453 SSDs
2026-07-06 13:56:25 | INFO     | ss_crawler | [ssd_scraper] Loaded 2453 SSD references
2026-07-06 13:56:25 | INFO     | ss_crawler | [ssd_scraper] Starting SSD scraper from https://www.ss.com/lv/electronics/computers/completing-pc/ssd/
2026-07-06 13:56:25 | INFO     | ss_crawler | [ssd_scraper] Fetching page 1: https://www.ss.com/lv/electronics/computers/completing-pc/ssd/
2026-07-06 13:56:25 | INFO     | ss_crawler | [crawler] Fetching : https://www.ss.com/lv/electronics/computers/completing-pc/ssd/
2026-07-06 13:56:27 | INFO     | ss_crawler | [ssd_scraper] Found 32 listings on page 1, 32 new
2026-07-06 13:56:27 | INFO     | ss_crawler | [crawler] Fetching : https://www.ss.com/msg/lv/electronics/computers/completing-pc/ssd/bdniph.html
2026-07-06 13:56:30 | INFO     | ss_crawler | [ssd_scraper] Matched bdniph: Samsung 870 QVO (100% confidence)
2026-07-06 13:56:30 | INFO     | ss_crawler | [ssd_scraper] 🔄 bdniph: Updated (title, description)
2026-07-06 13:56:30 | INFO     | ss_crawler | [crawler] Fetching : https://www.ss.com/msg/lv/electronics/computers/completing-pc/ssd/bdniph.html
2026-07-06 13:56:32 | INFO     | ss_crawler | [ssd_scraper] Matched bdniph: Samsung 870 QVO (100% confidence)
2026-07-06 13:56:32 | INFO     | ss_crawler | [ssd_scraper] 🔄 bdniph: Updated (content)
2026-07-06 13:56:32 | INFO     | ss_crawler | [crawler] Fetching : https://www.ss.com/msg/lv/electronics/computers/completing-pc/ssd/bdniph.html
2026-07-06 13:56:35 | INFO     | ss_crawler | [ssd_scraper] Matched bdniph: Samsung 870 QVO (100% confidence)
2026-07-06 13:56:35 | INFO     | ss_crawler | [ssd_scraper] 🔄 bdniph: Updated (content)
2026-07-06 13:56:35 | INFO     | ss_crawler | [crawler] Fetching : https://www.ss.com/msg/lv/electronics/computers/completing-pc/ssd/bbbffd.html
2026-07-06 13:56:38 | INFO     | ss_crawler | [ssd_scraper] Matched bbbffd: ADATA SX6000 (100% confidence)
2026-07-06 13:56:38 | INFO     | ss_crawler | [ssd_scraper] 🔄 bbbffd: Updated (content)
2026-07-06 13:56:38 | INFO     | ss_crawler | [crawler] Fetching : https://www.ss.com/msg/lv/electronics/computers/completing-pc/ssd/cgmdfx.html
2026-07-06 13:56:41 | INFO     | ss_crawler | [ssd_scraper] No match for cgmdfx: Intenso 512Gb Ssd disks piemērots klēpjdatoriem un
2026-07-06 13:56:41 | INFO     | ss_crawler | [ssd_scraper] ✅ cgmdfx: New
2026-07-06 13:56:41 | INFO     | ss_crawler | [ssd_scraper] Image saved locally: ssds\cgmdfx_8774ecf9.jpg
2026-07-06 13:56:41 | INFO     | ss_crawler | [ssd_scraper] Updated local_image_path in DB: True
2026-07-06 13:56:41 | INFO     | ss_crawler | [crawler] Fetching : https://www.ss.com/msg/lv/electronics/computers/completing-pc/ssd/cgmgjm.html
2026-07-06 13:58:00 | INFO     | ss_crawler | [ssd_scraper] Initializing SSD scraper...
2026-07-06 13:58:00 | INFO     | ss_crawler | [database] Database connected: localhost:5433/ss_market
2026-07-06 13:58:00 | INFO     | ss_crawler | [ssd_scraper] Database: postgresql+psycopg2://crawler:crawler_pass@localhost:5433/ss_market
2026-07-06 13:58:01 | INFO     | ss_crawler | [ssd_matcher] SSDMatcher initialized with 2453 SSDs
2026-07-06 13:58:01 | INFO     | ss_crawler | [ssd_scraper] Loaded 2453 SSD references
2026-07-06 13:58:01 | INFO     | ss_crawler | [ssd_scraper] Starting SSD scraper from https://www.ss.com/lv/electronics/computers/completing-pc/ssd/
2026-07-06 13:58:01 | INFO     | ss_crawler | [ssd_scraper] Fetching page 1: https://www.ss.com/lv/electronics/computers/completing-pc/ssd/
2026-07-06 13:58:01 | INFO     | ss_crawler | [crawler] Fetching : https://www.ss.com/lv/electronics/computers/completing-pc/ssd/
2026-07-06 13:58:03 | INFO     | ss_crawler | [ssd_scraper] Found 32 listings on page 1, 32 new
2026-07-06 13:58:03 | INFO     | ss_crawler | [crawler] Fetching : https://www.ss.com/msg/lv/electronics/computers/completing-pc/ssd/bdniph.html
2026-07-06 13:58:06 | INFO     | ss_crawler | [ssd_scraper] Matched bdniph: Samsung 870 QVO (100% confidence)
2026-07-06 13:58:06 | INFO     | ss_crawler | [ssd_scraper] 🔄 bdniph: Updated (content)
2026-07-06 13:58:06 | INFO     | ss_crawler | [crawler] Fetching : https://www.ss.com/msg/lv/electronics/computers/completing-pc/ssd/bdniph.html
2026-07-06 13:58:09 | INFO     | ss_crawler | [ssd_scraper] Matched bdniph: Samsung 870 QVO (100% confidence)
2026-07-06 13:58:09 | INFO     | ss_crawler | [ssd_scraper] 🔄 bdniph: Updated (content)
2026-07-06 13:58:09 | INFO     | ss_crawler | [crawler] Fetching : https://www.ss.com/msg/lv/electronics/computers/completing-pc/ssd/bdniph.html
2026-07-06 13:58:12 | INFO     | ss_crawler | [ssd_scraper] Matched bdniph: Samsung 870 QVO (100% confidence)
2026-07-06 13:58:12 | INFO     | ss_crawler | [ssd_scraper] 🔄 bdniph: Updated (content)
2026-07-06 13:58:12 | INFO     | ss_crawler | [crawler] Fetching : https://www.ss.com/msg/lv/electronics/computers/completing-pc/ssd/bbbffd.html
2026-07-06 13:58:14 | INFO     | ss_crawler | [ssd_scraper] Matched bbbffd: ADATA SX6000 (100% confidence)
2026-07-06 13:58:14 | INFO     | ss_crawler | [ssd_scraper] 🔄 bbbffd: Updated (content)
2026-07-06 13:58:14 | INFO     | ss_crawler | [crawler] Fetching : https://www.ss.com/msg/lv/electronics/computers/completing-pc/ssd/cgmdfx.html
2026-07-06 13:58:18 | INFO     | ss_crawler | [ssd_scraper] No match for cgmdfx: Intenso 512Gb Ssd disks piemērots klēpjdatoriem un
2026-07-06 13:58:18 | INFO     | ss_crawler | [ssd_scraper] ⏸️ cgmdfx: Unchanged
2026-07-06 13:58:18 | INFO     | ss_crawler | [crawler] Fetching : https://www.ss.com/msg/lv/electronics/computers/completing-pc/ssd/cgmgjm.html
2026-07-06 13:58:20 | INFO     | ss_crawler | [ssd_scraper] Matched cgmgjm: ADATA Legend 960/Max (100% confidence)
2026-07-06 13:58:20 | ERROR    | ss_crawler | [database] Database transaction failed: (psycopg2.errors.StringDataRightTruncation) value too long for type character varying(50)

[SQL: 
                        INSERT INTO listings (
                            listing_id, title, description, price_eur, seller_location,
                            listing_url, image_url, date_posted, category,
                            matched_ssd_id, ssd_confidence_score, ssd_match_method,
                            capacity_gb, content_hash, is_active
                        ) VALUES (
                            %(id)s, %(title)s, %(desc)s, %(price)s, %(location)s,
                            %(url)s, %(image)s, %(date)s, 'ssd',
                            %(ssd_id)s, %(confidence)s, %(method)s,
                            %(capacity)s, %(hash)s, true
                        )
                        ]
[parameters: {'id': 'cgmgjm', 'title': 'Pilnīgi jauns, neatpakots. Citos jautājumos zvanīt vai rakstīt wathapp.', 'desc': 'Pilnīgi jauns, neatpakots. Citos jautājumos zvanīt vai rakstīt wathapp.\nMarka: Adata\nModelis: Legend 960 max\nApjoms, Gb: 1000\nStāvoklis: jaun.\nCena: 130 €', 'price': 130.0, 'location': 'Krāslava un raj.', 'url': 'https://www.ss.com/msg/lv/electronics/computers/completing-pc/ssd/cgmgjm.html', 'image': 'https://i.ss.com/gallery/8/1517/379206/computers-completing-pc-ssd-75841134.800.jpg', 'date': datetime.datetime(2026, 7, 5, 14, 14), 'ssd_id': 72, 'confidence': 1.0, 'method': 'fuzzy+model_part+variant_exact+brand_match+capacity_exact', 'capacity': 1000, 'hash': '484bba38cba486b97830307b9b9721cf6604c7ba53fb9367fc53e954a5d030a6'}]
(Background on this error at: https://sqlalche.me/e/20/9h9h)
2026-07-06 13:58:20 | ERROR    | ss_crawler | [ssd_scraper] Error saving listing cgmgjm: (psycopg2.errors.StringDataRightTruncation) value too long for type character varying(50)

[SQL: 
                        INSERT INTO listings (
                            listing_id, title, description, price_eur, seller_location,
                            listing_url, image_url, date_posted, category,
                            matched_ssd_id, ssd_confidence_score, ssd_match_method,
                            capacity_gb, content_hash, is_active
                        ) VALUES (
                            %(id)s, %(title)s, %(desc)s, %(price)s, %(location)s,
                            %(url)s, %(image)s, %(date)s, 'ssd',
                            %(ssd_id)s, %(confidence)s, %(method)s,
                            %(capacity)s, %(hash)s, true
                        )
                        ]
[parameters: {'id': 'cgmgjm', 'title': 'Pilnīgi jauns, neatpakots. Citos jautājumos zvanīt vai rakstīt wathapp.', 'desc': 'Pilnīgi jauns, neatpakots. Citos jautājumos zvanīt vai rakstīt wathapp.\nMarka: Adata\nModelis: Legend 960 max\nApjoms, Gb: 1000\nStāvoklis: jaun.\nCena: 130 €', 'price': 130.0, 'location': 'Krāslava un raj.', 'url': 'https://www.ss.com/msg/lv/electronics/computers/completing-pc/ssd/cgmgjm.html', 'image': 'https://i.ss.com/gallery/8/1517/379206/computers-completing-pc-ssd-75841134.800.jpg', 'date': datetime.datetime(2026, 7, 5, 14, 14), 'ssd_id': 72, 'confidence': 1.0, 'method': 'fuzzy+model_part+variant_exact+brand_match+capacity_exact', 'capacity': 1000, 'hash': '484bba38cba486b97830307b9b9721cf6604c7ba53fb9367fc53e954a5d030a6'}]
(Background on this error at: https://sqlalche.me/e/20/9h9h)
2026-07-06 13:58:20 | INFO     | ss_crawler | [crawler] Fetching : https://www.ss.com/msg/lv/electronics/computers/completing-pc/ssd/cgmgjb.html
2026-07-06 13:58:23 | INFO     | ss_crawler | [ssd_scraper] Matched cgmgjb: Seagate FireCuda 530 (100% confidence)
2026-07-06 13:58:23 | INFO     | ss_crawler | [ssd_scraper] ✅ cgmgjb: New
2026-07-06 13:58:23 | INFO     | ss_crawler | [image_downloader] Downloaded image for cgmgjb (stored as cgmgjb_2cc7e0dd.jpg, 173393 bytes)
2026-07-06 13:58:23 | INFO     | ss_crawler | [ssd_scraper] Image saved locally: ssds\cgmgjb_2cc7e0dd.jpg
2026-07-06 13:58:23 | INFO     | ss_crawler | [ssd_scraper] Updated local_image_path in DB: True
2026-07-06 13:58:23 | INFO     | ss_crawler | [crawler] Fetching : https://www.ss.com/msg/lv/electronics/computers/completing-pc/ssd/ccpjxj.html
2026-07-06 13:58:27 | INFO     | ss_crawler | [ssd_scraper] Matched ccpjxj: Crucial P310 (100% confidence)
2026-07-06 13:58:27 | INFO     | ss_crawler | [ssd_scraper] 🔄 ccpjxj: Updated (price €300.00→€290.00, title, description)
2026-07-06 13:58:27 | INFO     | ss_crawler | [crawler] Fetching : https://www.ss.com/msg/lv/electronics/computers/completing-pc/ssd/bpnicm.html
2026-07-06 13:58:29 | INFO     | ss_crawler | [ssd_scraper] Matched bpnicm: Samsung 9100 Pro (100% confidence)
2026-07-06 13:58:29 | INFO     | ss_crawler | [ssd_scraper] 🔄 bpnicm: Updated (title, description)
2026-07-06 13:58:29 | INFO     | ss_crawler | [crawler] Fetching : https://www.ss.com/msg/lv/electronics/computers/completing-pc/ssd/cciped.html
2026-07-06 13:58:31 | INFO     | ss_crawler | [ssd_scraper] No match for cciped: SK hynix 1tb M. 2 2280 Pcie 3.0 x4, пробег 103 дня
2026-07-06 13:58:31 | INFO     | ss_crawler | [ssd_scraper] ✅ cciped: New
2026-07-06 13:58:31 | INFO     | ss_crawler | [image_downloader] Downloaded image for cciped (stored as cciped_4ae987b4.jpg, 114489 bytes)
2026-07-06 13:58:31 | INFO     | ss_crawler | [ssd_scraper] Image saved locally: ssds\cciped_4ae987b4.jpg
2026-07-06 13:58:31 | INFO     | ss_crawler | [ssd_scraper] Updated local_image_path in DB: True
2026-07-06 13:58:31 | INFO     | ss_crawler | [crawler] Fetching : https://www.ss.com/msg/lv/electronics/computers/completing-pc/ssd/bfgbdn.html
2026-07-06 13:58:33 | INFO     | ss_crawler | [ssd_scraper] Matched bfgbdn: Transcend SSD230S (100% confidence)
2026-07-06 13:58:33 | INFO     | ss_crawler | [ssd_scraper] ✅ bfgbdn: New
2026-07-06 13:58:33 | INFO     | ss_crawler | [image_downloader] Downloaded image for bfgbdn (stored as bfgbdn_3779f629.jpg, 135200 bytes)
2026-07-06 13:58:33 | INFO     | ss_crawler | [ssd_scraper] Image saved locally: ssds\bfgbdn_3779f629.jpg
2026-07-06 13:58:33 | INFO     | ss_crawler | [ssd_scraper] Updated local_image_path in DB: True
2026-07-06 13:58:33 | INFO     | ss_crawler | [crawler] Fetching : https://www.ss.com/msg/lv/electronics/computers/completing-pc/ssd/bomngi.html
2026-07-06 13:58:37 | INFO     | ss_crawler | [ssd_scraper] Matched bomngi: Kingston A400 (100% confidence)
2026-07-06 13:58:37 | INFO     | ss_crawler | [ssd_scraper] 🔄 bomngi: Updated (content)
2026-07-06 13:58:37 | INFO     | ss_crawler | [crawler] Fetching : https://www.ss.com/msg/lv/electronics/computers/completing-pc/ssd/cgmdgb.html
2026-07-06 13:58:40 | INFO     | ss_crawler | [ssd_scraper] Matched cgmdgb: Intel 660p (100% confidence)
2026-07-06 13:58:40 | INFO     | ss_crawler | [ssd_scraper] 🔄 cgmdgb: Updated (title, description)
2026-07-06 13:58:40 | INFO     | ss_crawler | [image_downloader] Downloaded image for cgmdgb (stored as cgmdgb_190863ee.jpg, 105678 bytes)
2026-07-06 13:58:40 | INFO     | ss_crawler | [ssd_scraper] Image saved locally: ssds\cgmdgb_190863ee.jpg
2026-07-06 13:58:40 | INFO     | ss_crawler | [ssd_scraper] Updated local_image_path in DB: True
2026-07-06 13:58:40 | INFO     | ss_crawler | [crawler] Fetching : https://www.ss.com/msg/lv/electronics/computers/completing-pc/ssd/cgknmp.html
2026-07-06 13:58:42 | INFO     | ss_crawler | [ssd_scraper] Matched cgknmp: Kingston NV3 (100% confidence)
2026-07-06 13:58:42 | INFO     | ss_crawler | [ssd_scraper] 🔄 cgknmp: Updated (content)
2026-07-06 13:58:42 | INFO     | ss_crawler | [crawler] Fetching : https://www.ss.com/msg/lv/electronics/computers/completing-pc/ssd/ccilhn.html
2026-07-06 13:58:44 | INFO     | ss_crawler | [ssd_scraper] Matched ccilhn: Kingston A400 (100% confidence)
2026-07-06 13:58:44 | INFO     | ss_crawler | [ssd_scraper] 🔄 ccilhn: Updated (content)
2026-07-06 13:58:44 | INFO     | ss_crawler | [crawler] Fetching : https://www.ss.com/msg/lv/electronics/computers/completing-pc/ssd/cckeii.html
2026-07-06 13:58:46 | INFO     | ss_crawler | [ssd_scraper] Matched cckeii: Samsung T9 (100% confidence)
2026-07-06 13:58:46 | INFO     | ss_crawler | [ssd_scraper] 🔄 cckeii: Updated (content)
2026-07-06 13:58:46 | INFO     | ss_crawler | [crawler] Fetching : https://www.ss.com/msg/lv/electronics/computers/completing-pc/ssd/mecfg.html
2026-07-06 13:58:48 | INFO     | ss_crawler | [ssd_scraper] Matched mecfg: Samsung T9 (100% confidence)
2026-07-06 13:58:48 | INFO     | ss_crawler | [ssd_scraper] 🔄 mecfg: Updated (content)
2026-07-06 13:58:48 | INFO     | ss_crawler | [crawler] Fetching : https://www.ss.com/msg/lv/electronics/computers/completing-pc/ssd/blcfpb.html
2026-07-06 13:58:51 | INFO     | ss_crawler | [ssd_scraper] Matched blcfpb: SanDisk Extreme PRO Port. V2 (100% confidence)
2026-07-06 13:58:51 | INFO     | ss_crawler | [ssd_scraper] 🔄 blcfpb: Updated (content)
2026-07-06 13:58:51 | INFO     | ss_crawler | [crawler] Fetching : https://www.ss.com/msg/lv/electronics/computers/completing-pc/ssd/bfhgkd.html
2026-07-06 13:58:52 | INFO     | ss_crawler | [ssd_scraper] Matched bfhgkd: WD Green (100% confidence)
2026-07-06 13:58:52 | INFO     | ss_crawler | [ssd_scraper] ✅ bfhgkd: New
2026-07-06 13:58:52 | INFO     | ss_crawler | [ssd_scraper] Image saved locally: ssds\bfhgkd_1106b939.jpg
2026-07-06 13:58:52 | INFO     | ss_crawler | [ssd_scraper] Updated local_image_path in DB: True
2026-07-06 13:58:52 | INFO     | ss_crawler | [crawler] Fetching : https://www.ss.com/msg/lv/electronics/computers/completing-pc/ssd/cdconp.html
2026-07-06 13:58:55 | INFO     | ss_crawler | [ssd_scraper] No match for cdconp: Pārdodu m. 2 Nvme Ssd uz 1Tb Xpg. Disks ir ideālā 
2026-07-06 13:58:55 | INFO     | ss_crawler | [ssd_scraper] ✅ cdconp: New
2026-07-06 13:58:55 | INFO     | ss_crawler | [ssd_scraper] Image saved locally: ssds\cdconp_4960fe10.jpg
2026-07-06 13:58:55 | INFO     | ss_crawler | [ssd_scraper] Updated local_image_path in DB: True
2026-07-06 13:58:55 | INFO     | ss_crawler | [crawler] Fetching : https://www.ss.com/msg/lv/electronics/computers/completing-pc/ssd/bhenxg.html
2026-07-06 13:58:58 | INFO     | ss_crawler | [ssd_scraper] Matched bhenxg: WD Green (100% confidence)
2026-07-06 13:58:58 | INFO     | ss_crawler | [ssd_scraper] ✅ bhenxg: New
2026-07-06 13:58:58 | INFO     | ss_crawler | [ssd_scraper] Image saved locally: ssds\bhenxg_198ed3c0.jpg
2026-07-06 13:58:58 | INFO     | ss_crawler | [ssd_scraper] Updated local_image_path in DB: True
2026-07-06 13:58:58 | INFO     | ss_crawler | [crawler] Fetching : https://www.ss.com/msg/lv/electronics/computers/completing-pc/ssd/bdieki.html
2026-07-06 13:59:01 | INFO     | ss_crawler | [ssd_scraper] Matched bdieki: Patriot P400 (100% confidence)
2026-07-06 13:59:01 | INFO     | ss_crawler | [ssd_scraper] ✅ bdieki: New
2026-07-06 13:59:01 | INFO     | ss_crawler | [ssd_scraper] Image saved locally: ssds\bdieki_7d63b08f.jpg
2026-07-06 13:59:01 | INFO     | ss_crawler | [ssd_scraper] Updated local_image_path in DB: True
2026-07-06 13:59:01 | INFO     | ss_crawler | [crawler] Fetching : https://www.ss.com/msg/lv/electronics/computers/completing-pc/ssd/bcnmoh.html
2026-07-06 13:59:04 | INFO     | ss_crawler | [ssd_scraper] Matched bcnmoh: Crucial T500 (100% confidence)
2026-07-06 13:59:04 | INFO     | ss_crawler | [ssd_scraper] 🔄 bcnmoh: Updated (content)
2026-07-06 13:59:04 | INFO     | ss_crawler | [crawler] Fetching : https://www.ss.com/msg/lv/electronics/computers/completing-pc/ssd/boeccm.html
2026-07-06 13:59:06 | INFO     | ss_crawler | [ssd_scraper] Matched boeccm: Kingston NV1 (100% confidence)
2026-07-06 13:59:06 | INFO     | ss_crawler | [ssd_scraper] 🔄 boeccm: Updated (content)
2026-07-06 13:59:06 | INFO     | ss_crawler | [crawler] Fetching : https://www.ss.com/msg/lv/electronics/computers/completing-pc/ssd/bdemlo.html
2026-07-06 13:59:09 | INFO     | ss_crawler | [ssd_scraper] No match for bdemlo: Продам малопользованый жёсткий диск. На 2Тb.
2026-07-06 13:59:09 | INFO     | ss_crawler | [ssd_scraper] ✅ bdemlo: New
2026-07-06 13:59:09 | INFO     | ss_crawler | [ssd_scraper] Image saved locally: ssds\bdemlo_57ec5ac4.jpg
2026-07-06 13:59:09 | INFO     | ss_crawler | [ssd_scraper] Updated local_image_path in DB: True
2026-07-06 13:59:09 | INFO     | ss_crawler | [crawler] Fetching : https://www.ss.com/msg/lv/electronics/computers/completing-pc/ssd/bopkkl.html
2026-07-06 13:59:11 | INFO     | ss_crawler | [ssd_scraper] Matched bopkkl: Intel 545s (100% confidence)
2026-07-06 13:59:11 | INFO     | ss_crawler | [ssd_scraper] ✅ bopkkl: New
2026-07-06 13:59:11 | INFO     | ss_crawler | [ssd_scraper] Image saved locally: ssds\bopkkl_65b0cc8d.jpg
2026-07-06 13:59:11 | INFO     | ss_crawler | [ssd_scraper] Updated local_image_path in DB: True
2026-07-06 13:59:11 | INFO     | ss_crawler | [crawler] Fetching : https://www.ss.com/msg/lv/electronics/computers/completing-pc/ssd/bedcbg.html
2026-07-06 13:59:14 | INFO     | ss_crawler | [ssd_scraper] Matched bedcbg: Kingston KC600 (100% confidence)
2026-07-06 13:59:14 | INFO     | ss_crawler | [ssd_scraper] ✅ bedcbg: New
2026-07-06 13:59:14 | INFO     | ss_crawler | [ssd_scraper] Image saved locally: ssds\bedcbg_05e9a6e0.jpg
2026-07-06 13:59:14 | INFO     | ss_crawler | [ssd_scraper] Updated local_image_path in DB: True
2026-07-06 13:59:14 | INFO     | ss_crawler | [crawler] Fetching : https://www.ss.com/msg/lv/electronics/computers/completing-pc/ssd/pbkpx.html
2026-07-06 13:59:18 | INFO     | ss_crawler | [ssd_scraper] Matched pbkpx: Intel 545s (100% confidence)
2026-07-06 13:59:18 | INFO     | ss_crawler | [ssd_scraper] ✅ pbkpx: New
2026-07-06 13:59:18 | INFO     | ss_crawler | [ssd_scraper] Image saved locally: ssds\pbkpx_fc822518.jpg
2026-07-06 13:59:18 | INFO     | ss_crawler | [ssd_scraper] Updated local_image_path in DB: True
2026-07-06 13:59:18 | INFO     | ss_crawler | [crawler] Fetching : https://www.ss.com/msg/lv/electronics/computers/completing-pc/ssd/boljmh.html
2026-07-06 13:59:21 | INFO     | ss_crawler | [ssd_scraper] Matched boljmh: Patriot P300 (100% confidence)
2026-07-06 13:59:21 | INFO     | ss_crawler | [ssd_scraper] 🔄 boljmh: Updated (content)
2026-07-06 13:59:21 | INFO     | ss_crawler | [crawler] Fetching : https://www.ss.com/msg/lv/electronics/computers/completing-pc/ssd/bebobc.html
2026-07-06 13:59:24 | INFO     | ss_crawler | [ssd_scraper] No match for bebobc: Продаём Ssd Intel 180Gb , в рабочем состоянии. Tes
2026-07-06 13:59:24 | INFO     | ss_crawler | [ssd_scraper] 🔄 bebobc: Updated (content)
2026-07-06 13:59:24 | INFO     | ss_crawler | [crawler] Fetching : https://www.ss.com/msg/lv/electronics/computers/completing-pc/ssd/bommeg.html
2026-07-06 13:59:26 | INFO     | ss_crawler | [ssd_scraper] Matched bommeg: Kingston NV2 (76% confidence)
2026-07-06 13:59:26 | INFO     | ss_crawler | [ssd_scraper] 🔄 bommeg: Updated (content)
2026-07-06 13:59:26 | INFO     | ss_crawler | [crawler] Fetching : https://www.ss.com/msg/lv/electronics/computers/completing-pc/ssd/cgmeko.html
2026-07-06 13:59:30 | INFO     | ss_crawler | [ssd_scraper] No match for cgmeko: Pārdodu kvalitatīvu Toshiba Ssd.
2026-07-06 13:59:30 | INFO     | ss_crawler | [ssd_scraper] ✅ cgmeko: New
2026-07-06 13:59:30 | INFO     | ss_crawler | [ssd_scraper] Image saved locally: ssds\cgmeko_ea810632.jpg
2026-07-06 13:59:30 | INFO     | ss_crawler | [ssd_scraper] Updated local_image_path in DB: True
2026-07-06 13:59:30 | INFO     | ss_crawler | [ssd_scraper] Next page URL: https://www.ss.com/lv/electronics/computers/completing-pc/ssd/page2.html
2026-07-06 13:59:30 | INFO     | ss_crawler | [ssd_scraper] Fetching page 2: https://www.ss.com/lv/electronics/computers/completing-pc/ssd/page2.html
2026-07-06 13:59:30 | INFO     | ss_crawler | [crawler] Fetching : https://www.ss.com/lv/electronics/computers/completing-pc/ssd/page2.html
2026-07-06 13:59:33 | INFO     | ss_crawler | [ssd_scraper] Found 28 listings on page 2, 28 new
2026-07-06 13:59:33 | INFO     | ss_crawler | [crawler] Fetching : https://www.ss.com/msg/lv/electronics/computers/completing-pc/ssd/cglick.html
2026-07-06 13:59:36 | INFO     | ss_crawler | [ssd_scraper] Matched cglick: Patriot P400 (100% confidence)
2026-07-06 13:59:36 | INFO     | ss_crawler | [ssd_scraper] 🔄 cglick: Updated (content)
2026-07-06 13:59:36 | INFO     | ss_crawler | [crawler] Fetching : https://www.ss.com/msg/lv/electronics/computers/completing-pc/ssd/cglick.html
2026-07-06 13:59:38 | INFO     | ss_crawler | [ssd_scraper] Matched cglick: Patriot P400 (100% confidence)
2026-07-06 13:59:38 | INFO     | ss_crawler | [ssd_scraper] 🔄 cglick: Updated (content)
2026-07-06 13:59:38 | INFO     | ss_crawler | [crawler] Fetching : https://www.ss.com/msg/lv/electronics/computers/completing-pc/ssd/cglick.html
2026-07-06 13:59:40 | INFO     | ss_crawler | [ssd_scraper] Matched cglick: Patriot P400 (100% confidence)
2026-07-06 13:59:40 | INFO     | ss_crawler | [ssd_scraper] 🔄 cglick: Updated (content)
2026-07-06 13:59:40 | INFO     | ss_crawler | [crawler] Fetching : https://www.ss.com/msg/lv/electronics/computers/completing-pc/ssd/cgjgfg.html
2026-07-06 13:59:43 | INFO     | ss_crawler | [ssd_scraper] No match for cgjgfg: Nopirku 25.gada decembrī, jauns ar ksenukai garant
2026-07-06 13:59:43 | INFO     | ss_crawler | [ssd_scraper] 🔄 cgjgfg: Updated (content)
2026-07-06 13:59:43 | INFO     | ss_crawler | [crawler] Fetching : https://www.ss.com/msg/lv/electronics/computers/completing-pc/ssd/cgljid.html
2026-07-06 13:59:46 | INFO     | ss_crawler | [ssd_scraper] No match for cgljid: Jauni nvme 256Gb Ssd diski komplektā ar pagarinātā
2026-07-06 13:59:46 | INFO     | ss_crawler | [ssd_scraper] 🔄 cgljid: Updated (content)
2026-07-06 13:59:46 | INFO     | ss_crawler | [crawler] Fetching : https://www.ss.com/msg/lv/electronics/computers/completing-pc/ssd/bompdg.html
2026-07-06 13:59:48 | INFO     | ss_crawler | [ssd_scraper] Matched bompdg: Kingston A400 (100% confidence)
2026-07-06 13:59:48 | INFO     | ss_crawler | [ssd_scraper] 🔄 bompdg: Updated (content)
2026-07-06 13:59:48 | INFO     | ss_crawler | [crawler] Fetching : https://www.ss.com/msg/lv/electronics/computers/completing-pc/ssd/bfhxex.html
2026-07-06 13:59:51 | INFO     | ss_crawler | [ssd_scraper] No match for bfhxex: Jauni nvme 256Gb Ssd diski komplektā ar pagarinātā
2026-07-06 13:59:51 | INFO     | ss_crawler | [ssd_scraper] 🔄 bfhxex: Updated (content)
2026-07-06 13:59:51 | INFO     | ss_crawler | [crawler] Fetching : https://www.ss.com/msg/lv/electronics/computers/completing-pc/ssd/bcghkx.html
2026-07-06 13:59:54 | INFO     | ss_crawler | [ssd_scraper] No match for bcghkx: Pārdodu lietotu Sata ssd 512gb
2026-07-06 13:59:54 | INFO     | ss_crawler | [ssd_scraper] ✅ bcghkx: New
2026-07-06 13:59:54 | INFO     | ss_crawler | [ssd_scraper] Image saved locally: ssds\bcghkx_f4cbfcd9.jpg
2026-07-06 13:59:54 | INFO     | ss_crawler | [ssd_scraper] Updated local_image_path in DB: True
2026-07-06 13:59:54 | INFO     | ss_crawler | [crawler] Fetching : https://www.ss.com/msg/lv/electronics/computers/completing-pc/ssd/bdkkjl.html
2026-07-06 13:59:56 | INFO     | ss_crawler | [ssd_scraper] Matched bdkkjl: Samsung 860 Pro (100% confidence)
2026-07-06 13:59:56 | INFO     | ss_crawler | [ssd_scraper] 🔄 bdkkjl: Updated (title, description, location, match)
2026-07-06 13:59:56 | INFO     | ss_crawler | [crawler] Fetching : https://www.ss.com/msg/lv/electronics/computers/completing-pc/ssd/lnido.html
2026-07-06 13:59:59 | INFO     | ss_crawler | [ssd_scraper] Matched lnido: Crucial MX500 (100% confidence)
2026-07-06 13:59:59 | INFO     | ss_crawler | [ssd_scraper] 🔄 lnido: Updated (title, description)
2026-07-06 13:59:59 | INFO     | ss_crawler | [crawler] Fetching : https://www.ss.com/msg/lv/electronics/computers/completing-pc/ssd/cgmebj.html
2026-07-06 14:00:02 | INFO     | ss_crawler | [ssd_scraper] No match for cgmebj: Keg60Zns512G kioxia eg6 512gb nvme pcie gen4x4 m. 
2026-07-06 14:00:02 | INFO     | ss_crawler | [ssd_scraper] 🔄 cgmebj: Updated (description)
2026-07-06 14:00:02 | INFO     | ss_crawler | [ssd_scraper] Image saved locally: ssds\cgmebj_de06f8ce.jpg
2026-07-06 14:00:02 | INFO     | ss_crawler | [ssd_scraper] Updated local_image_path in DB: True
2026-07-06 14:00:02 | INFO     | ss_crawler | [crawler] Fetching : https://www.ss.com/msg/lv/electronics/computers/completing-pc/ssd/bopkex.html
2026-07-06 14:00:04 | INFO     | ss_crawler | [ssd_scraper] Matched bopkex: WD SN850X (100% confidence)
2026-07-06 14:00:04 | INFO     | ss_crawler | [ssd_scraper] 🔄 bopkex: Updated (title, description)
2026-07-06 14:00:04 | INFO     | ss_crawler | [image_downloader] Downloaded image for bopkex (stored as bopkex_7c94da5b.jpg, 99715 bytes)
2026-07-06 14:00:04 | INFO     | ss_crawler | [ssd_scraper] Image saved locally: ssds\bopkex_7c94da5b.jpg
2026-07-06 14:00:04 | INFO     | ss_crawler | [ssd_scraper] Updated local_image_path in DB: True
2026-07-06 14:00:04 | INFO     | ss_crawler | [crawler] Fetching : https://www.ss.com/msg/lv/electronics/computers/completing-pc/ssd/cgmexh.html
2026-07-06 14:00:06 | INFO     | ss_crawler | [ssd_scraper] Matched cgmexh: Kingston XS1000 (100% confidence)
2026-07-06 14:00:06 | INFO     | ss_crawler | [ssd_scraper] 🔄 cgmexh: Updated (title, description)
2026-07-06 14:00:07 | INFO     | ss_crawler | [image_downloader] Downloaded image for cgmexh (stored as cgmexh_91dd48c9.jpg, 75136 bytes)
2026-07-06 14:00:07 | INFO     | ss_crawler | [ssd_scraper] Image saved locally: ssds\cgmexh_91dd48c9.jpg
2026-07-06 14:00:07 | INFO     | ss_crawler | [ssd_scraper] Updated local_image_path in DB: True
2026-07-06 14:00:07 | INFO     | ss_crawler | [crawler] Fetching : https://www.ss.com/msg/lv/electronics/computers/completing-pc/ssd/cgmexg.html
2026-07-06 14:00:09 | INFO     | ss_crawler | [ssd_scraper] Matched cgmexg: Intel 660p (100% confidence)
2026-07-06 14:00:09 | INFO     | ss_crawler | [ssd_scraper] 🔄 cgmexg: Updated (title, description)
2026-07-06 14:00:09 | INFO     | ss_crawler | [image_downloader] Downloaded image for cgmexg (stored as cgmexg_3a271b8a.jpg, 65203 bytes)
2026-07-06 14:00:09 | INFO     | ss_crawler | [ssd_scraper] Image saved locally: ssds\cgmexg_3a271b8a.jpg
2026-07-06 14:00:09 | INFO     | ss_crawler | [ssd_scraper] Updated local_image_path in DB: True
2026-07-06 14:00:09 | INFO     | ss_crawler | [crawler] Fetching : https://www.ss.com/msg/lv/electronics/computers/completing-pc/ssd/bcxhgl.html
2026-07-06 14:00:12 | INFO     | ss_crawler | [ssd_scraper] Matched bcxhgl: Kingston NV2 (100% confidence)
2026-07-06 14:00:12 | ERROR    | ss_crawler | [database] Database transaction failed: (psycopg2.errors.StringDataRightTruncation) value too long for type character varying(50)

[SQL: 
                        INSERT INTO listings (
                            listing_id, title, description, price_eur, seller_location,
                            listing_url, image_url, date_posted, category,
                            matched_ssd_id, ssd_confidence_score, ssd_match_method,
                            capacity_gb, content_hash, is_active
                        ) VALUES (
                            %(id)s, %(title)s, %(desc)s, %(price)s, %(location)s,
                            %(url)s, %(image)s, %(date)s, 'ssd',
                            %(ssd_id)s, %(confidence)s, %(method)s,
                            %(capacity)s, %(hash)s, true
                        )
                        ]
[parameters: {'id': 'bcxhgl', 'title': 'Kingston Nv2 2tb m. 2 ssd pcie 4.0, jauns', 'desc': 'Kingston Nv2 2tb m. 2 ssd pcie 4.0, jauns\nAtvērtā iepakojumā, izmantots 3 stundas, uz vietas iespējams pārbaudīt.\nMarka: Kingston\nModelis: Nv2\nApjoms, Gb: 2000\nStāvoklis: jaun.\nCena: 159 €', 'price': 159.0, 'location': 'Rīga', 'url': 'https://www.ss.com/msg/lv/electronics/computers/completing-pc/ssd/bcxhgl.html', 'image': 'https://i.ss.com/gallery/8/1513/378152/computers-completing-pc-ssd-75630201.800.jpg', 'date': datetime.datetime(2026, 6, 22, 21, 51), 'ssd_id': 859, 'confidence': 1.0, 'method': 'exact+model_part+nv2_match+brand_match+capacity_exact', 'capacity': 2000, 'hash': 'f6211f635c23cbd2651ff2171681891fc6f3b15ded5a088fe592bdceb30ccae6'}]
(Background on this error at: https://sqlalche.me/e/20/9h9h)
2026-07-06 14:00:12 | ERROR    | ss_crawler | [ssd_scraper] Error saving listing bcxhgl: (psycopg2.errors.StringDataRightTruncation) value too long for type character varying(50)

[SQL: 
                        INSERT INTO listings (
                            listing_id, title, description, price_eur, seller_location,
                            listing_url, image_url, date_posted, category,
                            matched_ssd_id, ssd_confidence_score, ssd_match_method,
                            capacity_gb, content_hash, is_active
                        ) VALUES (
                            %(id)s, %(title)s, %(desc)s, %(price)s, %(location)s,
                            %(url)s, %(image)s, %(date)s, 'ssd',
                            %(ssd_id)s, %(confidence)s, %(method)s,
                            %(capacity)s, %(hash)s, true
                        )
                        ]
[parameters: {'id': 'bcxhgl', 'title': 'Kingston Nv2 2tb m. 2 ssd pcie 4.0, jauns', 'desc': 'Kingston Nv2 2tb m. 2 ssd pcie 4.0, jauns\nAtvērtā iepakojumā, izmantots 3 stundas, uz vietas iespējams pārbaudīt.\nMarka: Kingston\nModelis: Nv2\nApjoms, Gb: 2000\nStāvoklis: jaun.\nCena: 159 €', 'price': 159.0, 'location': 'Rīga', 'url': 'https://www.ss.com/msg/lv/electronics/computers/completing-pc/ssd/bcxhgl.html', 'image': 'https://i.ss.com/gallery/8/1513/378152/computers-completing-pc-ssd-75630201.800.jpg', 'date': datetime.datetime(2026, 6, 22, 21, 51), 'ssd_id': 859, 'confidence': 1.0, 'method': 'exact+model_part+nv2_match+brand_match+capacity_exact', 'capacity': 2000, 'hash': 'f6211f635c23cbd2651ff2171681891fc6f3b15ded5a088fe592bdceb30ccae6'}]
(Background on this error at: https://sqlalche.me/e/20/9h9h)
2026-07-06 14:00:12 | INFO     | ss_crawler | [crawler] Fetching : https://www.ss.com/msg/lv/electronics/computers/completing-pc/ssd/cgkcie.html
2026-07-06 14:00:15 | INFO     | ss_crawler | [ssd_scraper] Matched cgkcie: Samsung 990 EVO (100% confidence)
2026-07-06 14:00:15 | INFO     | ss_crawler | [ssd_scraper] 🔄 cgkcie: Updated (title, description)
2026-07-06 14:00:15 | INFO     | ss_crawler | [crawler] Fetching : https://www.ss.com/msg/lv/electronics/computers/completing-pc/ssd/bdocnc.html
2026-07-06 14:00:18 | INFO     | ss_crawler | [ssd_scraper] No match for bdocnc: Ssd 60Gb В наличии 100шт
2026-07-06 14:00:18 | INFO     | ss_crawler | [ssd_scraper] 🔄 bdocnc: Updated (title, description, location)
2026-07-06 14:00:18 | INFO     | ss_crawler | [crawler] Fetching : https://www.ss.com/msg/lv/electronics/computers/completing-pc/ssd/cebeif.html
2026-07-06 14:00:19 | INFO     | ss_crawler | [ssd_scraper] Matched cebeif: WD Green (100% confidence)
2026-07-06 14:00:19 | INFO     | ss_crawler | [ssd_scraper] 🔄 cebeif: Updated (title, description, location, match)
2026-07-06 14:00:19 | INFO     | ss_crawler | [crawler] Fetching : https://www.ss.com/msg/lv/electronics/computers/completing-pc/ssd/bojmpj.html
2026-07-06 14:00:23 | INFO     | ss_crawler | [ssd_scraper] Matched bojmpj: Samsung 870 EVO (100% confidence)
2026-07-06 14:00:23 | INFO     | ss_crawler | [ssd_scraper] ✅ bojmpj: New
2026-07-06 14:00:23 | INFO     | ss_crawler | [image_downloader] Downloaded image for bojmpj (stored as bojmpj_c280d2d6.jpg, 99043 bytes)
2026-07-06 14:00:23 | INFO     | ss_crawler | [ssd_scraper] Image saved locally: ssds\bojmpj_c280d2d6.jpg
2026-07-06 14:00:23 | INFO     | ss_crawler | [ssd_scraper] Updated local_image_path in DB: True
2026-07-06 14:00:23 | INFO     | ss_crawler | [crawler] Fetching : https://www.ss.com/msg/lv/electronics/computers/completing-pc/ssd/cdjjgf.html
2026-07-06 14:00:25 | INFO     | ss_crawler | [ssd_scraper] No match for cdjjgf: Samsung 990 Pro 1Tb
2026-07-06 14:00:25 | INFO     | ss_crawler | [ssd_scraper] 🔄 cdjjgf: Updated (price €170.00→€160.00, title, description)
2026-07-06 14:00:25 | INFO     | ss_crawler | [image_downloader] Downloaded image for cdjjgf (stored as cdjjgf_55059fff.jpg, 189961 bytes)
2026-07-06 14:00:25 | INFO     | ss_crawler | [ssd_scraper] Image saved locally: ssds\cdjjgf_55059fff.jpg
2026-07-06 14:00:25 | INFO     | ss_crawler | [ssd_scraper] Updated local_image_path in DB: True
2026-07-06 14:00:25 | INFO     | ss_crawler | [crawler] Fetching : https://www.ss.com/msg/lv/electronics/computers/completing-pc/ssd/bgejjd.html
2026-07-06 14:00:27 | INFO     | ss_crawler | [ssd_scraper] Matched bgejjd: Intel 660p (100% confidence)
2026-07-06 14:00:27 | INFO     | ss_crawler | [ssd_scraper] ✅ bgejjd: New
2026-07-06 14:00:27 | INFO     | ss_crawler | [image_downloader] Downloaded image for bgejjd (stored as bgejjd_ca70993f.jpg, 56043 bytes)
2026-07-06 14:00:27 | INFO     | ss_crawler | [ssd_scraper] Image saved locally: ssds\bgejjd_ca70993f.jpg
2026-07-06 14:00:27 | INFO     | ss_crawler | [ssd_scraper] Updated local_image_path in DB: True
2026-07-06 14:00:27 | INFO     | ss_crawler | [crawler] Fetching : https://www.ss.com/msg/lv/electronics/computers/completing-pc/ssd/jlhcm.html
2026-07-06 14:00:30 | INFO     | ss_crawler | [ssd_scraper] No match for jlhcm: Intel 4tb pcie 3.1x4 ssd. Augstas izturības ssd di
2026-07-06 14:00:30 | INFO     | ss_crawler | [ssd_scraper] ✅ jlhcm: New
2026-07-06 14:00:30 | INFO     | ss_crawler | [image_downloader] Downloaded image for jlhcm (stored as jlhcm_eee0d661.jpg, 54870 bytes)
2026-07-06 14:00:30 | INFO     | ss_crawler | [ssd_scraper] Image saved locally: ssds\jlhcm_eee0d661.jpg
2026-07-06 14:00:30 | INFO     | ss_crawler | [ssd_scraper] Updated local_image_path in DB: True
2026-07-06 14:00:30 | INFO     | ss_crawler | [crawler] Fetching : https://www.ss.com/msg/lv/electronics/computers/completing-pc/ssd/cclppx.html
2026-07-06 14:00:32 | INFO     | ss_crawler | [ssd_scraper] Matched cclppx: Crucial P310 (100% confidence)
2026-07-06 14:00:32 | INFO     | ss_crawler | [ssd_scraper] ✅ cclppx: New
2026-07-06 14:00:32 | INFO     | ss_crawler | [image_downloader] Downloaded image for cclppx (stored as cclppx_21db49d8.jpg, 31739 bytes)
2026-07-06 14:00:32 | INFO     | ss_crawler | [ssd_scraper] Image saved locally: ssds\cclppx_21db49d8.jpg
2026-07-06 14:00:32 | INFO     | ss_crawler | [ssd_scraper] Updated local_image_path in DB: True
2026-07-06 14:00:32 | INFO     | ss_crawler | [crawler] Fetching : https://www.ss.com/msg/lv/electronics/computers/completing-pc/ssd/cdxmpx.html
2026-07-06 14:00:34 | INFO     | ss_crawler | [ssd_scraper] Matched cdxmpx: Samsung 9100 Pro (100% confidence)
2026-07-06 14:00:34 | INFO     | ss_crawler | [ssd_scraper] 🔄 cdxmpx: Updated (price €175.00→€190.00, title, description, location)
2026-07-06 14:00:34 | INFO     | ss_crawler | [image_downloader] Downloaded image for cdxmpx (stored as cdxmpx_07f28186.jpg, 68763 bytes)
2026-07-06 14:00:34 | INFO     | ss_crawler | [ssd_scraper] Image saved locally: ssds\cdxmpx_07f28186.jpg
2026-07-06 14:00:34 | INFO     | ss_crawler | [ssd_scraper] Updated local_image_path in DB: True
2026-07-06 14:00:34 | INFO     | ss_crawler | [crawler] Fetching : https://www.ss.com/msg/lv/electronics/computers/completing-pc/ssd/ccimol.html
2026-07-06 14:00:37 | INFO     | ss_crawler | [ssd_scraper] Matched ccimol: Crucial T710 (100% confidence)
2026-07-06 14:00:37 | INFO     | ss_crawler | [ssd_scraper] 🔄 ccimol: Updated (title, description, location)
2026-07-06 14:00:37 | INFO     | ss_crawler | [image_downloader] Downloaded image for ccimol (stored as ccimol_e62365fc.jpg, 104803 bytes)
2026-07-06 14:00:37 | INFO     | ss_crawler | [ssd_scraper] Image saved locally: ssds\ccimol_e62365fc.jpg
2026-07-06 14:00:37 | INFO     | ss_crawler | [ssd_scraper] Updated local_image_path in DB: True
2026-07-06 14:00:37 | INFO     | ss_crawler | [crawler] Fetching : https://www.ss.com/msg/lv/electronics/computers/completing-pc/ssd/bchdhb.html
2026-07-06 14:00:40 | INFO     | ss_crawler | [ssd_scraper] Matched bchdhb: Seagate FireCuda 540 (100% confidence)
2026-07-06 14:00:40 | INFO     | ss_crawler | [ssd_scraper] ✅ bchdhb: New
2026-07-06 14:00:40 | INFO     | ss_crawler | [image_downloader] Downloaded image for bchdhb (stored as bchdhb_9c4bbd94.jpg, 143930 bytes)
2026-07-06 14:00:40 | INFO     | ss_crawler | [ssd_scraper] Image saved locally: ssds\bchdhb_9c4bbd94.jpg
2026-07-06 14:00:40 | INFO     | ss_crawler | [ssd_scraper] Updated local_image_path in DB: True
2026-07-06 14:00:40 | INFO     | ss_crawler | [crawler] Fetching : https://www.ss.com/msg/lv/electronics/computers/completing-pc/ssd/mhngk.html
2026-07-06 14:00:43 | INFO     | ss_crawler | [ssd_scraper] Matched mhngk: Samsung T5 (100% confidence)
2026-07-06 14:00:43 | INFO     | ss_crawler | [ssd_scraper] 🔄 mhngk: Updated (title, description, location, match)
2026-07-06 14:00:43 | INFO     | ss_crawler | [crawler] Fetching : https://www.ss.com/msg/lv/electronics/computers/completing-pc/ssd/mdchk.html
2026-07-06 14:00:45 | INFO     | ss_crawler | [ssd_scraper] Matched mdchk: Samsung 9100 Pro (100% confidence)
2026-07-06 14:00:45 | INFO     | ss_crawler | [ssd_scraper] 🔄 mdchk: Updated (price €260.00→€270.00, title, description, location, match)
2026-07-06 14:00:45 | INFO     | ss_crawler | [image_downloader] Downloaded image for mdchk (stored as mdchk_ea81dda4.jpg, 43015 bytes)
2026-07-06 14:00:45 | INFO     | ss_crawler | [ssd_scraper] Image saved locally: ssds\mdchk_ea81dda4.jpg
2026-07-06 14:00:45 | INFO     | ss_crawler | [ssd_scraper] Updated local_image_path in DB: True
2026-07-06 14:00:45 | INFO     | ss_crawler | [ssd_scraper] Next page URL: https://www.ss.com/ru/electronics/computers/completing-pc/ssd/page2.html
2026-07-06 14:00:45 | INFO     | ss_crawler | [ssd_scraper] Fetching page 3: https://www.ss.com/ru/electronics/computers/completing-pc/ssd/page2.html
2026-07-06 14:00:45 | INFO     | ss_crawler | [crawler] Fetching : https://www.ss.com/ru/electronics/computers/completing-pc/ssd/page2.html
2026-07-06 14:00:47 | INFO     | ss_crawler | [ssd_scraper] Found 28 listings on page 3, 28 new
2026-07-06 14:00:47 | INFO     | ss_crawler | [crawler] Fetching : https://www.ss.com/msg/ru/electronics/computers/completing-pc/ssd/cglick.html
2026-07-06 14:00:49 | INFO     | ss_crawler | [ssd_scraper] Matched cglick: Patriot P400 (100% confidence)
2026-07-06 14:00:49 | INFO     | ss_crawler | [ssd_scraper] 🔄 cglick: Updated (description, location, match)
2026-07-06 14:00:49 | INFO     | ss_crawler | [crawler] Fetching : https://www.ss.com/msg/ru/electronics/computers/completing-pc/ssd/cglick.html
2026-07-06 14:00:51 | INFO     | ss_crawler | [ssd_scraper] Matched cglick: Patriot P400 (100% confidence)
2026-07-06 14:00:51 | INFO     | ss_crawler | [ssd_scraper] 🔄 cglick: Updated (content)
2026-07-06 14:00:51 | INFO     | ss_crawler | [crawler] Fetching : https://www.ss.com/msg/ru/electronics/computers/completing-pc/ssd/cglick.html
2026-07-06 14:00:53 | INFO     | ss_crawler | [ssd_scraper] Matched cglick: Patriot P400 (100% confidence)
2026-07-06 14:00:53 | INFO     | ss_crawler | [ssd_scraper] 🔄 cglick: Updated (content)
2026-07-06 14:00:53 | INFO     | ss_crawler | [crawler] Fetching : https://www.ss.com/msg/ru/electronics/computers/completing-pc/ssd/cgjgfg.html
2026-07-06 14:00:56 | INFO     | ss_crawler | [ssd_scraper] No match for cgjgfg: Nopirku 25.gada decembrī, jauns ar ksenukai garant
2026-07-06 14:00:56 | INFO     | ss_crawler | [ssd_scraper] 🔄 cgjgfg: Updated (description, location)
2026-07-06 14:00:56 | INFO     | ss_crawler | [crawler] Fetching : https://www.ss.com/msg/ru/electronics/computers/completing-pc/ssd/cgljid.html
2026-07-06 14:00:59 | INFO     | ss_crawler | [ssd_scraper] No match for cgljid: Jauni nvme 256Gb Ssd diski komplektā ar pagarinātā
2026-07-06 14:00:59 | INFO     | ss_crawler | [ssd_scraper] 🔄 cgljid: Updated (description, location)
2026-07-06 14:00:59 | INFO     | ss_crawler | [crawler] Fetching : https://www.ss.com/msg/ru/electronics/computers/completing-pc/ssd/bompdg.html
2026-07-06 14:01:02 | INFO     | ss_crawler | [ssd_scraper] Matched bompdg: Kingston NV1 (100% confidence)
2026-07-06 14:01:02 | INFO     | ss_crawler | [ssd_scraper] 🔄 bompdg: Updated (description, location, match)
2026-07-06 14:01:02 | INFO     | ss_crawler | [crawler] Fetching : https://www.ss.com/msg/ru/electronics/computers/completing-pc/ssd/bfhxex.html
2026-07-06 14:01:05 | INFO     | ss_crawler | [ssd_scraper] No match for bfhxex: Jauni nvme 256Gb Ssd diski komplektā ar pagarinātā
2026-07-06 14:01:05 | INFO     | ss_crawler | [ssd_scraper] 🔄 bfhxex: Updated (description, location)
2026-07-06 14:01:05 | INFO     | ss_crawler | [crawler] Fetching : https://www.ss.com/msg/ru/electronics/computers/completing-pc/ssd/bcghkx.html
2026-07-06 14:01:08 | INFO     | ss_crawler | [ssd_scraper] No match for bcghkx: Pārdodu lietotu Sata ssd 512gb
2026-07-06 14:01:08 | INFO     | ss_crawler | [ssd_scraper] 🔄 bcghkx: Updated (description, location)
2026-07-06 14:01:08 | INFO     | ss_crawler | [crawler] Fetching : https://www.ss.com/msg/ru/electronics/computers/completing-pc/ssd/bdkkjl.html
2026-07-06 14:01:11 | INFO     | ss_crawler | [ssd_scraper] Matched bdkkjl: Samsung T5 (100% confidence)
2026-07-06 14:01:11 | INFO     | ss_crawler | [ssd_scraper] 🔄 bdkkjl: Updated (description, location, match)
2026-07-06 14:01:11 | INFO     | ss_crawler | [crawler] Fetching : https://www.ss.com/msg/ru/electronics/computers/completing-pc/ssd/lnido.html
2026-07-06 14:01:13 | INFO     | ss_crawler | [ssd_scraper] Matched lnido: Crucial MX500 (100% confidence)
2026-07-06 14:01:13 | INFO     | ss_crawler | [ssd_scraper] 🔄 lnido: Updated (description, location, match)
2026-07-06 14:01:13 | INFO     | ss_crawler | [crawler] Fetching : https://www.ss.com/msg/ru/electronics/computers/completing-pc/ssd/cgmebj.html
2026-07-06 14:01:14 | INFO     | ss_crawler | [ssd_scraper] No match for cgmebj: Keg60Zns512G kioxia eg6 512gb nvme pcie gen4x4 m. 
2026-07-06 14:01:14 | INFO     | ss_crawler | [ssd_scraper] 🔄 cgmebj: Updated (description, location)
2026-07-06 14:01:14 | INFO     | ss_crawler | [crawler] Fetching : https://www.ss.com/msg/ru/electronics/computers/completing-pc/ssd/bopkex.html
2026-07-06 14:01:16 | INFO     | ss_crawler | [ssd_scraper] Matched bopkex: WD SN850X (100% confidence)
2026-07-06 14:01:16 | INFO     | ss_crawler | [ssd_scraper] 🔄 bopkex: Updated (description, location, match)
2026-07-06 14:01:16 | INFO     | ss_crawler | [crawler] Fetching : https://www.ss.com/msg/ru/electronics/computers/completing-pc/ssd/cgmexh.html
2026-07-06 14:01:18 | INFO     | ss_crawler | [ssd_scraper] Matched cgmexh: Kingston XS1000 (100% confidence)
2026-07-06 14:01:18 | INFO     | ss_crawler | [ssd_scraper] 🔄 cgmexh: Updated (description, location, match)
2026-07-06 14:01:18 | INFO     | ss_crawler | [crawler] Fetching : https://www.ss.com/msg/ru/electronics/computers/completing-pc/ssd/cgmexg.html
2026-07-06 14:01:21 | INFO     | ss_crawler | [ssd_scraper] Matched cgmexg: Intel 545s (97% confidence)
2026-07-06 14:01:21 | INFO     | ss_crawler | [ssd_scraper] 🔄 cgmexg: Updated (description, location, match)
2026-07-06 14:01:21 | INFO     | ss_crawler | [crawler] Fetching : https://www.ss.com/msg/ru/electronics/computers/completing-pc/ssd/bcxhgl.html
2026-07-06 14:01:24 | INFO     | ss_crawler | [ssd_scraper] Matched bcxhgl: Kingston NV2 (100% confidence)
2026-07-06 14:01:24 | INFO     | ss_crawler | [ssd_scraper] ✅ bcxhgl: New
2026-07-06 14:01:24 | INFO     | ss_crawler | [image_downloader] Downloaded image for bcxhgl (stored as bcxhgl_f6710791.jpg, 64695 bytes)
2026-07-06 14:01:24 | INFO     | ss_crawler | [ssd_scraper] Image saved locally: ssds\bcxhgl_f6710791.jpg
2026-07-06 14:01:24 | INFO     | ss_crawler | [ssd_scraper] Updated local_image_path in DB: True
2026-07-06 14:01:24 | INFO     | ss_crawler | [crawler] Fetching : https://www.ss.com/msg/ru/electronics/computers/completing-pc/ssd/cgkcie.html
2026-07-06 14:01:26 | INFO     | ss_crawler | [ssd_scraper] Matched cgkcie: Samsung 990 EVO (100% confidence)
2026-07-06 14:01:26 | INFO     | ss_crawler | [ssd_scraper] 🔄 cgkcie: Updated (description, location)
2026-07-06 14:01:26 | INFO     | ss_crawler | [crawler] Fetching : https://www.ss.com/msg/ru/electronics/computers/completing-pc/ssd/bdocnc.html
2026-07-06 14:01:29 | INFO     | ss_crawler | [ssd_scraper] Matched bdocnc: Kingston NV1 (100% confidence)
2026-07-06 14:01:29 | INFO     | ss_crawler | [ssd_scraper] 🔄 bdocnc: Updated (description, location, match)
2026-07-06 14:01:29 | INFO     | ss_crawler | [crawler] Fetching : https://www.ss.com/msg/ru/electronics/computers/completing-pc/ssd/cebeif.html
2026-07-06 14:01:31 | INFO     | ss_crawler | [ssd_scraper] Matched cebeif: WD Green (100% confidence)
2026-07-06 14:01:31 | INFO     | ss_crawler | [ssd_scraper] 🔄 cebeif: Updated (description, location, match)
2026-07-06 14:01:31 | INFO     | ss_crawler | [crawler] Fetching : https://www.ss.com/msg/ru/electronics/computers/completing-pc/ssd/bojmpj.html
2026-07-06 14:01:34 | INFO     | ss_crawler | [ssd_scraper] Matched bojmpj: Samsung 870 EVO (100% confidence)
2026-07-06 14:01:34 | INFO     | ss_crawler | [ssd_scraper] ⏸️ bojmpj: Unchanged
2026-07-06 14:01:34 | INFO     | ss_crawler | [crawler] Fetching : https://www.ss.com/msg/ru/electronics/computers/completing-pc/ssd/cdjjgf.html
2026-07-06 14:01:36 | INFO     | ss_crawler | [ssd_scraper] Matched cdjjgf: Samsung 990 Pro (100% confidence)
2026-07-06 14:01:36 | INFO     | ss_crawler | [ssd_scraper] 🔄 cdjjgf: Updated (description, location, match)
2026-07-06 14:01:36 | INFO     | ss_crawler | [crawler] Fetching : https://www.ss.com/msg/ru/electronics/computers/completing-pc/ssd/bgejjd.html
2026-07-06 14:01:39 | INFO     | ss_crawler | [ssd_scraper] Matched bgejjd: Intel 545s (97% confidence)
2026-07-06 14:01:39 | INFO     | ss_crawler | [ssd_scraper] ⏸️ bgejjd: Unchanged
2026-07-06 14:01:39 | INFO     | ss_crawler | [crawler] Fetching : https://www.ss.com/msg/ru/electronics/computers/completing-pc/ssd/jlhcm.html
2026-07-06 14:01:43 | INFO     | ss_crawler | [ssd_scraper] Matched jlhcm: Intel 545s (97% confidence)
2026-07-06 14:01:43 | INFO     | ss_crawler | [ssd_scraper] ⏸️ jlhcm: Unchanged
2026-07-06 14:01:43 | INFO     | ss_crawler | [crawler] Fetching : https://www.ss.com/msg/ru/electronics/computers/completing-pc/ssd/cclppx.html
2026-07-06 14:01:45 | INFO     | ss_crawler | [ssd_scraper] Matched cclppx: Crucial P310 (100% confidence)
2026-07-06 14:01:45 | INFO     | ss_crawler | [ssd_scraper] 🔄 cclppx: Updated (description, location, match)
2026-07-06 14:01:45 | INFO     | ss_crawler | [crawler] Fetching : https://www.ss.com/msg/ru/electronics/computers/completing-pc/ssd/cdxmpx.html
2026-07-06 14:01:47 | INFO     | ss_crawler | [ssd_scraper] Matched cdxmpx: Samsung 9100 Pro (100% confidence)
2026-07-06 14:01:47 | INFO     | ss_crawler | [ssd_scraper] 🔄 cdxmpx: Updated (description, location)
2026-07-06 14:01:47 | INFO     | ss_crawler | [crawler] Fetching : https://www.ss.com/msg/ru/electronics/computers/completing-pc/ssd/ccimol.html
2026-07-06 14:01:50 | INFO     | ss_crawler | [ssd_scraper] Matched ccimol: Crucial T710 (100% confidence)
2026-07-06 14:01:50 | INFO     | ss_crawler | [ssd_scraper] 🔄 ccimol: Updated (description, location)
2026-07-06 14:01:50 | INFO     | ss_crawler | [crawler] Fetching : https://www.ss.com/msg/ru/electronics/computers/completing-pc/ssd/bchdhb.html
2026-07-06 14:01:53 | INFO     | ss_crawler | [ssd_scraper] Matched bchdhb: Seagate FireCuda 540 (100% confidence)
2026-07-06 14:01:53 | INFO     | ss_crawler | [ssd_scraper] ⏸️ bchdhb: Unchanged
2026-07-06 14:01:53 | INFO     | ss_crawler | [crawler] Fetching : https://www.ss.com/msg/ru/electronics/computers/completing-pc/ssd/mhngk.html
2026-07-06 14:01:55 | INFO     | ss_crawler | [ssd_scraper] Matched mhngk: Samsung T5 (100% confidence)
2026-07-06 14:01:55 | INFO     | ss_crawler | [ssd_scraper] 🔄 mhngk: Updated (description, location)
2026-07-06 14:01:55 | INFO     | ss_crawler | [crawler] Fetching : https://www.ss.com/msg/ru/electronics/computers/completing-pc/ssd/mdchk.html
2026-07-06 14:01:58 | INFO     | ss_crawler | [ssd_scraper] Matched mdchk: Samsung 9100 Pro (100% confidence)
2026-07-06 14:01:58 | INFO     | ss_crawler | [ssd_scraper] 🔄 mdchk: Updated (description, location, match)
2026-07-06 14:01:58 | INFO     | ss_crawler | [ssd_scraper] Next page URL: https://www.ss.com/lv/electronics/computers/completing-pc/ssd/page2.html
2026-07-06 14:01:58 | INFO     | ss_crawler | [ssd_scraper] Fetching page 4: https://www.ss.com/lv/electronics/computers/completing-pc/ssd/page2.html
2026-07-06 14:01:58 | INFO     | ss_crawler | [crawler] Fetching : https://www.ss.com/lv/electronics/computers/completing-pc/ssd/page2.html
2026-07-06 14:02:01 | INFO     | ss_crawler | [ssd_scraper] Found 28 listings on page 4, 0 new
2026-07-06 14:02:01 | INFO     | ss_crawler | [ssd_scraper] Next page URL: https://www.ss.com/ru/electronics/computers/completing-pc/ssd/page2.html
2026-07-06 14:02:01 | INFO     | ss_crawler | [ssd_scraper] Fetching page 5: https://www.ss.com/ru/electronics/computers/completing-pc/ssd/page2.html
2026-07-06 14:02:01 | INFO     | ss_crawler | [crawler] Fetching : https://www.ss.com/ru/electronics/computers/completing-pc/ssd/page2.html
2026-07-06 14:02:04 | INFO     | ss_crawler | [ssd_scraper] Found 28 listings on page 5, 0 new
2026-07-06 14:02:04 | INFO     | ss_crawler | [ssd_scraper] Next page URL: https://www.ss.com/lv/electronics/computers/completing-pc/ssd/page2.html
2026-07-06 14:02:04 | INFO     | ss_crawler | [ssd_scraper] Reached max pages limit (5)
2026-07-06 14:02:04 | INFO     | ss_crawler | [ssd_scraper] SSD scraping complete. Stats: {'processed': 88, 'new': 19, 'updated': 62, 'unchanged': 5, 'failed': 0, 'matched': 69, 'skipped': 0}
